
> gyan-sagar@0.1.0 build
> next build

   Γû▓ Next.js 15.5.12
   - Environments: .env

   Creating an optimized production build ...
 Γ£ô Compiled successfully in 9.1s
   Linting and checking validity of types ...
node.exe :  Γ¿» 
ESLint: Error while 
loading rule 
'react/display-name': c
ontextOrFilename.getFil
ename is not a 
function Occurred 
while linting C:\Users\
D3ll\Desktop\lms\gyan-s
agar\app\(auth)\(routes
)\sign-in\[[...sign-in]
]\page.tsx
At line:1 char:1
+ & "C:\Program 
Files\nodejs/node.exe" 
"C:\Program 
Files\nodejs/node_mo 
...
+ ~~~~~~~~~~~~~~~~~~~~~
~~~~~~~~~~~~~~~~~~~~~~~
~~~~~~~~~~~~~~~~~~~~~~~
~~
    + CategoryInfo     
         : NotSpecifi  
  ed: ( Γ¿» ESLint:    
 Er...n-in]]\page.t    
sx:String) [], Rem    
oteException
    + FullyQualifiedEr 
   rorId : NativeComm  
  andError
 
   Collecting page data ...
Imported DB: {
  _originalClient: {
    _originalClient: {
      _originalClient: [Object],
      _middlewares: [Ln],
      _createPrismaPromise: [Function (anonymous)],
      '$extends': [Function: Ia],
      _extensions: [e],
      _previewFeatures: [Array],
      _clientVersion: '5.22.0',
      _activeProvider: 'mysql',
      _globalOmit: undefined,
      _tracingHelper: [Object],
      _errorFormat: 'minimal',
      _runtimeDataModel: [Object],
      _engineConfig: [Object],
      _accelerateEngineConfig: [Object],
      _engine: [_r],
      _requestHandler: [$n [RequestHandler]],
      _metrics: [Dt],
      _appliedParent: [Object]
    },
    _middlewares: Ln { _middlewares: [] },
    _createPrismaPromise: [Function (anonymous)],
    '$extends': [Function: Ia],
    _extensions: e { head: undefined },
    _previewFeatures: [ 'fullTextIndex', 'fullTextSearch' ],
    _clientVersion: '5.22.0',
    _activeProvider: 'mysql',
    _globalOmit: undefined,
    _tracingHelper: {
      isEnabled: [Function: isEnabled],
      getTraceParent: [Function: getTraceParent],
      createEngineSpan: [AsyncFunction: createEngineSpan],
      getActiveContext: [Function: getActiveContext],
      runInChildSpan: [Function: runInChildSpan]
    },
    _errorFormat: 'minimal',
    _runtimeDataModel: { models: [Object], enums: {}, types: {} },
    _engineConfig: {
      cwd: 'C:\\Users\\D3ll\\Desktop\\lms\\gyan-sagar\\prisma',
      dirname: 'C:\\Users\\D3ll\\Desktop\\lms\\gyan-sagar\\node_modules\\.prisma\\client',
      enableDebugLogs: false,
      allowTriggerPanic: undefined,
      datamodelPath: 'C:\\Users\\D3ll\\Desktop\\lms\\gyan-sagar\\node_modules\\.prisma\\client\\schema.prisma',
      prismaPath: 'C:\\Users\\D3ll\\Desktop\\lms\\gyan-sagar\\node_modules\\.prisma\\client\\query_engine-windows.dll.node',
      engineEndpoint: undefined,
      generator: [Object],
      showColors: false,
      logLevel: undefined,
      logQueries: undefined,
      env: [Object],
      flags: [],
      engineWasm: undefined,
      clientVersion: '5.22.0',
      engineVersion: '605197351a3c8bdd595af2d2a9bc3025bca48ea2',
      previewFeatures: [Array],
      activeProvider: 'mysql',
      inlineSchema: 'generator client {\n' +
        '  provider        = "prisma-client-js"\n' +
        '  previewFeatures = ["fullTextSearch", "fullTextIndex"]\n' +
        '}\n' +
        '\n' +
        'datasource db {\n' +
        '  provider = "mysql"\n' +
        '  url      = env("DATABASE_URL")\n' +
        '}\n' +
        '\n' +
        'model Attachment {\n' +
        '  id        String   @id @default(uuid())\n' +
        '  name      String\n' +
        '  url       String   @db.Text\n' +
        '  courseId  String\n' +
        '  createdAt DateTime @default(now())\n' +
        '  updatedAt DateTime @updatedAt\n' +
        '  course    Course   @relation(fields: [courseId], references: [id], onDelete: Cascade)\n' +
        '\n' +
        '  @@index([courseId])\n' +
        '}\n' +
        '\n' +
        'model Course {\n' +
        '  id          String    @id @default(uuid())\n' +
        '  userId      String\n' +
        '  title       String    @db.Text\n' +
        '  description String?   @db.Text\n' +
        '  imageUrl    String?   @db.Text\n' +
        '  price       Float?\n' +
        '  isPublished Boolean   @default(false)\n' +
        '  categoryId  String?\n' +
        '  createdAt   DateTime  @default(now())\n' +
        '  updatedAt   DateTime  @updatedAt\n' +
        '  category    Category? @relation(fields: [categoryId], references: [id])\n' +
        '\n' +
        '  attachments Attachment[]\n' +
        '  chapters    Chapter[]\n' +
        '  purchases   Purchase[]\n' +
        '\n' +
        '  @@index([categoryId])\n' +
        '  @@fulltext([title])\n' +
        '}\n' +
        '\n' +
        'model Category {\n' +
        '  id      String   @id @default(uuid())\n' +
        '  name    String   @unique\n' +
        '  courses Course[]\n' +
        '}\n' +
        '\n' +
        'model Chapter {\n' +
        '  id          String  @id @default(uuid())\n' +
        '  title       String\n' +
        '  description String? @db.Text\n' +
        '  videoUrl    String? @db.Text\n' +
        '  position    Int\n' +
        '  isPublished Boolean @default(false)\n' +
        '  isFree      Boolean @default(false)\n' +
        '\n' +
        '  muxData MuxData?\n' +
        '\n' +
        '  courseId String\n' +
        '  course   Course @relation(fields: [courseId], references: [id], onDelete: Cascade)\n' +
        '\n' +
        '  userProgress UserProgress[]\n' +
        '\n' +
        '  createdAt DateTime @default(now())\n' +
        '  updatedAt DateTime @updatedAt\n' +
        '\n' +
        '  @@index([courseId])\n' +
        '}\n' +
        '\n' +
        'model MuxData {\n' +
        '  id         String  @id @default(uuid())\n' +
        '  playbackId String?\n' +
        '  assetId    String\n' +
        '\n' +
        '  chapterId String  @unique\n' +
        '  chapter   Chapter @relation(fields: [chapterId], references: [id], onDelete: Cascade)\n' +
        '}\n' +
        '\n' +
        'model UserProgress {\n' +
        '  id     String @id @default(uuid())\n' +
        '  userId String\n' +
        '\n' +
        '  chapterId String\n' +
        '  chapter   Chapter @relation(fields: [chapterId], references: [id], onDelete: Cascade)\n' +
        '\n' +
        '  isCompleted Boolean @default(false)\n' +
        '\n' +
        '  createdAt DateTime @default(now())\n' +
        '  updatedAt DateTime @updatedAt\n' +
        '\n' +
        '  @@unique([userId, chapterId])\n' +
        '  @@index([chapterId])\n' +
        '}\n' +
        '\n' +
        'model Purchase {\n' +
        '  id     String @id @default(uuid())\n' +
        '  userId String\n' +
        '\n' +
        '  courseId String\n' +
        '  course   Course @relation(fields: [courseId], references: [id], onDelete: Cascade)\n' +
        '\n' +
        '  createdAt DateTime @default(now())\n' +
        '  updatedAt DateTime @updatedAt\n' +
        '\n' +
        '  @@unique([userId, courseId])\n' +
        '  @@index([courseId])\n' +
        '}\n' +
        '\n' +
        'model StripeCustomer {\n' +
        '  id               String @id @default(uuid())\n' +
        '  userId           String @unique\n' +
        '  stripeCustomerId String @unique\n' +
        '\n' +
        '  createdAt DateTime @default(now())\n' +
        '  updatedAt DateTime @updatedAt\n' +
        '}\n',
      overrideDatasources: {},
      inlineDatasources: [Object],
      inlineSchemaHash: '0fe19c0c764e3d996daf363c4a931cec27f01038326be91eb8bc02c4a2e75ca6',
      tracingHelper: [Object],
      transactionOptions: [Object],
      logEmitter: [EventEmitter],
      isBundled: undefined,
      adapter: undefined
    },
    _accelerateEngineConfig: {
      cwd: 'C:\\Users\\D3ll\\Desktop\\lms\\gyan-sagar\\prisma',
      dirname: 'C:\\Users\\D3ll\\Desktop\\lms\\gyan-sagar\\node_modules\\.prisma\\client',
      enableDebugLogs: false,
      allowTriggerPanic: undefined,
      datamodelPath: 'C:\\Users\\D3ll\\Desktop\\lms\\gyan-sagar\\node_modules\\.prisma\\client\\schema.prisma',
      prismaPath: undefined,
      engineEndpoint: undefined,
      generator: [Object],
      showColors: false,
      logLevel: undefined,
      logQueries: undefined,
      env: [Object],
      flags: [],
      engineWasm: undefined,
      clientVersion: '5.22.0',
      engineVersion: '605197351a3c8bdd595af2d2a9bc3025bca48ea2',
      previewFeatures: [Array],
      activeProvider: 'mysql',
      inlineSchema: 'generator client {\n' +
        '  provider        = "prisma-client-js"\n' +
        '  previewFeatures = ["fullTextSearch", "fullTextIndex"]\n' +
        '}\n' +
        '\n' +
        'datasource db {\n' +
        '  provider = "mysql"\n' +
        '  url      = env("DATABASE_URL")\n' +
        '}\n' +
        '\n' +
        'model Attachment {\n' +
        '  id        String   @id @default(uuid())\n' +
        '  name      String\n' +
        '  url       String   @db.Text\n' +
        '  courseId  String\n' +
        '  createdAt DateTime @default(now())\n' +
        '  updatedAt DateTime @updatedAt\n' +
        '  course    Course   @relation(fields: [courseId], references: [id], onDelete: Cascade)\n' +
        '\n' +
        '  @@index([courseId])\n' +
        '}\n' +
        '\n' +
        'model Course {\n' +
        '  id          String    @id @default(uuid())\n' +
        '  userId      String\n' +
        '  title       String    @db.Text\n' +
        '  description String?   @db.Text\n' +
        '  imageUrl    String?   @db.Text\n' +
        '  price       Float?\n' +
        '  isPublished Boolean   @default(false)\n' +
        '  categoryId  String?\n' +
        '  createdAt   DateTime  @default(now())\n' +
        '  updatedAt   DateTime  @updatedAt\n' +
        '  category    Category? @relation(fields: [categoryId], references: [id])\n' +
        '\n' +
        '  attachments Attachment[]\n' +
        '  chapters    Chapter[]\n' +
        '  purchases   Purchase[]\n' +
        '\n' +
        '  @@index([categoryId])\n' +
        '  @@fulltext([title])\n' +
        '}\n' +
        '\n' +
        'model Category {\n' +
        '  id      String   @id @default(uuid())\n' +
        '  name    String   @unique\n' +
        '  courses Course[]\n' +
        '}\n' +
        '\n' +
        'model Chapter {\n' +
        '  id          String  @id @default(uuid())\n' +
        '  title       String\n' +
        '  description String? @db.Text\n' +
        '  videoUrl    String? @db.Text\n' +
        '  position    Int\n' +
        '  isPublished Boolean @default(false)\n' +
        '  isFree      Boolean @default(false)\n' +
        '\n' +
        '  muxData MuxData?\n' +
        '\n' +
        '  courseId String\n' +
        '  course   Course @relation(fields: [courseId], references: [id], onDelete: Cascade)\n' +
        '\n' +
        '  userProgress UserProgress[]\n' +
        '\n' +
        '  createdAt DateTime @default(now())\n' +
        '  updatedAt DateTime @updatedAt\n' +
        '\n' +
        '  @@index([courseId])\n' +
        '}\n' +
        '\n' +
        'model MuxData {\n' +
        '  id         String  @id @default(uuid())\n' +
        '  playbackId String?\n' +
        '  assetId    String\n' +
        '\n' +
        '  chapterId String  @unique\n' +
        '  chapter   Chapter @relation(fields: [chapterId], references: [id], onDelete: Cascade)\n' +
        '}\n' +
        '\n' +
        'model UserProgress {\n' +
        '  id     String @id @default(uuid())\n' +
        '  userId String\n' +
        '\n' +
        '  chapterId String\n' +
        '  chapter   Chapter @relation(fields: [chapterId], references: [id], onDelete: Cascade)\n' +
        '\n' +
        '  isCompleted Boolean @default(false)\n' +
        '\n' +
        '  createdAt DateTime @default(now())\n' +
        '  updatedAt DateTime @updatedAt\n' +
        '\n' +
        '  @@unique([userId, chapterId])\n' +
        '  @@index([chapterId])\n' +
        '}\n' +
        '\n' +
        'model Purchase {\n' +
        '  id     String @id @default(uuid())\n' +
        '  userId String\n' +
        '\n' +
        '  courseId String\n' +
        '  course   Course @relation(fields: [courseId], references: [id], onDelete: Cascade)\n' +
        '\n' +
        '  createdAt DateTime @default(now())\n' +
        '  updatedAt DateTime @updatedAt\n' +
        '\n' +
        '  @@unique([userId, courseId])\n' +
        '  @@index([courseId])\n' +
        '}\n' +
        '\n' +
        'model StripeCustomer {\n' +
        '  id               String @id @default(uuid())\n' +
        '  userId           String @unique\n' +
        '  stripeCustomerId String @unique\n' +
        '\n' +
        '  createdAt DateTime @default(now())\n' +
        '  updatedAt DateTime @updatedAt\n' +
        '}\n',
      overrideDatasources: {},
      inlineDatasources: [Object],
      inlineSchemaHash: '0fe19c0c764e3d996daf363c4a931cec27f01038326be91eb8bc02c4a2e75ca6',
      tracingHelper: [Object],
      transactionOptions: [Object],
      logEmitter: [EventEmitter],
      isBundled: undefined,
      adapter: undefined,
      accelerateUtils: [Object]
    },
    _engine: _r {
      name: 'LibraryEngine',
      libraryLoader: [Object],
      config: [Object],
      libraryStarted: false,
      logQueries: false,
      logLevel: 'error',
      logEmitter: [EventEmitter],
      datamodel: 'generator client {\n' +
        '  provider        = "prisma-client-js"\n' +
        '  previewFeatures = ["fullTextSearch", "fullTextIndex"]\n' +
        '}\n' +
        '\n' +
        'datasource db {\n' +
        '  provider = "mysql"\n' +
        '  url      = env("DATABASE_URL")\n' +
        '}\n' +
        '\n' +
        'model Attachment {\n' +
        '  id        String   @id @default(uuid())\n' +
        '  name      String\n' +
        '  url       String   @db.Text\n' +
        '  courseId  String\n' +
        '  createdAt DateTime @default(now())\n' +
        '  updatedAt DateTime @updatedAt\n' +
        '  course    Course   @relation(fields: [courseId], references: [id], onDelete: Cascade)\n' +
        '\n' +
        '  @@index([courseId])\n' +
        '}\n' +
        '\n' +
        'model Course {\n' +
        '  id          String    @id @default(uuid())\n' +
        '  userId      String\n' +
        '  title       String    @db.Text\n' +
        '  description String?   @db.Text\n' +
        '  imageUrl    String?   @db.Text\n' +
        '  price       Float?\n' +
        '  isPublished Boolean   @default(false)\n' +
        '  categoryId  String?\n' +
        '  createdAt   DateTime  @default(now())\n' +
        '  updatedAt   DateTime  @updatedAt\n' +
        '  category    Category? @relation(fields: [categoryId], references: [id])\n' +
        '\n' +
        '  attachments Attachment[]\n' +
        '  chapters    Chapter[]\n' +
        '  purchases   Purchase[]\n' +
        '\n' +
        '  @@index([categoryId])\n' +
        '  @@fulltext([title])\n' +
        '}\n' +
        '\n' +
        'model Category {\n' +
        '  id      String   @id @default(uuid())\n' +
        '  name    String   @unique\n' +
        '  courses Course[]\n' +
        '}\n' +
        '\n' +
        'model Chapter {\n' +
        '  id          String  @id @default(uuid())\n' +
        '  title       String\n' +
        '  description String? @db.Text\n' +
        '  videoUrl    String? @db.Text\n' +
        '  position    Int\n' +
        '  isPublished Boolean @default(false)\n' +
        '  isFree      Boolean @default(false)\n' +
        '\n' +
        '  muxData MuxData?\n' +
        '\n' +
        '  courseId String\n' +
        '  course   Course @relation(fields: [courseId], references: [id], onDelete: Cascade)\n' +
        '\n' +
        '  userProgress UserProgress[]\n' +
        '\n' +
        '  createdAt DateTime @default(now())\n' +
        '  updatedAt DateTime @updatedAt\n' +
        '\n' +
        '  @@index([courseId])\n' +
        '}\n' +
        '\n' +
        'model MuxData {\n' +
        '  id         String  @id @default(uuid())\n' +
        '  playbackId String?\n' +
        '  assetId    String\n' +
        '\n' +
        '  chapterId String  @unique\n' +
        '  chapter   Chapter @relation(fields: [chapterId], references: [id], onDelete: Cascade)\n' +
        '}\n' +
        '\n' +
        'model UserProgress {\n' +
        '  id     String @id @default(uuid())\n' +
        '  userId String\n' +
        '\n' +
        '  chapterId String\n' +
        '  chapter   Chapter @relation(fields: [chapterId], references: [id], onDelete: Cascade)\n' +
        '\n' +
        '  isCompleted Boolean @default(false)\n' +
        '\n' +
        '  createdAt DateTime @default(now())\n' +
        '  updatedAt DateTime @updatedAt\n' +
        '\n' +
        '  @@unique([userId, chapterId])\n' +
        '  @@index([chapterId])\n' +
        '}\n' +
        '\n' +
        'model Purchase {\n' +
        '  id     String @id @default(uuid())\n' +
        '  userId String\n' +
        '\n' +
        '  courseId String\n' +
        '  course   Course @relation(fields: [courseId], references: [id], onDelete: Cascade)\n' +
        '\n' +
        '  createdAt DateTime @default(now())\n' +
        '  updatedAt DateTime @updatedAt\n' +
        '\n' +
        '  @@unique([userId, courseId])\n' +
        '  @@index([courseId])\n' +
        '}\n' +
        '\n' +
        'model StripeCustomer {\n' +
        '  id               String @id @default(uuid())\n' +
        '  userId           String @unique\n' +
        '  stripeCustomerId String @unique\n' +
        '\n' +
        '  createdAt DateTime @default(now())\n' +
        '  updatedAt DateTime @updatedAt\n' +
        '}\n',
      libraryInstantiationPromise: [Promise],
      binaryTarget: 'windows',
      library: [Object],
      QueryEngineConstructor: [Function: QueryEngine],
      engine: QueryEngine {},
      versionInfo: [Object]
    },
    _requestHandler: $n [RequestHandler] {
      logEmitter: [EventEmitter],
      client: [Object],
      dataloader: [Mn [DataLoader]]
    },
    _metrics: Dt { _engine: [_r] },
    _appliedParent: {
      _originalClient: [Object],
      _middlewares: [Ln],
      _createPrismaPromise: [Function (anonymous)],
      '$extends': [Function: Ia],
      _extensions: [e],
      _previewFeatures: [Array],
      _clientVersion: '5.22.0',
      _activeProvider: 'mysql',
      _globalOmit: undefined,
      _tracingHelper: [Object],
      _errorFormat: 'minimal',
      _runtimeDataModel: [Object],
      _engineConfig: [Object],
      _accelerateEngineConfig: [Object],
      _engine: [_r],
      _requestHandler: [$n [RequestHandler]],
      _metrics: [Dt],
      _appliedParent: [Object],
      attachment: [Object],
      course: [Object],
      category: [Object],
      chapter: [Object],
      muxData: [Object],
      userProgress: [Object],
      purchase: [Object],
      stripeCustomer: [Object],
      '$parent': [Object],
      Symbol(): [Object]
    }
  },
  _middlewares: Ln { _middlewares: [] },
  _createPrismaPromise: [Function (anonymous)],
  '$extends': [Function: Ia],
  _extensions: e { head: undefined },
  _previewFeatures: [ 'fullTextIndex', 'fullTextSearch' ],
  _clientVersion: '5.22.0',
  _activeProvider: 'mysql',
  _globalOmit: undefined,
  _tracingHelper: {
    isEnabled: [Function: isEnabled],
    getTraceParent: [Function: getTraceParent],
    createEngineSpan: [AsyncFunction: createEngineSpan],
    getActiveContext: [Function: getActiveContext],
    runInChildSpan: [Function: runInChildSpan]
  },
  _errorFormat: 'minimal',
  _runtimeDataModel: {
    models: {
      Attachment: [Object],
      Course: [Object],
      Category: [Object],
      Chapter: [Object],
      MuxData: [Object],
      UserProgress: [Object],
      Purchase: [Object],
      StripeCustomer: [Object]
    },
    enums: {},
    types: {}
  },
  _engineConfig: {
    cwd: 'C:\\Users\\D3ll\\Desktop\\lms\\gyan-sagar\\prisma',
    dirname: 'C:\\Users\\D3ll\\Desktop\\lms\\gyan-sagar\\node_modules\\.prisma\\client',
    enableDebugLogs: false,
    allowTriggerPanic: undefined,
    datamodelPath: 'C:\\Users\\D3ll\\Desktop\\lms\\gyan-sagar\\node_modules\\.prisma\\client\\schema.prisma',
    prismaPath: 'C:\\Users\\D3ll\\Desktop\\lms\\gyan-sagar\\node_modules\\.prisma\\client\\query_engine-windows.dll.node',
    engineEndpoint: undefined,
    generator: {
      name: 'client',
      provider: [Object],
      output: [Object],
      config: [Object],
      binaryTargets: [Array],
      previewFeatures: [Array],
      sourceFilePath: 'C:\\Users\\D3ll\\Desktop\\lms\\gyan-sagar\\prisma\\schema.prisma'
    },
    showColors: false,
    logLevel: undefined,
    logQueries: undefined,
    env: {
      NEXT_PUBLIC_CLERK_PUBLISHABLE_KEY: 'pk_test_bGlrZWQtZWxrLTg1LmNsZXJrLmFjY291bnRzLmRldiQ',
      CLERK_SECRET_KEY: 'sk_test_ultvxD3VZaaiZZhcZGa7gIQRErJVgxoo4NQ5OdVM7F',
      NEXT_PUBLIC_CLERK_SIGN_IN_URL: '/sign-in',
      NEXT_PUBLIC_CLERK_SIGN_UP_URL: '/sign-up',
      NEXT_PUBLIC_CLERK_AFTER_SIGN_IN_URL: '/',
      NEXT_PUBLIC_CLERK_AFTER_SIGN_UP_URL: '/',
      DATABASE_URL: 'mysql://avnadmin:AVNS_2O68EmgcwNHXxovkJVN@mysql-30263920-lms-gyansagar.h.aivencloud.com:16725/defaultdb?ssl-mode=REQUIRED',
      UPLOADTHING_TOKEN: 'eyJhcGlLZXkiOiJza19saXZlX2YyN2QzYTNkMmNmYTZmMDJlMGFlMGQ4NjI0YTJhNzczOTFkZjYyMDhjNWVjZDExZDcxNjA4ZDRmYjQ2Mjg4MGIiLCJhcHBJZCI6Im16c2RseWd0OW8iLCJyZWdpb25zIjpbInNlYTEiXX0=',
      UPLOADTHING_APP_ID: 'mzsdlygt9o',
      MUX_TOKEN_ID: 'df1429d2-e6e9-4bbe-b23d-a2d6a67c6f88',
      MUX_TOKEN_SECRET: '4DVa83XVJyvyGJ4OFOBZT/6Hco41wHqAmjCTfAvGXHl2bYGrG6dOoLXG/XhrXOoMdSaIZlBSPHD',
      STRIPE_API_KEY: 'sk_test_51T6Swx4bZnZQBZ02JKJ8vzgXMupQXU0kXj7qIpurO9TIMO5BHdLvEo9lAnnYJfht3K43Hy0xn8XKqBJ8LCoIIH7800qk7oM0XV',
      NEXT_PUBLIC_APP_URL: 'http://localhost:3000',
      STRIPE_WEBHOOK_SECRET: 'whsec_a8957acf26da5a9214fc5f800ee7f29b8d8ab82f51ea79e915e6c164602de021',
      NEXT_PUBLIC_TEACHER_ID: 'user_39KOjd62mdu6MPId1N5UKPxwJev'
    },
    flags: [],
    engineWasm: undefined,
    clientVersion: '5.22.0',
    engineVersion: '605197351a3c8bdd595af2d2a9bc3025bca48ea2',
    previewFeatures: [ 'fullTextIndex', 'fullTextSearch' ],
    activeProvider: 'mysql',
    inlineSchema: 'generator client {\n' +
      '  provider        = "prisma-client-js"\n' +
      '  previewFeatures = ["fullTextSearch", "fullTextIndex"]\n' +
      '}\n' +
      '\n' +
      'datasource db {\n' +
      '  provider = "mysql"\n' +
      '  url      = env("DATABASE_URL")\n' +
      '}\n' +
      '\n' +
      'model Attachment {\n' +
      '  id        String   @id @default(uuid())\n' +
      '  name      String\n' +
      '  url       String   @db.Text\n' +
      '  courseId  String\n' +
      '  createdAt DateTime @default(now())\n' +
      '  updatedAt DateTime @updatedAt\n' +
      '  course    Course   @relation(fields: [courseId], references: [id], onDelete: Cascade)\n' +
      '\n' +
      '  @@index([courseId])\n' +
      '}\n' +
      '\n' +
      'model Course {\n' +
      '  id          String    @id @default(uuid())\n' +
      '  userId      String\n' +
      '  title       String    @db.Text\n' +
      '  description String?   @db.Text\n' +
      '  imageUrl    String?   @db.Text\n' +
      '  price       Float?\n' +
      '  isPublished Boolean   @default(false)\n' +
      '  categoryId  String?\n' +
      '  createdAt   DateTime  @default(now())\n' +
      '  updatedAt   DateTime  @updatedAt\n' +
      '  category    Category? @relation(fields: [categoryId], references: [id])\n' +
      '\n' +
      '  attachments Attachment[]\n' +
      '  chapters    Chapter[]\n' +
      '  purchases   Purchase[]\n' +
      '\n' +
      '  @@index([categoryId])\n' +
      '  @@fulltext([title])\n' +
      '}\n' +
      '\n' +
      'model Category {\n' +
      '  id      String   @id @default(uuid())\n' +
      '  name    String   @unique\n' +
      '  courses Course[]\n' +
      '}\n' +
      '\n' +
      'model Chapter {\n' +
      '  id          String  @id @default(uuid())\n' +
      '  title       String\n' +
      '  description String? @db.Text\n' +
      '  videoUrl    String? @db.Text\n' +
      '  position    Int\n' +
      '  isPublished Boolean @default(false)\n' +
      '  isFree      Boolean @default(false)\n' +
      '\n' +
      '  muxData MuxData?\n' +
      '\n' +
      '  courseId String\n' +
      '  course   Course @relation(fields: [courseId], references: [id], onDelete: Cascade)\n' +
      '\n' +
      '  userProgress UserProgress[]\n' +
      '\n' +
      '  createdAt DateTime @default(now())\n' +
      '  updatedAt DateTime @updatedAt\n' +
      '\n' +
      '  @@index([courseId])\n' +
      '}\n' +
      '\n' +
      'model MuxData {\n' +
      '  id         String  @id @default(uuid())\n' +
      '  playbackId String?\n' +
      '  assetId    String\n' +
      '\n' +
      '  chapterId String  @unique\n' +
      '  chapter   Chapter @relation(fields: [chapterId], references: [id], onDelete: Cascade)\n' +
      '}\n' +
      '\n' +
      'model UserProgress {\n' +
      '  id     String @id @default(uuid())\n' +
      '  userId String\n' +
      '\n' +
      '  chapterId String\n' +
      '  chapter   Chapter @relation(fields: [chapterId], references: [id], onDelete: Cascade)\n' +
      '\n' +
      '  isCompleted Boolean @default(false)\n' +
      '\n' +
      '  createdAt DateTime @default(now())\n' +
      '  updatedAt DateTime @updatedAt\n' +
      '\n' +
      '  @@unique([userId, chapterId])\n' +
      '  @@index([chapterId])\n' +
      '}\n' +
      '\n' +
      'model Purchase {\n' +
      '  id     String @id @default(uuid())\n' +
      '  userId String\n' +
      '\n' +
      '  courseId String\n' +
      '  course   Course @relation(fields: [courseId], references: [id], onDelete: Cascade)\n' +
      '\n' +
      '  createdAt DateTime @default(now())\n' +
      '  updatedAt DateTime @updatedAt\n' +
      '\n' +
      '  @@unique([userId, courseId])\n' +
      '  @@index([courseId])\n' +
      '}\n' +
      '\n' +
      'model StripeCustomer {\n' +
      '  id               String @id @default(uuid())\n' +
      '  userId           String @unique\n' +
      '  stripeCustomerId String @unique\n' +
      '\n' +
      '  createdAt DateTime @default(now())\n' +
      '  updatedAt DateTime @updatedAt\n' +
      '}\n',
    overrideDatasources: {},
    inlineDatasources: { db: [Object] },
    inlineSchemaHash: '0fe19c0c764e3d996daf363c4a931cec27f01038326be91eb8bc02c4a2e75ca6',
    tracingHelper: {
      isEnabled: [Function: isEnabled],
      getTraceParent: [Function: getTraceParent],
      createEngineSpan: [AsyncFunction: createEngineSpan],
      getActiveContext: [Function: getActiveContext],
      runInChildSpan: [Function: runInChildSpan]
    },
    transactionOptions: { maxWait: 2000, timeout: 5000, isolationLevel: undefined },
    logEmitter: EventEmitter {
      _events: [Object: null prototype],
      _eventsCount: 1,
      _maxListeners: undefined,
      Symbol(shapeMode): false,
      Symbol(kCapture): false
    },
    isBundled: undefined,
    adapter: undefined
  },
  _accelerateEngineConfig: {
    cwd: 'C:\\Users\\D3ll\\Desktop\\lms\\gyan-sagar\\prisma',
    dirname: 'C:\\Users\\D3ll\\Desktop\\lms\\gyan-sagar\\node_modules\\.prisma\\client',
    enableDebugLogs: false,
    allowTriggerPanic: undefined,
    datamodelPath: 'C:\\Users\\D3ll\\Desktop\\lms\\gyan-sagar\\node_modules\\.prisma\\client\\schema.prisma',
    prismaPath: undefined,
    engineEndpoint: undefined,
    generator: {
      name: 'client',
      provider: [Object],
      output: [Object],
      config: [Object],
      binaryTargets: [Array],
      previewFeatures: [Array],
      sourceFilePath: 'C:\\Users\\D3ll\\Desktop\\lms\\gyan-sagar\\prisma\\schema.prisma'
    },
    showColors: false,
    logLevel: undefined,
    logQueries: undefined,
    env: {
      NEXT_PUBLIC_CLERK_PUBLISHABLE_KEY: 'pk_test_bGlrZWQtZWxrLTg1LmNsZXJrLmFjY291bnRzLmRldiQ',
      CLERK_SECRET_KEY: 'sk_test_ultvxD3VZaaiZZhcZGa7gIQRErJVgxoo4NQ5OdVM7F',
      NEXT_PUBLIC_CLERK_SIGN_IN_URL: '/sign-in',
      NEXT_PUBLIC_CLERK_SIGN_UP_URL: '/sign-up',
      NEXT_PUBLIC_CLERK_AFTER_SIGN_IN_URL: '/',
      NEXT_PUBLIC_CLERK_AFTER_SIGN_UP_URL: '/',
      DATABASE_URL: 'mysql://avnadmin:AVNS_2O68EmgcwNHXxovkJVN@mysql-30263920-lms-gyansagar.h.aivencloud.com:16725/defaultdb?ssl-mode=REQUIRED',
      UPLOADTHING_TOKEN: 'eyJhcGlLZXkiOiJza19saXZlX2YyN2QzYTNkMmNmYTZmMDJlMGFlMGQ4NjI0YTJhNzczOTFkZjYyMDhjNWVjZDExZDcxNjA4ZDRmYjQ2Mjg4MGIiLCJhcHBJZCI6Im16c2RseWd0OW8iLCJyZWdpb25zIjpbInNlYTEiXX0=',
      UPLOADTHING_APP_ID: 'mzsdlygt9o',
      MUX_TOKEN_ID: 'df1429d2-e6e9-4bbe-b23d-a2d6a67c6f88',
      MUX_TOKEN_SECRET: '4DVa83XVJyvyGJ4OFOBZT/6Hco41wHqAmjCTfAvGXHl2bYGrG6dOoLXG/XhrXOoMdSaIZlBSPHD',
      STRIPE_API_KEY: 'sk_test_51T6Swx4bZnZQBZ02JKJ8vzgXMupQXU0kXj7qIpurO9TIMO5BHdLvEo9lAnnYJfht3K43Hy0xn8XKqBJ8LCoIIH7800qk7oM0XV',
      NEXT_PUBLIC_APP_URL: 'http://localhost:3000',
      STRIPE_WEBHOOK_SECRET: 'whsec_a8957acf26da5a9214fc5f800ee7f29b8d8ab82f51ea79e915e6c164602de021',
      NEXT_PUBLIC_TEACHER_ID: 'user_39KOjd62mdu6MPId1N5UKPxwJev'
    },
    flags: [],
    engineWasm: undefined,
    clientVersion: '5.22.0',
    engineVersion: '605197351a3c8bdd595af2d2a9bc3025bca48ea2',
    previewFeatures: [ 'fullTextIndex', 'fullTextSearch' ],
    activeProvider: 'mysql',
    inlineSchema: 'generator client {\n' +
      '  provider        = "prisma-client-js"\n' +
      '  previewFeatures = ["fullTextSearch", "fullTextIndex"]\n' +
      '}\n' +
      '\n' +
      'datasource db {\n' +
      '  provider = "mysql"\n' +
      '  url      = env("DATABASE_URL")\n' +
      '}\n' +
      '\n' +
      'model Attachment {\n' +
      '  id        String   @id @default(uuid())\n' +
      '  name      String\n' +
      '  url       String   @db.Text\n' +
      '  courseId  String\n' +
      '  createdAt DateTime @default(now())\n' +
      '  updatedAt DateTime @updatedAt\n' +
      '  course    Course   @relation(fields: [courseId], references: [id], onDelete: Cascade)\n' +
      '\n' +
      '  @@index([courseId])\n' +
      '}\n' +
      '\n' +
      'model Course {\n' +
      '  id          String    @id @default(uuid())\n' +
      '  userId      String\n' +
      '  title       String    @db.Text\n' +
      '  description String?   @db.Text\n' +
      '  imageUrl    String?   @db.Text\n' +
      '  price       Float?\n' +
      '  isPublished Boolean   @default(false)\n' +
      '  categoryId  String?\n' +
      '  createdAt   DateTime  @default(now())\n' +
      '  updatedAt   DateTime  @updatedAt\n' +
      '  category    Category? @relation(fields: [categoryId], references: [id])\n' +
      '\n' +
      '  attachments Attachment[]\n' +
      '  chapters    Chapter[]\n' +
      '  purchases   Purchase[]\n' +
      '\n' +
      '  @@index([categoryId])\n' +
      '  @@fulltext([title])\n' +
      '}\n' +
      '\n' +
      'model Category {\n' +
      '  id      String   @id @default(uuid())\n' +
      '  name    String   @unique\n' +
      '  courses Course[]\n' +
      '}\n' +
      '\n' +
      'model Chapter {\n' +
      '  id          String  @id @default(uuid())\n' +
      '  title       String\n' +
      '  description String? @db.Text\n' +
      '  videoUrl    String? @db.Text\n' +
      '  position    Int\n' +
      '  isPublished Boolean @default(false)\n' +
      '  isFree      Boolean @default(false)\n' +
      '\n' +
      '  muxData MuxData?\n' +
      '\n' +
      '  courseId String\n' +
      '  course   Course @relation(fields: [courseId], references: [id], onDelete: Cascade)\n' +
      '\n' +
      '  userProgress UserProgress[]\n' +
      '\n' +
      '  createdAt DateTime @default(now())\n' +
      '  updatedAt DateTime @updatedAt\n' +
      '\n' +
      '  @@index([courseId])\n' +
      '}\n' +
      '\n' +
      'model MuxData {\n' +
      '  id         String  @id @default(uuid())\n' +
      '  playbackId String?\n' +
      '  assetId    String\n' +
      '\n' +
      '  chapterId String  @unique\n' +
      '  chapter   Chapter @relation(fields: [chapterId], references: [id], onDelete: Cascade)\n' +
      '}\n' +
      '\n' +
      'model UserProgress {\n' +
      '  id     String @id @default(uuid())\n' +
      '  userId String\n' +
      '\n' +
      '  chapterId String\n' +
      '  chapter   Chapter @relation(fields: [chapterId], references: [id], onDelete: Cascade)\n' +
      '\n' +
      '  isCompleted Boolean @default(false)\n' +
      '\n' +
      '  createdAt DateTime @default(now())\n' +
      '  updatedAt DateTime @updatedAt\n' +
      '\n' +
      '  @@unique([userId, chapterId])\n' +
      '  @@index([chapterId])\n' +
      '}\n' +
      '\n' +
      'model Purchase {\n' +
      '  id     String @id @default(uuid())\n' +
      '  userId String\n' +
      '\n' +
      '  courseId String\n' +
      '  course   Course @relation(fields: [courseId], references: [id], onDelete: Cascade)\n' +
      '\n' +
      '  createdAt DateTime @default(now())\n' +
      '  updatedAt DateTime @updatedAt\n' +
      '\n' +
      '  @@unique([userId, courseId])\n' +
      '  @@index([courseId])\n' +
      '}\n' +
      '\n' +
      'model StripeCustomer {\n' +
      '  id               String @id @default(uuid())\n' +
      '  userId           String @unique\n' +
      '  stripeCustomerId String @unique\n' +
      '\n' +
      '  createdAt DateTime @default(now())\n' +
      '  updatedAt DateTime @updatedAt\n' +
      '}\n',
    overrideDatasources: {},
    inlineDatasources: { db: [Object] },
    inlineSchemaHash: '0fe19c0c764e3d996daf363c4a931cec27f01038326be91eb8bc02c4a2e75ca6',
    tracingHelper: {
      isEnabled: [Function: isEnabled],
      getTraceParent: [Function: getTraceParent],
      createEngineSpan: [AsyncFunction: createEngineSpan],
      getActiveContext: [Function: getActiveContext],
      runInChildSpan: [Function: runInChildSpan]
    },
    transactionOptions: { maxWait: 2000, timeout: 5000, isolationLevel: undefined },
    logEmitter: EventEmitter {
      _events: [Object: null prototype],
      _eventsCount: 1,
      _maxListeners: undefined,
      Symbol(shapeMode): false,
      Symbol(kCapture): false
    },
    isBundled: undefined,
    adapter: undefined,
    accelerateUtils: {
      resolveDatasourceUrl: [Function: Nt],
      getBatchRequestPayload: [Function: Ft],
      prismaGraphQLToJSError: [Function: st],
      PrismaClientUnknownRequestError: [class PrismaClientUnknownRequestError extends Error],
      PrismaClientInitializationError: [class PrismaClientInitializationError extends Error],
      PrismaClientKnownRequestError: [class PrismaClientKnownRequestError extends Error],
      debug: [Function: r],
      engineVersion: '5.22.0-44.605197351a3c8bdd595af2d2a9bc3025bca48ea2',
      clientVersion: '5.22.0'
    }
  },
  _engine: _r {
    name: 'LibraryEngine',
    libraryLoader: { loadLibrary: [AsyncFunction: loadLibrary] },
    config: {
      cwd: 'C:\\Users\\D3ll\\Desktop\\lms\\gyan-sagar\\prisma',
      dirname: 'C:\\Users\\D3ll\\Desktop\\lms\\gyan-sagar\\node_modules\\.prisma\\client',
      enableDebugLogs: false,
      allowTriggerPanic: undefined,
      datamodelPath: 'C:\\Users\\D3ll\\Desktop\\lms\\gyan-sagar\\node_modules\\.prisma\\client\\schema.prisma',
      prismaPath: 'C:\\Users\\D3ll\\Desktop\\lms\\gyan-sagar\\node_modules\\.prisma\\client\\query_engine-windows.dll.node',
      engineEndpoint: undefined,
      generator: [Object],
      showColors: false,
      logLevel: undefined,
      logQueries: undefined,
      env: [Object],
      flags: [],
      engineWasm: undefined,
      clientVersion: '5.22.0',
      engineVersion: '605197351a3c8bdd595af2d2a9bc3025bca48ea2',
      previewFeatures: [Array],
      activeProvider: 'mysql',
      inlineSchema: 'generator client {\n' +
        '  provider        = "prisma-client-js"\n' +
        '  previewFeatures = ["fullTextSearch", "fullTextIndex"]\n' +
        '}\n' +
        '\n' +
        'datasource db {\n' +
        '  provider = "mysql"\n' +
        '  url      = env("DATABASE_URL")\n' +
        '}\n' +
        '\n' +
        'model Attachment {\n' +
        '  id        String   @id @default(uuid())\n' +
        '  name      String\n' +
        '  url       String   @db.Text\n' +
        '  courseId  String\n' +
        '  createdAt DateTime @default(now())\n' +
        '  updatedAt DateTime @updatedAt\n' +
        '  course    Course   @relation(fields: [courseId], references: [id], onDelete: Cascade)\n' +
        '\n' +
        '  @@index([courseId])\n' +
        '}\n' +
        '\n' +
        'model Course {\n' +
        '  id          String    @id @default(uuid())\n' +
        '  userId      String\n' +
        '  title       String    @db.Text\n' +
        '  description String?   @db.Text\n' +
        '  imageUrl    String?   @db.Text\n' +
        '  price       Float?\n' +
        '  isPublished Boolean   @default(false)\n' +
        '  categoryId  String?\n' +
        '  createdAt   DateTime  @default(now())\n' +
        '  updatedAt   DateTime  @updatedAt\n' +
        '  category    Category? @relation(fields: [categoryId], references: [id])\n' +
        '\n' +
        '  attachments Attachment[]\n' +
        '  chapters    Chapter[]\n' +
        '  purchases   Purchase[]\n' +
        '\n' +
        '  @@index([categoryId])\n' +
        '  @@fulltext([title])\n' +
        '}\n' +
        '\n' +
        'model Category {\n' +
        '  id      String   @id @default(uuid())\n' +
        '  name    String   @unique\n' +
        '  courses Course[]\n' +
        '}\n' +
        '\n' +
        'model Chapter {\n' +
        '  id          String  @id @default(uuid())\n' +
        '  title       String\n' +
        '  description String? @db.Text\n' +
        '  videoUrl    String? @db.Text\n' +
        '  position    Int\n' +
        '  isPublished Boolean @default(false)\n' +
        '  isFree      Boolean @default(false)\n' +
        '\n' +
        '  muxData MuxData?\n' +
        '\n' +
        '  courseId String\n' +
        '  course   Course @relation(fields: [courseId], references: [id], onDelete: Cascade)\n' +
        '\n' +
        '  userProgress UserProgress[]\n' +
        '\n' +
        '  createdAt DateTime @default(now())\n' +
        '  updatedAt DateTime @updatedAt\n' +
        '\n' +
        '  @@index([courseId])\n' +
        '}\n' +
        '\n' +
        'model MuxData {\n' +
        '  id         String  @id @default(uuid())\n' +
        '  playbackId String?\n' +
        '  assetId    String\n' +
        '\n' +
        '  chapterId String  @unique\n' +
        '  chapter   Chapter @relation(fields: [chapterId], references: [id], onDelete: Cascade)\n' +
        '}\n' +
        '\n' +
        'model UserProgress {\n' +
        '  id     String @id @default(uuid())\n' +
        '  userId String\n' +
        '\n' +
        '  chapterId String\n' +
        '  chapter   Chapter @relation(fields: [chapterId], references: [id], onDelete: Cascade)\n' +
        '\n' +
        '  isCompleted Boolean @default(false)\n' +
        '\n' +
        '  createdAt DateTime @default(now())\n' +
        '  updatedAt DateTime @updatedAt\n' +
        '\n' +
        '  @@unique([userId, chapterId])\n' +
        '  @@index([chapterId])\n' +
        '}\n' +
        '\n' +
        'model Purchase {\n' +
        '  id     String @id @default(uuid())\n' +
        '  userId String\n' +
        '\n' +
        '  courseId String\n' +
        '  course   Course @relation(fields: [courseId], references: [id], onDelete: Cascade)\n' +
        '\n' +
        '  createdAt DateTime @default(now())\n' +
        '  updatedAt DateTime @updatedAt\n' +
        '\n' +
        '  @@unique([userId, courseId])\n' +
        '  @@index([courseId])\n' +
        '}\n' +
        '\n' +
        'model StripeCustomer {\n' +
        '  id               String @id @default(uuid())\n' +
        '  userId           String @unique\n' +
        '  stripeCustomerId String @unique\n' +
        '\n' +
        '  createdAt DateTime @default(now())\n' +
        '  updatedAt DateTime @updatedAt\n' +
        '}\n',
      overrideDatasources: {},
      inlineDatasources: [Object],
      inlineSchemaHash: '0fe19c0c764e3d996daf363c4a931cec27f01038326be91eb8bc02c4a2e75ca6',
      tracingHelper: [Object],
      transactionOptions: [Object],
      logEmitter: [EventEmitter],
      isBundled: undefined,
      adapter: undefined
    },
    libraryStarted: false,
    logQueries: false,
    logLevel: 'error',
    logEmitter: EventEmitter {
      _events: [Object: null prototype],
      _eventsCount: 1,
      _maxListeners: undefined,
      Symbol(shapeMode): false,
      Symbol(kCapture): false
    },
    datamodel: 'generator client {\n' +
      '  provider        = "prisma-client-js"\n' +
      '  previewFeatures = ["fullTextSearch", "fullTextIndex"]\n' +
      '}\n' +
      '\n' +
      'datasource db {\n' +
      '  provider = "mysql"\n' +
      '  url      = env("DATABASE_URL")\n' +
      '}\n' +
      '\n' +
      'model Attachment {\n' +
      '  id        String   @id @default(uuid())\n' +
      '  name      String\n' +
      '  url       String   @db.Text\n' +
      '  courseId  String\n' +
      '  createdAt DateTime @default(now())\n' +
      '  updatedAt DateTime @updatedAt\n' +
      '  course    Course   @relation(fields: [courseId], references: [id], onDelete: Cascade)\n' +
      '\n' +
      '  @@index([courseId])\n' +
      '}\n' +
      '\n' +
      'model Course {\n' +
      '  id          String    @id @default(uuid())\n' +
      '  userId      String\n' +
      '  title       String    @db.Text\n' +
      '  description String?   @db.Text\n' +
      '  imageUrl    String?   @db.Text\n' +
      '  price       Float?\n' +
      '  isPublished Boolean   @default(false)\n' +
      '  categoryId  String?\n' +
      '  createdAt   DateTime  @default(now())\n' +
      '  updatedAt   DateTime  @updatedAt\n' +
      '  category    Category? @relation(fields: [categoryId], references: [id])\n' +
      '\n' +
      '  attachments Attachment[]\n' +
      '  chapters    Chapter[]\n' +
      '  purchases   Purchase[]\n' +
      '\n' +
      '  @@index([categoryId])\n' +
      '  @@fulltext([title])\n' +
      '}\n' +
      '\n' +
      'model Category {\n' +
      '  id      String   @id @default(uuid())\n' +
      '  name    String   @unique\n' +
      '  courses Course[]\n' +
      '}\n' +
      '\n' +
      'model Chapter {\n' +
      '  id          String  @id @default(uuid())\n' +
      '  title       String\n' +
      '  description String? @db.Text\n' +
      '  videoUrl    String? @db.Text\n' +
      '  position    Int\n' +
      '  isPublished Boolean @default(false)\n' +
      '  isFree      Boolean @default(false)\n' +
      '\n' +
      '  muxData MuxData?\n' +
      '\n' +
      '  courseId String\n' +
      '  course   Course @relation(fields: [courseId], references: [id], onDelete: Cascade)\n' +
      '\n' +
      '  userProgress UserProgress[]\n' +
      '\n' +
      '  createdAt DateTime @default(now())\n' +
      '  updatedAt DateTime @updatedAt\n' +
      '\n' +
      '  @@index([courseId])\n' +
      '}\n' +
      '\n' +
      'model MuxData {\n' +
      '  id         String  @id @default(uuid())\n' +
      '  playbackId String?\n' +
      '  assetId    String\n' +
      '\n' +
      '  chapterId String  @unique\n' +
      '  chapter   Chapter @relation(fields: [chapterId], references: [id], onDelete: Cascade)\n' +
      '}\n' +
      '\n' +
      'model UserProgress {\n' +
      '  id     String @id @default(uuid())\n' +
      '  userId String\n' +
      '\n' +
      '  chapterId String\n' +
      '  chapter   Chapter @relation(fields: [chapterId], references: [id], onDelete: Cascade)\n' +
      '\n' +
      '  isCompleted Boolean @default(false)\n' +
      '\n' +
      '  createdAt DateTime @default(now())\n' +
      '  updatedAt DateTime @updatedAt\n' +
      '\n' +
      '  @@unique([userId, chapterId])\n' +
      '  @@index([chapterId])\n' +
      '}\n' +
      '\n' +
      'model Purchase {\n' +
      '  id     String @id @default(uuid())\n' +
      '  userId String\n' +
      '\n' +
      '  courseId String\n' +
      '  course   Course @relation(fields: [courseId], references: [id], onDelete: Cascade)\n' +
      '\n' +
      '  createdAt DateTime @default(now())\n' +
      '  updatedAt DateTime @updatedAt\n' +
      '\n' +
      '  @@unique([userId, courseId])\n' +
      '  @@index([courseId])\n' +
      '}\n' +
      '\n' +
      'model StripeCustomer {\n' +
      '  id               String @id @default(uuid())\n' +
      '  userId           String @unique\n' +
      '  stripeCustomerId String @unique\n' +
      '\n' +
      '  createdAt DateTime @default(now())\n' +
      '  updatedAt DateTime @updatedAt\n' +
      '}\n',
    libraryInstantiationPromise: Promise { undefined },
    binaryTarget: 'windows',
    library: {
      version: [Function: version],
      debugPanic: [Function: debugPanic],
      ColumnType: [Object],
      QueryEngine: [Function: QueryEngine]
    },
    QueryEngineConstructor: [Function: QueryEngine],
    engine: QueryEngine {},
    versionInfo: {
      commit: '605197351a3c8bdd595af2d2a9bc3025bca48ea2',
      version: '0.1.0'
    }
  },
  _requestHandler: <ref *1> $n [RequestHandler] {
    logEmitter: EventEmitter {
      _events: [Object: null prototype],
      _eventsCount: 1,
      _maxListeners: undefined,
      Symbol(shapeMode): false,
      Symbol(kCapture): false
    },
    client: {
      _originalClient: [Object],
      _middlewares: [Ln],
      _createPrismaPromise: [Function (anonymous)],
      '$extends': [Function: Ia],
      _extensions: [e],
      _previewFeatures: [Array],
      _clientVersion: '5.22.0',
      _activeProvider: 'mysql',
      _globalOmit: undefined,
      _tracingHelper: [Object],
      _errorFormat: 'minimal',
      _runtimeDataModel: [Object],
      _engineConfig: [Object],
      _accelerateEngineConfig: [Object],
      _engine: [_r],
      _requestHandler: [Circular *1],
      _metrics: [Dt],
      _appliedParent: [Object]
    },
    dataloader: Mn [DataLoader] {
      options: [Object],
      tickActive: false,
      batches: {}
    }
  },
  _metrics: Dt {
    _engine: _r {
      name: 'LibraryEngine',
      libraryLoader: [Object],
      config: [Object],
      libraryStarted: false,
      logQueries: false,
      logLevel: 'error',
      logEmitter: [EventEmitter],
      datamodel: 'generator client {\n' +
        '  provider        = "prisma-client-js"\n' +
        '  previewFeatures = ["fullTextSearch", "fullTextIndex"]\n' +
        '}\n' +
        '\n' +
        'datasource db {\n' +
        '  provider = "mysql"\n' +
        '  url      = env("DATABASE_URL")\n' +
        '}\n' +
        '\n' +
        'model Attachment {\n' +
        '  id        String   @id @default(uuid())\n' +
        '  name      String\n' +
        '  url       String   @db.Text\n' +
        '  courseId  String\n' +
        '  createdAt DateTime @default(now())\n' +
        '  updatedAt DateTime @updatedAt\n' +
        '  course    Course   @relation(fields: [courseId], references: [id], onDelete: Cascade)\n' +
        '\n' +
        '  @@index([courseId])\n' +
        '}\n' +
        '\n' +
        'model Course {\n' +
        '  id          String    @id @default(uuid())\n' +
        '  userId      String\n' +
        '  title       String    @db.Text\n' +
        '  description String?   @db.Text\n' +
        '  imageUrl    String?   @db.Text\n' +
        '  price       Float?\n' +
        '  isPublished Boolean   @default(false)\n' +
        '  categoryId  String?\n' +
        '  createdAt   DateTime  @default(now())\n' +
        '  updatedAt   DateTime  @updatedAt\n' +
        '  category    Category? @relation(fields: [categoryId], references: [id])\n' +
        '\n' +
        '  attachments Attachment[]\n' +
        '  chapters    Chapter[]\n' +
        '  purchases   Purchase[]\n' +
        '\n' +
        '  @@index([categoryId])\n' +
        '  @@fulltext([title])\n' +
        '}\n' +
        '\n' +
        'model Category {\n' +
        '  id      String   @id @default(uuid())\n' +
        '  name    String   @unique\n' +
        '  courses Course[]\n' +
        '}\n' +
        '\n' +
        'model Chapter {\n' +
        '  id          String  @id @default(uuid())\n' +
        '  title       String\n' +
        '  description String? @db.Text\n' +
        '  videoUrl    String? @db.Text\n' +
        '  position    Int\n' +
        '  isPublished Boolean @default(false)\n' +
        '  isFree      Boolean @default(false)\n' +
        '\n' +
        '  muxData MuxData?\n' +
        '\n' +
        '  courseId String\n' +
        '  course   Course @relation(fields: [courseId], references: [id], onDelete: Cascade)\n' +
        '\n' +
        '  userProgress UserProgress[]\n' +
        '\n' +
        '  createdAt DateTime @default(now())\n' +
        '  updatedAt DateTime @updatedAt\n' +
        '\n' +
        '  @@index([courseId])\n' +
        '}\n' +
        '\n' +
        'model MuxData {\n' +
        '  id         String  @id @default(uuid())\n' +
        '  playbackId String?\n' +
        '  assetId    String\n' +
        '\n' +
        '  chapterId String  @unique\n' +
        '  chapter   Chapter @relation(fields: [chapterId], references: [id], onDelete: Cascade)\n' +
        '}\n' +
        '\n' +
        'model UserProgress {\n' +
        '  id     String @id @default(uuid())\n' +
        '  userId String\n' +
        '\n' +
        '  chapterId String\n' +
        '  chapter   Chapter @relation(fields: [chapterId], references: [id], onDelete: Cascade)\n' +
        '\n' +
        '  isCompleted Boolean @default(false)\n' +
        '\n' +
        '  createdAt DateTime @default(now())\n' +
        '  updatedAt DateTime @updatedAt\n' +
        '\n' +
        '  @@unique([userId, chapterId])\n' +
        '  @@index([chapterId])\n' +
        '}\n' +
        '\n' +
        'model Purchase {\n' +
        '  id     String @id @default(uuid())\n' +
        '  userId String\n' +
        '\n' +
        '  courseId String\n' +
        '  course   Course @relation(fields: [courseId], references: [id], onDelete: Cascade)\n' +
        '\n' +
        '  createdAt DateTime @default(now())\n' +
        '  updatedAt DateTime @updatedAt\n' +
        '\n' +
        '  @@unique([userId, courseId])\n' +
        '  @@index([courseId])\n' +
        '}\n' +
        '\n' +
        'model StripeCustomer {\n' +
        '  id               String @id @default(uuid())\n' +
        '  userId           String @unique\n' +
        '  stripeCustomerId String @unique\n' +
        '\n' +
        '  createdAt DateTime @default(now())\n' +
        '  updatedAt DateTime @updatedAt\n' +
        '}\n',
      libraryInstantiationPromise: [Promise],
      binaryTarget: 'windows',
      library: [Object],
      QueryEngineConstructor: [Function: QueryEngine],
      engine: QueryEngine {},
      versionInfo: [Object]
    }
  },
  _appliedParent: {
    _originalClient: {
      _originalClient: [Object],
      _middlewares: [Ln],
      _createPrismaPromise: [Function (anonymous)],
      '$extends': [Function: Ia],
      _extensions: [e],
      _previewFeatures: [Array],
      _clientVersion: '5.22.0',
      _activeProvider: 'mysql',
      _globalOmit: undefined,
      _tracingHelper: [Object],
      _errorFormat: 'minimal',
      _runtimeDataModel: [Object],
      _engineConfig: [Object],
      _accelerateEngineConfig: [Object],
      _engine: [_r],
      _requestHandler: [$n [RequestHandler]],
      _metrics: [Dt],
      _appliedParent: [Object]
    },
    _middlewares: Ln { _middlewares: [] },
    _createPrismaPromise: [Function (anonymous)],
    '$extends': [Function: Ia],
    _extensions: e { head: undefined },
    _previewFeatures: [ 'fullTextIndex', 'fullTextSearch' ],
    _clientVersion: '5.22.0',
    _activeProvider: 'mysql',
    _globalOmit: undefined,
    _tracingHelper: {
      isEnabled: [Function: isEnabled],
      getTraceParent: [Function: getTraceParent],
      createEngineSpan: [AsyncFunction: createEngineSpan],
      getActiveContext: [Function: getActiveContext],
      runInChildSpan: [Function: runInChildSpan]
    },
    _errorFormat: 'minimal',
    _runtimeDataModel: { models: [Object], enums: {}, types: {} },
    _engineConfig: {
      cwd: 'C:\\Users\\D3ll\\Desktop\\lms\\gyan-sagar\\prisma',
      dirname: 'C:\\Users\\D3ll\\Desktop\\lms\\gyan-sagar\\node_modules\\.prisma\\client',
      enableDebugLogs: false,
      allowTriggerPanic: undefined,
      datamodelPath: 'C:\\Users\\D3ll\\Desktop\\lms\\gyan-sagar\\node_modules\\.prisma\\client\\schema.prisma',
      prismaPath: 'C:\\Users\\D3ll\\Desktop\\lms\\gyan-sagar\\node_modules\\.prisma\\client\\query_engine-windows.dll.node',
      engineEndpoint: undefined,
      generator: [Object],
      showColors: false,
      logLevel: undefined,
      logQueries: undefined,
      env: [Object],
      flags: [],
      engineWasm: undefined,
      clientVersion: '5.22.0',
      engineVersion: '605197351a3c8bdd595af2d2a9bc3025bca48ea2',
      previewFeatures: [Array],
      activeProvider: 'mysql',
      inlineSchema: 'generator client {\n' +
        '  provider        = "prisma-client-js"\n' +
        '  previewFeatures = ["fullTextSearch", "fullTextIndex"]\n' +
        '}\n' +
        '\n' +
        'datasource db {\n' +
        '  provider = "mysql"\n' +
        '  url      = env("DATABASE_URL")\n' +
        '}\n' +
        '\n' +
        'model Attachment {\n' +
        '  id        String   @id @default(uuid())\n' +
        '  name      String\n' +
        '  url       String   @db.Text\n' +
        '  courseId  String\n' +
        '  createdAt DateTime @default(now())\n' +
        '  updatedAt DateTime @updatedAt\n' +
        '  course    Course   @relation(fields: [courseId], references: [id], onDelete: Cascade)\n' +
        '\n' +
        '  @@index([courseId])\n' +
        '}\n' +
        '\n' +
        'model Course {\n' +
        '  id          String    @id @default(uuid())\n' +
        '  userId      String\n' +
        '  title       String    @db.Text\n' +
        '  description String?   @db.Text\n' +
        '  imageUrl    String?   @db.Text\n' +
        '  price       Float?\n' +
        '  isPublished Boolean   @default(false)\n' +
        '  categoryId  String?\n' +
        '  createdAt   DateTime  @default(now())\n' +
        '  updatedAt   DateTime  @updatedAt\n' +
        '  category    Category? @relation(fields: [categoryId], references: [id])\n' +
        '\n' +
        '  attachments Attachment[]\n' +
        '  chapters    Chapter[]\n' +
        '  purchases   Purchase[]\n' +
        '\n' +
        '  @@index([categoryId])\n' +
        '  @@fulltext([title])\n' +
        '}\n' +
        '\n' +
        'model Category {\n' +
        '  id      String   @id @default(uuid())\n' +
        '  name    String   @unique\n' +
        '  courses Course[]\n' +
        '}\n' +
        '\n' +
        'model Chapter {\n' +
        '  id          String  @id @default(uuid())\n' +
        '  title       String\n' +
        '  description String? @db.Text\n' +
        '  videoUrl    String? @db.Text\n' +
        '  position    Int\n' +
        '  isPublished Boolean @default(false)\n' +
        '  isFree      Boolean @default(false)\n' +
        '\n' +
        '  muxData MuxData?\n' +
        '\n' +
        '  courseId String\n' +
        '  course   Course @relation(fields: [courseId], references: [id], onDelete: Cascade)\n' +
        '\n' +
        '  userProgress UserProgress[]\n' +
        '\n' +
        '  createdAt DateTime @default(now())\n' +
        '  updatedAt DateTime @updatedAt\n' +
        '\n' +
        '  @@index([courseId])\n' +
        '}\n' +
        '\n' +
        'model MuxData {\n' +
        '  id         String  @id @default(uuid())\n' +
        '  playbackId String?\n' +
        '  assetId    String\n' +
        '\n' +
        '  chapterId String  @unique\n' +
        '  chapter   Chapter @relation(fields: [chapterId], references: [id], onDelete: Cascade)\n' +
        '}\n' +
        '\n' +
        'model UserProgress {\n' +
        '  id     String @id @default(uuid())\n' +
        '  userId String\n' +
        '\n' +
        '  chapterId String\n' +
        '  chapter   Chapter @relation(fields: [chapterId], references: [id], onDelete: Cascade)\n' +
        '\n' +
        '  isCompleted Boolean @default(false)\n' +
        '\n' +
        '  createdAt DateTime @default(now())\n' +
        '  updatedAt DateTime @updatedAt\n' +
        '\n' +
        '  @@unique([userId, chapterId])\n' +
        '  @@index([chapterId])\n' +
        '}\n' +
        '\n' +
        'model Purchase {\n' +
        '  id     String @id @default(uuid())\n' +
        '  userId String\n' +
        '\n' +
        '  courseId String\n' +
        '  course   Course @relation(fields: [courseId], references: [id], onDelete: Cascade)\n' +
        '\n' +
        '  createdAt DateTime @default(now())\n' +
        '  updatedAt DateTime @updatedAt\n' +
        '\n' +
        '  @@unique([userId, courseId])\n' +
        '  @@index([courseId])\n' +
        '}\n' +
        '\n' +
        'model StripeCustomer {\n' +
        '  id               String @id @default(uuid())\n' +
        '  userId           String @unique\n' +
        '  stripeCustomerId String @unique\n' +
        '\n' +
        '  createdAt DateTime @default(now())\n' +
        '  updatedAt DateTime @updatedAt\n' +
        '}\n',
      overrideDatasources: {},
      inlineDatasources: [Object],
      inlineSchemaHash: '0fe19c0c764e3d996daf363c4a931cec27f01038326be91eb8bc02c4a2e75ca6',
      tracingHelper: [Object],
      transactionOptions: [Object],
      logEmitter: [EventEmitter],
      isBundled: undefined,
      adapter: undefined
    },
    _accelerateEngineConfig: {
      cwd: 'C:\\Users\\D3ll\\Desktop\\lms\\gyan-sagar\\prisma',
      dirname: 'C:\\Users\\D3ll\\Desktop\\lms\\gyan-sagar\\node_modules\\.prisma\\client',
      enableDebugLogs: false,
      allowTriggerPanic: undefined,
      datamodelPath: 'C:\\Users\\D3ll\\Desktop\\lms\\gyan-sagar\\node_modules\\.prisma\\client\\schema.prisma',
      prismaPath: undefined,
      engineEndpoint: undefined,
      generator: [Object],
      showColors: false,
      logLevel: undefined,
      logQueries: undefined,
      env: [Object],
      flags: [],
      engineWasm: undefined,
      clientVersion: '5.22.0',
      engineVersion: '605197351a3c8bdd595af2d2a9bc3025bca48ea2',
      previewFeatures: [Array],
      activeProvider: 'mysql',
      inlineSchema: 'generator client {\n' +
        '  provider        = "prisma-client-js"\n' +
        '  previewFeatures = ["fullTextSearch", "fullTextIndex"]\n' +
        '}\n' +
        '\n' +
        'datasource db {\n' +
        '  provider = "mysql"\n' +
        '  url      = env("DATABASE_URL")\n' +
        '}\n' +
        '\n' +
        'model Attachment {\n' +
        '  id        String   @id @default(uuid())\n' +
        '  name      String\n' +
        '  url       String   @db.Text\n' +
        '  courseId  String\n' +
        '  createdAt DateTime @default(now())\n' +
        '  updatedAt DateTime @updatedAt\n' +
        '  course    Course   @relation(fields: [courseId], references: [id], onDelete: Cascade)\n' +
        '\n' +
        '  @@index([courseId])\n' +
        '}\n' +
        '\n' +
        'model Course {\n' +
        '  id          String    @id @default(uuid())\n' +
        '  userId      String\n' +
        '  title       String    @db.Text\n' +
        '  description String?   @db.Text\n' +
        '  imageUrl    String?   @db.Text\n' +
        '  price       Float?\n' +
        '  isPublished Boolean   @default(false)\n' +
        '  categoryId  String?\n' +
        '  createdAt   DateTime  @default(now())\n' +
        '  updatedAt   DateTime  @updatedAt\n' +
        '  category    Category? @relation(fields: [categoryId], references: [id])\n' +
        '\n' +
        '  attachments Attachment[]\n' +
        '  chapters    Chapter[]\n' +
        '  purchases   Purchase[]\n' +
        '\n' +
        '  @@index([categoryId])\n' +
        '  @@fulltext([title])\n' +
        '}\n' +
        '\n' +
        'model Category {\n' +
        '  id      String   @id @default(uuid())\n' +
        '  name    String   @unique\n' +
        '  courses Course[]\n' +
        '}\n' +
        '\n' +
        'model Chapter {\n' +
        '  id          String  @id @default(uuid())\n' +
        '  title       String\n' +
        '  description String? @db.Text\n' +
        '  videoUrl    String? @db.Text\n' +
        '  position    Int\n' +
        '  isPublished Boolean @default(false)\n' +
        '  isFree      Boolean @default(false)\n' +
        '\n' +
        '  muxData MuxData?\n' +
        '\n' +
        '  courseId String\n' +
        '  course   Course @relation(fields: [courseId], references: [id], onDelete: Cascade)\n' +
        '\n' +
        '  userProgress UserProgress[]\n' +
        '\n' +
        '  createdAt DateTime @default(now())\n' +
        '  updatedAt DateTime @updatedAt\n' +
        '\n' +
        '  @@index([courseId])\n' +
        '}\n' +
        '\n' +
        'model MuxData {\n' +
        '  id         String  @id @default(uuid())\n' +
        '  playbackId String?\n' +
        '  assetId    String\n' +
        '\n' +
        '  chapterId String  @unique\n' +
        '  chapter   Chapter @relation(fields: [chapterId], references: [id], onDelete: Cascade)\n' +
        '}\n' +
        '\n' +
        'model UserProgress {\n' +
        '  id     String @id @default(uuid())\n' +
        '  userId String\n' +
        '\n' +
        '  chapterId String\n' +
        '  chapter   Chapter @relation(fields: [chapterId], references: [id], onDelete: Cascade)\n' +
        '\n' +
        '  isCompleted Boolean @default(false)\n' +
        '\n' +
        '  createdAt DateTime @default(now())\n' +
        '  updatedAt DateTime @updatedAt\n' +
        '\n' +
        '  @@unique([userId, chapterId])\n' +
        '  @@index([chapterId])\n' +
        '}\n' +
        '\n' +
        'model Purchase {\n' +
        '  id     String @id @default(uuid())\n' +
        '  userId String\n' +
        '\n' +
        '  courseId String\n' +
        '  course   Course @relation(fields: [courseId], references: [id], onDelete: Cascade)\n' +
        '\n' +
        '  createdAt DateTime @default(now())\n' +
        '  updatedAt DateTime @updatedAt\n' +
        '\n' +
        '  @@unique([userId, courseId])\n' +
        '  @@index([courseId])\n' +
        '}\n' +
        '\n' +
        'model StripeCustomer {\n' +
        '  id               String @id @default(uuid())\n' +
        '  userId           String @unique\n' +
        '  stripeCustomerId String @unique\n' +
        '\n' +
        '  createdAt DateTime @default(now())\n' +
        '  updatedAt DateTime @updatedAt\n' +
        '}\n',
      overrideDatasources: {},
      inlineDatasources: [Object],
      inlineSchemaHash: '0fe19c0c764e3d996daf363c4a931cec27f01038326be91eb8bc02c4a2e75ca6',
      tracingHelper: [Object],
      transactionOptions: [Object],
      logEmitter: [EventEmitter],
      isBundled: undefined,
      adapter: undefined,
      accelerateUtils: [Object]
    },
    _engine: _r {
      name: 'LibraryEngine',
      libraryLoader: [Object],
      config: [Object],
      libraryStarted: false,
      logQueries: false,
      logLevel: 'error',
      logEmitter: [EventEmitter],
      datamodel: 'generator client {\n' +
        '  provider        = "prisma-client-js"\n' +
        '  previewFeatures = ["fullTextSearch", "fullTextIndex"]\n' +
        '}\n' +
        '\n' +
        'datasource db {\n' +
        '  provider = "mysql"\n' +
        '  url      = env("DATABASE_URL")\n' +
        '}\n' +
        '\n' +
        'model Attachment {\n' +
        '  id        String   @id @default(uuid())\n' +
        '  name      String\n' +
        '  url       String   @db.Text\n' +
        '  courseId  String\n' +
        '  createdAt DateTime @default(now())\n' +
        '  updatedAt DateTime @updatedAt\n' +
        '  course    Course   @relation(fields: [courseId], references: [id], onDelete: Cascade)\n' +
        '\n' +
        '  @@index([courseId])\n' +
        '}\n' +
        '\n' +
        'model Course {\n' +
        '  id          String    @id @default(uuid())\n' +
        '  userId      String\n' +
        '  title       String    @db.Text\n' +
        '  description String?   @db.Text\n' +
        '  imageUrl    String?   @db.Text\n' +
        '  price       Float?\n' +
        '  isPublished Boolean   @default(false)\n' +
        '  categoryId  String?\n' +
        '  createdAt   DateTime  @default(now())\n' +
        '  updatedAt   DateTime  @updatedAt\n' +
        '  category    Category? @relation(fields: [categoryId], references: [id])\n' +
        '\n' +
        '  attachments Attachment[]\n' +
        '  chapters    Chapter[]\n' +
        '  purchases   Purchase[]\n' +
        '\n' +
        '  @@index([categoryId])\n' +
        '  @@fulltext([title])\n' +
        '}\n' +
        '\n' +
        'model Category {\n' +
        '  id      String   @id @default(uuid())\n' +
        '  name    String   @unique\n' +
        '  courses Course[]\n' +
        '}\n' +
        '\n' +
        'model Chapter {\n' +
        '  id          String  @id @default(uuid())\n' +
        '  title       String\n' +
        '  description String? @db.Text\n' +
        '  videoUrl    String? @db.Text\n' +
        '  position    Int\n' +
        '  isPublished Boolean @default(false)\n' +
        '  isFree      Boolean @default(false)\n' +
        '\n' +
        '  muxData MuxData?\n' +
        '\n' +
        '  courseId String\n' +
        '  course   Course @relation(fields: [courseId], references: [id], onDelete: Cascade)\n' +
        '\n' +
        '  userProgress UserProgress[]\n' +
        '\n' +
        '  createdAt DateTime @default(now())\n' +
        '  updatedAt DateTime @updatedAt\n' +
        '\n' +
        '  @@index([courseId])\n' +
        '}\n' +
        '\n' +
        'model MuxData {\n' +
        '  id         String  @id @default(uuid())\n' +
        '  playbackId String?\n' +
        '  assetId    String\n' +
        '\n' +
        '  chapterId String  @unique\n' +
        '  chapter   Chapter @relation(fields: [chapterId], references: [id], onDelete: Cascade)\n' +
        '}\n' +
        '\n' +
        'model UserProgress {\n' +
        '  id     String @id @default(uuid())\n' +
        '  userId String\n' +
        '\n' +
        '  chapterId String\n' +
        '  chapter   Chapter @relation(fields: [chapterId], references: [id], onDelete: Cascade)\n' +
        '\n' +
        '  isCompleted Boolean @default(false)\n' +
        '\n' +
        '  createdAt DateTime @default(now())\n' +
        '  updatedAt DateTime @updatedAt\n' +
        '\n' +
        '  @@unique([userId, chapterId])\n' +
        '  @@index([chapterId])\n' +
        '}\n' +
        '\n' +
        'model Purchase {\n' +
        '  id     String @id @default(uuid())\n' +
        '  userId String\n' +
        '\n' +
        '  courseId String\n' +
        '  course   Course @relation(fields: [courseId], references: [id], onDelete: Cascade)\n' +
        '\n' +
        '  createdAt DateTime @default(now())\n' +
        '  updatedAt DateTime @updatedAt\n' +
        '\n' +
        '  @@unique([userId, courseId])\n' +
        '  @@index([courseId])\n' +
        '}\n' +
        '\n' +
        'model StripeCustomer {\n' +
        '  id               String @id @default(uuid())\n' +
        '  userId           String @unique\n' +
        '  stripeCustomerId String @unique\n' +
        '\n' +
        '  createdAt DateTime @default(now())\n' +
        '  updatedAt DateTime @updatedAt\n' +
        '}\n',
      libraryInstantiationPromise: [Promise],
      binaryTarget: 'windows',
      library: [Object],
      QueryEngineConstructor: [Function: QueryEngine],
      engine: QueryEngine {},
      versionInfo: [Object]
    },
    _requestHandler: <ref *1> $n [RequestHandler] {
      logEmitter: [EventEmitter],
      client: [Object],
      dataloader: [Mn [DataLoader]]
    },
    _metrics: Dt { _engine: [_r] },
    _appliedParent: {
      _originalClient: [Object],
      _middlewares: [Ln],
      _createPrismaPromise: [Function (anonymous)],
      '$extends': [Function: Ia],
      _extensions: [e],
      _previewFeatures: [Array],
      _clientVersion: '5.22.0',
      _activeProvider: 'mysql',
      _globalOmit: undefined,
      _tracingHelper: [Object],
      _errorFormat: 'minimal',
      _runtimeDataModel: [Object],
      _engineConfig: [Object],
      _accelerateEngineConfig: [Object],
      _engine: [_r],
      _requestHandler: [$n [RequestHandler]],
      _metrics: [Dt],
      _appliedParent: [Object],
      attachment: [Object],
      course: [Object],
      category: [Object],
      chapter: [Object],
      muxData: [Object],
      userProgress: [Object],
      purchase: [Object],
      stripeCustomer: [Object],
      '$parent': [Object],
      Symbol(): [Object]
    },
    attachment: {
      findUnique: [Function (anonymous)],
      findUniqueOrThrow: [Function (anonymous)],
      findFirst: [Function (anonymous)],
      findFirstOrThrow: [Function (anonymous)],
      findMany: [Function (anonymous)],
      create: [Function (anonymous)],
      createMany: [Function (anonymous)],
      createManyAndReturn: [Function (anonymous)],
      update: [Function (anonymous)],
      updateMany: [Function (anonymous)],
      upsert: [Function (anonymous)],
      delete: [Function (anonymous)],
      deleteMany: [Function (anonymous)],
      groupBy: [Function (anonymous)],
      count: [Function (anonymous)],
      aggregate: [Function (anonymous)],
      findRaw: [Function (anonymous)],
      aggregateRaw: [Function (anonymous)],
      fields: {},
      name: 'Attachment',
      '$name': 'Attachment',
      '$parent': [Object]
    },
    course: {
      findUnique: [Function (anonymous)],
      findUniqueOrThrow: [Function (anonymous)],
      findFirst: [Function (anonymous)],
      findFirstOrThrow: [Function (anonymous)],
      findMany: [Function (anonymous)],
      create: [Function (anonymous)],
      createMany: [Function (anonymous)],
      createManyAndReturn: [Function (anonymous)],
      update: [Function (anonymous)],
      updateMany: [Function (anonymous)],
      upsert: [Function (anonymous)],
      delete: [Function (anonymous)],
      deleteMany: [Function (anonymous)],
      groupBy: [Function (anonymous)],
      count: [Function (anonymous)],
      aggregate: [Function (anonymous)],
      findRaw: [Function (anonymous)],
      aggregateRaw: [Function (anonymous)],
      fields: {},
      name: 'Course',
      '$name': 'Course',
      '$parent': [Object]
    },
    category: {
      findUnique: [Function (anonymous)],
      findUniqueOrThrow: [Function (anonymous)],
      findFirst: [Function (anonymous)],
      findFirstOrThrow: [Function (anonymous)],
      findMany: [Function (anonymous)],
      create: [Function (anonymous)],
      createMany: [Function (anonymous)],
      createManyAndReturn: [Function (anonymous)],
      update: [Function (anonymous)],
      updateMany: [Function (anonymous)],
      upsert: [Function (anonymous)],
      delete: [Function (anonymous)],
      deleteMany: [Function (anonymous)],
      groupBy: [Function (anonymous)],
      count: [Function (anonymous)],
      aggregate: [Function (anonymous)],
      findRaw: [Function (anonymous)],
      aggregateRaw: [Function (anonymous)],
      fields: {},
      name: 'Category',
      '$name': 'Category',
      '$parent': [Object]
    },
    chapter: {
      findUnique: [Function (anonymous)],
      findUniqueOrThrow: [Function (anonymous)],
      findFirst: [Function (anonymous)],
      findFirstOrThrow: [Function (anonymous)],
      findMany: [Function (anonymous)],
      create: [Function (anonymous)],
      createMany: [Function (anonymous)],
      createManyAndReturn: [Function (anonymous)],
      update: [Function (anonymous)],
      updateMany: [Function (anonymous)],
      upsert: [Function (anonymous)],
      delete: [Function (anonymous)],
      deleteMany: [Function (anonymous)],
      groupBy: [Function (anonymous)],
      count: [Function (anonymous)],
      aggregate: [Function (anonymous)],
      findRaw: [Function (anonymous)],
      aggregateRaw: [Function (anonymous)],
      fields: {},
      name: 'Chapter',
      '$name': 'Chapter',
      '$parent': [Object]
    },
    muxData: {
      findUnique: [Function (anonymous)],
      findUniqueOrThrow: [Function (anonymous)],
      findFirst: [Function (anonymous)],
      findFirstOrThrow: [Function (anonymous)],
      findMany: [Function (anonymous)],
      create: [Function (anonymous)],
      createMany: [Function (anonymous)],
      createManyAndReturn: [Function (anonymous)],
      update: [Function (anonymous)],
      updateMany: [Function (anonymous)],
      upsert: [Function (anonymous)],
      delete: [Function (anonymous)],
      deleteMany: [Function (anonymous)],
      groupBy: [Function (anonymous)],
      count: [Function (anonymous)],
      aggregate: [Function (anonymous)],
      findRaw: [Function (anonymous)],
      aggregateRaw: [Function (anonymous)],
      fields: {},
      name: 'MuxData',
      '$name': 'MuxData',
      '$parent': [Object]
    },
    userProgress: {
      findUnique: [Function (anonymous)],
      findUniqueOrThrow: [Function (anonymous)],
      findFirst: [Function (anonymous)],
      findFirstOrThrow: [Function (anonymous)],
      findMany: [Function (anonymous)],
      create: [Function (anonymous)],
      createMany: [Function (anonymous)],
      createManyAndReturn: [Function (anonymous)],
      update: [Function (anonymous)],
      updateMany: [Function (anonymous)],
      upsert: [Function (anonymous)],
      delete: [Function (anonymous)],
      deleteMany: [Function (anonymous)],
      groupBy: [Function (anonymous)],
      count: [Function (anonymous)],
      aggregate: [Function (anonymous)],
      findRaw: [Function (anonymous)],
      aggregateRaw: [Function (anonymous)],
      fields: {},
      name: 'UserProgress',
      '$name': 'UserProgress',
      '$parent': [Object]
    },
    purchase: {
      findUnique: [Function (anonymous)],
      findUniqueOrThrow: [Function (anonymous)],
      findFirst: [Function (anonymous)],
      findFirstOrThrow: [Function (anonymous)],
      findMany: [Function (anonymous)],
      create: [Function (anonymous)],
      createMany: [Function (anonymous)],
      createManyAndReturn: [Function (anonymous)],
      update: [Function (anonymous)],
      updateMany: [Function (anonymous)],
      upsert: [Function (anonymous)],
      delete: [Function (anonymous)],
      deleteMany: [Function (anonymous)],
      groupBy: [Function (anonymous)],
      count: [Function (anonymous)],
      aggregate: [Function (anonymous)],
      findRaw: [Function (anonymous)],
      aggregateRaw: [Function (anonymous)],
      fields: {},
      name: 'Purchase',
      '$name': 'Purchase',
      '$parent': [Object]
    },
    stripeCustomer: {
      findUnique: [Function (anonymous)],
      findUniqueOrThrow: [Function (anonymous)],
      findFirst: [Function (anonymous)],
      findFirstOrThrow: [Function (anonymous)],
      findMany: [Function (anonymous)],
      create: [Function (anonymous)],
      createMany: [Function (anonymous)],
      createManyAndReturn: [Function (anonymous)],
      update: [Function (anonymous)],
      updateMany: [Function (anonymous)],
      upsert: [Function (anonymous)],
      delete: [Function (anonymous)],
      deleteMany: [Function (anonymous)],
      groupBy: [Function (anonymous)],
      count: [Function (anonymous)],
      aggregate: [Function (anonymous)],
      findRaw: [Function (anonymous)],
      aggregateRaw: [Function (anonymous)],
      fields: {},
      name: 'StripeCustomer',
      '$name': 'StripeCustomer',
      '$parent': [Object]
    },
    '$parent': {
      _originalClient: [Object],
      _middlewares: [Ln],
      _createPrismaPromise: [Function (anonymous)],
      '$extends': [Function: Ia],
      _extensions: [e],
      _previewFeatures: [Array],
      _clientVersion: '5.22.0',
      _activeProvider: 'mysql',
      _globalOmit: undefined,
      _tracingHelper: [Object],
      _errorFormat: 'minimal',
      _runtimeDataModel: [Object],
      _engineConfig: [Object],
      _accelerateEngineConfig: [Object],
      _engine: [_r],
      _requestHandler: [$n [RequestHandler]],
      _metrics: [Dt],
      _appliedParent: [Object],
      attachment: [Object],
      course: [Object],
      category: [Object],
      chapter: [Object],
      muxData: [Object],
      userProgress: [Object],
      purchase: [Object],
      stripeCustomer: [Object],
      '$parent': [Object],
      Symbol(): [Object]
    },
    Symbol(): {
      _originalClient: [Object],
      _middlewares: [Ln],
      _createPrismaPromise: [Function (anonymous)],
      '$extends': [Function: Ia],
      _extensions: [e],
      _previewFeatures: [Array],
      _clientVersion: '5.22.0',
      _activeProvider: 'mysql',
      _globalOmit: undefined,
      _tracingHelper: [Object],
      _errorFormat: 'minimal',
      _runtimeDataModel: [Object],
      _engineConfig: [Object],
      _accelerateEngineConfig: [Object],
      _engine: [_r],
      _requestHandler: [$n [RequestHandler]],
      _metrics: [Dt],
      _appliedParent: [Object]
    }
  },
  attachment: {
    findUnique: [Function (anonymous)],
    findUniqueOrThrow: [Function (anonymous)],
    findFirst: [Function (anonymous)],
    findFirstOrThrow: [Function (anonymous)],
    findMany: [Function (anonymous)],
    create: [Function (anonymous)],
    createMany: [Function (anonymous)],
    createManyAndReturn: [Function (anonymous)],
    update: [Function (anonymous)],
    updateMany: [Function (anonymous)],
    upsert: [Function (anonymous)],
    delete: [Function (anonymous)],
    deleteMany: [Function (anonymous)],
    groupBy: [Function (anonymous)],
    count: [Function (anonymous)],
    aggregate: [Function (anonymous)],
    findRaw: [Function (anonymous)],
    aggregateRaw: [Function (anonymous)],
    fields: {},
    name: 'Attachment',
    '$name': 'Attachment',
    '$parent': {
      _originalClient: [Object],
      _middlewares: [Ln],
      _createPrismaPromise: [Function (anonymous)],
      '$extends': [Function: Ia],
      _extensions: [e],
      _previewFeatures: [Array],
      _clientVersion: '5.22.0',
      _activeProvider: 'mysql',
      _globalOmit: undefined,
      _tracingHelper: [Object],
      _errorFormat: 'minimal',
      _runtimeDataModel: [Object],
      _engineConfig: [Object],
      _accelerateEngineConfig: [Object],
      _engine: [_r],
      _requestHandler: [$n [RequestHandler]],
      _metrics: [Dt],
      _appliedParent: [Object],
      attachment: [Object],
      course: [Object],
      category: [Object],
      chapter: [Object],
      muxData: [Object],
      userProgress: [Object],
      purchase: [Object],
      stripeCustomer: [Object],
      '$parent': [Object],
      Symbol(): [Object]
    }
  },
  course: {
    findUnique: [Function (anonymous)],
    findUniqueOrThrow: [Function (anonymous)],
    findFirst: [Function (anonymous)],
    findFirstOrThrow: [Function (anonymous)],
    findMany: [Function (anonymous)],
    create: [Function (anonymous)],
    createMany: [Function (anonymous)],
    createManyAndReturn: [Function (anonymous)],
    update: [Function (anonymous)],
    updateMany: [Function (anonymous)],
    upsert: [Function (anonymous)],
    delete: [Function (anonymous)],
    deleteMany: [Function (anonymous)],
    groupBy: [Function (anonymous)],
    count: [Function (anonymous)],
    aggregate: [Function (anonymous)],
    findRaw: [Function (anonymous)],
    aggregateRaw: [Function (anonymous)],
    fields: {},
    name: 'Course',
    '$name': 'Course',
    '$parent': {
      _originalClient: [Object],
      _middlewares: [Ln],
      _createPrismaPromise: [Function (anonymous)],
      '$extends': [Function: Ia],
      _extensions: [e],
      _previewFeatures: [Array],
      _clientVersion: '5.22.0',
      _activeProvider: 'mysql',
      _globalOmit: undefined,
      _tracingHelper: [Object],
      _errorFormat: 'minimal',
      _runtimeDataModel: [Object],
      _engineConfig: [Object],
      _accelerateEngineConfig: [Object],
      _engine: [_r],
      _requestHandler: [$n [RequestHandler]],
      _metrics: [Dt],
      _appliedParent: [Object],
      attachment: [Object],
      course: [Object],
      category: [Object],
      chapter: [Object],
      muxData: [Object],
      userProgress: [Object],
      purchase: [Object],
      stripeCustomer: [Object],
      '$parent': [Object],
      Symbol(): [Object]
    }
  },
  category: {
    findUnique: [Function (anonymous)],
    findUniqueOrThrow: [Function (anonymous)],
    findFirst: [Function (anonymous)],
    findFirstOrThrow: [Function (anonymous)],
    findMany: [Function (anonymous)],
    create: [Function (anonymous)],
    createMany: [Function (anonymous)],
    createManyAndReturn: [Function (anonymous)],
    update: [Function (anonymous)],
    updateMany: [Function (anonymous)],
    upsert: [Function (anonymous)],
    delete: [Function (anonymous)],
    deleteMany: [Function (anonymous)],
    groupBy: [Function (anonymous)],
    count: [Function (anonymous)],
    aggregate: [Function (anonymous)],
    findRaw: [Function (anonymous)],
    aggregateRaw: [Function (anonymous)],
    fields: {},
    name: 'Category',
    '$name': 'Category',
    '$parent': {
      _originalClient: [Object],
      _middlewares: [Ln],
      _createPrismaPromise: [Function (anonymous)],
      '$extends': [Function: Ia],
      _extensions: [e],
      _previewFeatures: [Array],
      _clientVersion: '5.22.0',
      _activeProvider: 'mysql',
      _globalOmit: undefined,
      _tracingHelper: [Object],
      _errorFormat: 'minimal',
      _runtimeDataModel: [Object],
      _engineConfig: [Object],
      _accelerateEngineConfig: [Object],
      _engine: [_r],
      _requestHandler: [$n [RequestHandler]],
      _metrics: [Dt],
      _appliedParent: [Object],
      attachment: [Object],
      course: [Object],
      category: [Object],
      chapter: [Object],
      muxData: [Object],
      userProgress: [Object],
      purchase: [Object],
      stripeCustomer: [Object],
      '$parent': [Object],
      Symbol(): [Object]
    }
  },
  chapter: {
    findUnique: [Function (anonymous)],
    findUniqueOrThrow: [Function (anonymous)],
    findFirst: [Function (anonymous)],
    findFirstOrThrow: [Function (anonymous)],
    findMany: [Function (anonymous)],
    create: [Function (anonymous)],
    createMany: [Function (anonymous)],
    createManyAndReturn: [Function (anonymous)],
    update: [Function (anonymous)],
    updateMany: [Function (anonymous)],
    upsert: [Function (anonymous)],
    delete: [Function (anonymous)],
    deleteMany: [Function (anonymous)],
    groupBy: [Function (anonymous)],
    count: [Function (anonymous)],
    aggregate: [Function (anonymous)],
    findRaw: [Function (anonymous)],
    aggregateRaw: [Function (anonymous)],
    fields: {},
    name: 'Chapter',
    '$name': 'Chapter',
    '$parent': {
      _originalClient: [Object],
      _middlewares: [Ln],
      _createPrismaPromise: [Function (anonymous)],
      '$extends': [Function: Ia],
      _extensions: [e],
      _previewFeatures: [Array],
      _clientVersion: '5.22.0',
      _activeProvider: 'mysql',
      _globalOmit: undefined,
      _tracingHelper: [Object],
      _errorFormat: 'minimal',
      _runtimeDataModel: [Object],
      _engineConfig: [Object],
      _accelerateEngineConfig: [Object],
      _engine: [_r],
      _requestHandler: [$n [RequestHandler]],
      _metrics: [Dt],
      _appliedParent: [Object],
      attachment: [Object],
      course: [Object],
      category: [Object],
      chapter: [Object],
      muxData: [Object],
      userProgress: [Object],
      purchase: [Object],
      stripeCustomer: [Object],
      '$parent': [Object],
      Symbol(): [Object]
    }
  },
  muxData: {
    findUnique: [Function (anonymous)],
    findUniqueOrThrow: [Function (anonymous)],
    findFirst: [Function (anonymous)],
    findFirstOrThrow: [Function (anonymous)],
    findMany: [Function (anonymous)],
    create: [Function (anonymous)],
    createMany: [Function (anonymous)],
    createManyAndReturn: [Function (anonymous)],
    update: [Function (anonymous)],
    updateMany: [Function (anonymous)],
    upsert: [Function (anonymous)],
    delete: [Function (anonymous)],
    deleteMany: [Function (anonymous)],
    groupBy: [Function (anonymous)],
    count: [Function (anonymous)],
    aggregate: [Function (anonymous)],
    findRaw: [Function (anonymous)],
    aggregateRaw: [Function (anonymous)],
    fields: {},
    name: 'MuxData',
    '$name': 'MuxData',
    '$parent': {
      _originalClient: [Object],
      _middlewares: [Ln],
      _createPrismaPromise: [Function (anonymous)],
      '$extends': [Function: Ia],
      _extensions: [e],
      _previewFeatures: [Array],
      _clientVersion: '5.22.0',
      _activeProvider: 'mysql',
      _globalOmit: undefined,
      _tracingHelper: [Object],
      _errorFormat: 'minimal',
      _runtimeDataModel: [Object],
      _engineConfig: [Object],
      _accelerateEngineConfig: [Object],
      _engine: [_r],
      _requestHandler: [$n [RequestHandler]],
      _metrics: [Dt],
      _appliedParent: [Object],
      attachment: [Object],
      course: [Object],
      category: [Object],
      chapter: [Object],
      muxData: [Object],
      userProgress: [Object],
      purchase: [Object],
      stripeCustomer: [Object],
      '$parent': [Object],
      Symbol(): [Object]
    }
  },
  userProgress: {
    findUnique: [Function (anonymous)],
    findUniqueOrThrow: [Function (anonymous)],
    findFirst: [Function (anonymous)],
    findFirstOrThrow: [Function (anonymous)],
    findMany: [Function (anonymous)],
    create: [Function (anonymous)],
    createMany: [Function (anonymous)],
    createManyAndReturn: [Function (anonymous)],
    update: [Function (anonymous)],
    updateMany: [Function (anonymous)],
    upsert: [Function (anonymous)],
    delete: [Function (anonymous)],
    deleteMany: [Function (anonymous)],
    groupBy: [Function (anonymous)],
    count: [Function (anonymous)],
    aggregate: [Function (anonymous)],
    findRaw: [Function (anonymous)],
    aggregateRaw: [Function (anonymous)],
    fields: {},
    name: 'UserProgress',
    '$name': 'UserProgress',
    '$parent': {
      _originalClient: [Object],
      _middlewares: [Ln],
      _createPrismaPromise: [Function (anonymous)],
      '$extends': [Function: Ia],
      _extensions: [e],
      _previewFeatures: [Array],
      _clientVersion: '5.22.0',
      _activeProvider: 'mysql',
      _globalOmit: undefined,
      _tracingHelper: [Object],
      _errorFormat: 'minimal',
      _runtimeDataModel: [Object],
      _engineConfig: [Object],
      _accelerateEngineConfig: [Object],
      _engine: [_r],
      _requestHandler: [$n [RequestHandler]],
      _metrics: [Dt],
      _appliedParent: [Object],
      attachment: [Object],
      course: [Object],
      category: [Object],
      chapter: [Object],
      muxData: [Object],
      userProgress: [Object],
      purchase: [Object],
      stripeCustomer: [Object],
      '$parent': [Object],
      Symbol(): [Object]
    }
  },
  purchase: {
    findUnique: [Function (anonymous)],
    findUniqueOrThrow: [Function (anonymous)],
    findFirst: [Function (anonymous)],
    findFirstOrThrow: [Function (anonymous)],
    findMany: [Function (anonymous)],
    create: [Function (anonymous)],
    createMany: [Function (anonymous)],
    createManyAndReturn: [Function (anonymous)],
    update: [Function (anonymous)],
    updateMany: [Function (anonymous)],
    upsert: [Function (anonymous)],
    delete: [Function (anonymous)],
    deleteMany: [Function (anonymous)],
    groupBy: [Function (anonymous)],
    count: [Function (anonymous)],
    aggregate: [Function (anonymous)],
    findRaw: [Function (anonymous)],
    aggregateRaw: [Function (anonymous)],
    fields: {},
    name: 'Purchase',
    '$name': 'Purchase',
    '$parent': {
      _originalClient: [Object],
      _middlewares: [Ln],
      _createPrismaPromise: [Function (anonymous)],
      '$extends': [Function: Ia],
      _extensions: [e],
      _previewFeatures: [Array],
      _clientVersion: '5.22.0',
      _activeProvider: 'mysql',
      _globalOmit: undefined,
      _tracingHelper: [Object],
      _errorFormat: 'minimal',
      _runtimeDataModel: [Object],
      _engineConfig: [Object],
      _accelerateEngineConfig: [Object],
      _engine: [_r],
      _requestHandler: [$n [RequestHandler]],
      _metrics: [Dt],
      _appliedParent: [Object],
      attachment: [Object],
      course: [Object],
      category: [Object],
      chapter: [Object],
      muxData: [Object],
      userProgress: [Object],
      purchase: [Object],
      stripeCustomer: [Object],
      '$parent': [Object],
      Symbol(): [Object]
    }
  },
  stripeCustomer: {
    findUnique: [Function (anonymous)],
    findUniqueOrThrow: [Function (anonymous)],
    findFirst: [Function (anonymous)],
    findFirstOrThrow: [Function (anonymous)],
    findMany: [Function (anonymous)],
    create: [Function (anonymous)],
    createMany: [Function (anonymous)],
    createManyAndReturn: [Function (anonymous)],
    update: [Function (anonymous)],
    updateMany: [Function (anonymous)],
    upsert: [Function (anonymous)],
    delete: [Function (anonymous)],
    deleteMany: [Function (anonymous)],
    groupBy: [Function (anonymous)],
    count: [Function (anonymous)],
    aggregate: [Function (anonymous)],
    findRaw: [Function (anonymous)],
    aggregateRaw: [Function (anonymous)],
    fields: {},
    name: 'StripeCustomer',
    '$name': 'StripeCustomer',
    '$parent': {
      _originalClient: [Object],
      _middlewares: [Ln],
      _createPrismaPromise: [Function (anonymous)],
      '$extends': [Function: Ia],
      _extensions: [e],
      _previewFeatures: [Array],
      _clientVersion: '5.22.0',
      _activeProvider: 'mysql',
      _globalOmit: undefined,
      _tracingHelper: [Object],
      _errorFormat: 'minimal',
      _runtimeDataModel: [Object],
      _engineConfig: [Object],
      _accelerateEngineConfig: [Object],
      _engine: [_r],
      _requestHandler: [$n [RequestHandler]],
      _metrics: [Dt],
      _appliedParent: [Object],
      attachment: [Object],
      course: [Object],
      category: [Object],
      chapter: [Object],
      muxData: [Object],
      userProgress: [Object],
      purchase: [Object],
      stripeCustomer: [Object],
      '$parent': [Object],
      Symbol(): [Object]
    }
  },
  '$parent': {
    _originalClient: {
      _originalClient: [Object],
      _middlewares: [Ln],
      _createPrismaPromise: [Function (anonymous)],
      '$extends': [Function: Ia],
      _extensions: [e],
      _previewFeatures: [Array],
      _clientVersion: '5.22.0',
      _activeProvider: 'mysql',
      _globalOmit: undefined,
      _tracingHelper: [Object],
      _errorFormat: 'minimal',
      _runtimeDataModel: [Object],
      _engineConfig: [Object],
      _accelerateEngineConfig: [Object],
      _engine: [_r],
      _requestHandler: [$n [RequestHandler]],
      _metrics: [Dt],
      _appliedParent: [Object]
    },
    _middlewares: Ln { _middlewares: [] },
    _createPrismaPromise: [Function (anonymous)],
    '$extends': [Function: Ia],
    _extensions: e { head: undefined },
    _previewFeatures: [ 'fullTextIndex', 'fullTextSearch' ],
    _clientVersion: '5.22.0',
    _activeProvider: 'mysql',
    _globalOmit: undefined,
    _tracingHelper: {
      isEnabled: [Function: isEnabled],
      getTraceParent: [Function: getTraceParent],
      createEngineSpan: [AsyncFunction: createEngineSpan],
      getActiveContext: [Function: getActiveContext],
      runInChildSpan: [Function: runInChildSpan]
    },
    _errorFormat: 'minimal',
    _runtimeDataModel: { models: [Object], enums: {}, types: {} },
    _engineConfig: {
      cwd: 'C:\\Users\\D3ll\\Desktop\\lms\\gyan-sagar\\prisma',
      dirname: 'C:\\Users\\D3ll\\Desktop\\lms\\gyan-sagar\\node_modules\\.prisma\\client',
      enableDebugLogs: false,
      allowTriggerPanic: undefined,
      datamodelPath: 'C:\\Users\\D3ll\\Desktop\\lms\\gyan-sagar\\node_modules\\.prisma\\client\\schema.prisma',
      prismaPath: 'C:\\Users\\D3ll\\Desktop\\lms\\gyan-sagar\\node_modules\\.prisma\\client\\query_engine-windows.dll.node',
      engineEndpoint: undefined,
      generator: [Object],
      showColors: false,
      logLevel: undefined,
      logQueries: undefined,
      env: [Object],
      flags: [],
      engineWasm: undefined,
      clientVersion: '5.22.0',
      engineVersion: '605197351a3c8bdd595af2d2a9bc3025bca48ea2',
      previewFeatures: [Array],
      activeProvider: 'mysql',
      inlineSchema: 'generator client {\n' +
        '  provider        = "prisma-client-js"\n' +
        '  previewFeatures = ["fullTextSearch", "fullTextIndex"]\n' +
        '}\n' +
        '\n' +
        'datasource db {\n' +
        '  provider = "mysql"\n' +
        '  url      = env("DATABASE_URL")\n' +
        '}\n' +
        '\n' +
        'model Attachment {\n' +
        '  id        String   @id @default(uuid())\n' +
        '  name      String\n' +
        '  url       String   @db.Text\n' +
        '  courseId  String\n' +
        '  createdAt DateTime @default(now())\n' +
        '  updatedAt DateTime @updatedAt\n' +
        '  course    Course   @relation(fields: [courseId], references: [id], onDelete: Cascade)\n' +
        '\n' +
        '  @@index([courseId])\n' +
        '}\n' +
        '\n' +
        'model Course {\n' +
        '  id          String    @id @default(uuid())\n' +
        '  userId      String\n' +
        '  title       String    @db.Text\n' +
        '  description String?   @db.Text\n' +
        '  imageUrl    String?   @db.Text\n' +
        '  price       Float?\n' +
        '  isPublished Boolean   @default(false)\n' +
        '  categoryId  String?\n' +
        '  createdAt   DateTime  @default(now())\n' +
        '  updatedAt   DateTime  @updatedAt\n' +
        '  category    Category? @relation(fields: [categoryId], references: [id])\n' +
        '\n' +
        '  attachments Attachment[]\n' +
        '  chapters    Chapter[]\n' +
        '  purchases   Purchase[]\n' +
        '\n' +
        '  @@index([categoryId])\n' +
        '  @@fulltext([title])\n' +
        '}\n' +
        '\n' +
        'model Category {\n' +
        '  id      String   @id @default(uuid())\n' +
        '  name    String   @unique\n' +
        '  courses Course[]\n' +
        '}\n' +
        '\n' +
        'model Chapter {\n' +
        '  id          String  @id @default(uuid())\n' +
        '  title       String\n' +
        '  description String? @db.Text\n' +
        '  videoUrl    String? @db.Text\n' +
        '  position    Int\n' +
        '  isPublished Boolean @default(false)\n' +
        '  isFree      Boolean @default(false)\n' +
        '\n' +
        '  muxData MuxData?\n' +
        '\n' +
        '  courseId String\n' +
        '  course   Course @relation(fields: [courseId], references: [id], onDelete: Cascade)\n' +
        '\n' +
        '  userProgress UserProgress[]\n' +
        '\n' +
        '  createdAt DateTime @default(now())\n' +
        '  updatedAt DateTime @updatedAt\n' +
        '\n' +
        '  @@index([courseId])\n' +
        '}\n' +
        '\n' +
        'model MuxData {\n' +
        '  id         String  @id @default(uuid())\n' +
        '  playbackId String?\n' +
        '  assetId    String\n' +
        '\n' +
        '  chapterId String  @unique\n' +
        '  chapter   Chapter @relation(fields: [chapterId], references: [id], onDelete: Cascade)\n' +
        '}\n' +
        '\n' +
        'model UserProgress {\n' +
        '  id     String @id @default(uuid())\n' +
        '  userId String\n' +
        '\n' +
        '  chapterId String\n' +
        '  chapter   Chapter @relation(fields: [chapterId], references: [id], onDelete: Cascade)\n' +
        '\n' +
        '  isCompleted Boolean @default(false)\n' +
        '\n' +
        '  createdAt DateTime @default(now())\n' +
        '  updatedAt DateTime @updatedAt\n' +
        '\n' +
        '  @@unique([userId, chapterId])\n' +
        '  @@index([chapterId])\n' +
        '}\n' +
        '\n' +
        'model Purchase {\n' +
        '  id     String @id @default(uuid())\n' +
        '  userId String\n' +
        '\n' +
        '  courseId String\n' +
        '  course   Course @relation(fields: [courseId], references: [id], onDelete: Cascade)\n' +
        '\n' +
        '  createdAt DateTime @default(now())\n' +
        '  updatedAt DateTime @updatedAt\n' +
        '\n' +
        '  @@unique([userId, courseId])\n' +
        '  @@index([courseId])\n' +
        '}\n' +
        '\n' +
        'model StripeCustomer {\n' +
        '  id               String @id @default(uuid())\n' +
        '  userId           String @unique\n' +
        '  stripeCustomerId String @unique\n' +
        '\n' +
        '  createdAt DateTime @default(now())\n' +
        '  updatedAt DateTime @updatedAt\n' +
        '}\n',
      overrideDatasources: {},
      inlineDatasources: [Object],
      inlineSchemaHash: '0fe19c0c764e3d996daf363c4a931cec27f01038326be91eb8bc02c4a2e75ca6',
      tracingHelper: [Object],
      transactionOptions: [Object],
      logEmitter: [EventEmitter],
      isBundled: undefined,
      adapter: undefined
    },
    _accelerateEngineConfig: {
      cwd: 'C:\\Users\\D3ll\\Desktop\\lms\\gyan-sagar\\prisma',
      dirname: 'C:\\Users\\D3ll\\Desktop\\lms\\gyan-sagar\\node_modules\\.prisma\\client',
      enableDebugLogs: false,
      allowTriggerPanic: undefined,
      datamodelPath: 'C:\\Users\\D3ll\\Desktop\\lms\\gyan-sagar\\node_modules\\.prisma\\client\\schema.prisma',
      prismaPath: undefined,
      engineEndpoint: undefined,
      generator: [Object],
      showColors: false,
      logLevel: undefined,
      logQueries: undefined,
      env: [Object],
      flags: [],
      engineWasm: undefined,
      clientVersion: '5.22.0',
      engineVersion: '605197351a3c8bdd595af2d2a9bc3025bca48ea2',
      previewFeatures: [Array],
      activeProvider: 'mysql',
      inlineSchema: 'generator client {\n' +
        '  provider        = "prisma-client-js"\n' +
        '  previewFeatures = ["fullTextSearch", "fullTextIndex"]\n' +
        '}\n' +
        '\n' +
        'datasource db {\n' +
        '  provider = "mysql"\n' +
        '  url      = env("DATABASE_URL")\n' +
        '}\n' +
        '\n' +
        'model Attachment {\n' +
        '  id        String   @id @default(uuid())\n' +
        '  name      String\n' +
        '  url       String   @db.Text\n' +
        '  courseId  String\n' +
        '  createdAt DateTime @default(now())\n' +
        '  updatedAt DateTime @updatedAt\n' +
        '  course    Course   @relation(fields: [courseId], references: [id], onDelete: Cascade)\n' +
        '\n' +
        '  @@index([courseId])\n' +
        '}\n' +
        '\n' +
        'model Course {\n' +
        '  id          String    @id @default(uuid())\n' +
        '  userId      String\n' +
        '  title       String    @db.Text\n' +
        '  description String?   @db.Text\n' +
        '  imageUrl    String?   @db.Text\n' +
        '  price       Float?\n' +
        '  isPublished Boolean   @default(false)\n' +
        '  categoryId  String?\n' +
        '  createdAt   DateTime  @default(now())\n' +
        '  updatedAt   DateTime  @updatedAt\n' +
        '  category    Category? @relation(fields: [categoryId], references: [id])\n' +
        '\n' +
        '  attachments Attachment[]\n' +
        '  chapters    Chapter[]\n' +
        '  purchases   Purchase[]\n' +
        '\n' +
        '  @@index([categoryId])\n' +
        '  @@fulltext([title])\n' +
        '}\n' +
        '\n' +
        'model Category {\n' +
        '  id      String   @id @default(uuid())\n' +
        '  name    String   @unique\n' +
        '  courses Course[]\n' +
        '}\n' +
        '\n' +
        'model Chapter {\n' +
        '  id          String  @id @default(uuid())\n' +
        '  title       String\n' +
        '  description String? @db.Text\n' +
        '  videoUrl    String? @db.Text\n' +
        '  position    Int\n' +
        '  isPublished Boolean @default(false)\n' +
        '  isFree      Boolean @default(false)\n' +
        '\n' +
        '  muxData MuxData?\n' +
        '\n' +
        '  courseId String\n' +
        '  course   Course @relation(fields: [courseId], references: [id], onDelete: Cascade)\n' +
        '\n' +
        '  userProgress UserProgress[]\n' +
        '\n' +
        '  createdAt DateTime @default(now())\n' +
        '  updatedAt DateTime @updatedAt\n' +
        '\n' +
        '  @@index([courseId])\n' +
        '}\n' +
        '\n' +
        'model MuxData {\n' +
        '  id         String  @id @default(uuid())\n' +
        '  playbackId String?\n' +
        '  assetId    String\n' +
        '\n' +
        '  chapterId String  @unique\n' +
        '  chapter   Chapter @relation(fields: [chapterId], references: [id], onDelete: Cascade)\n' +
        '}\n' +
        '\n' +
        'model UserProgress {\n' +
        '  id     String @id @default(uuid())\n' +
        '  userId String\n' +
        '\n' +
        '  chapterId String\n' +
        '  chapter   Chapter @relation(fields: [chapterId], references: [id], onDelete: Cascade)\n' +
        '\n' +
        '  isCompleted Boolean @default(false)\n' +
        '\n' +
        '  createdAt DateTime @default(now())\n' +
        '  updatedAt DateTime @updatedAt\n' +
        '\n' +
        '  @@unique([userId, chapterId])\n' +
        '  @@index([chapterId])\n' +
        '}\n' +
        '\n' +
        'model Purchase {\n' +
        '  id     String @id @default(uuid())\n' +
        '  userId String\n' +
        '\n' +
        '  courseId String\n' +
        '  course   Course @relation(fields: [courseId], references: [id], onDelete: Cascade)\n' +
        '\n' +
        '  createdAt DateTime @default(now())\n' +
        '  updatedAt DateTime @updatedAt\n' +
        '\n' +
        '  @@unique([userId, courseId])\n' +
        '  @@index([courseId])\n' +
        '}\n' +
        '\n' +
        'model StripeCustomer {\n' +
        '  id               String @id @default(uuid())\n' +
        '  userId           String @unique\n' +
        '  stripeCustomerId String @unique\n' +
        '\n' +
        '  createdAt DateTime @default(now())\n' +
        '  updatedAt DateTime @updatedAt\n' +
        '}\n',
      overrideDatasources: {},
      inlineDatasources: [Object],
      inlineSchemaHash: '0fe19c0c764e3d996daf363c4a931cec27f01038326be91eb8bc02c4a2e75ca6',
      tracingHelper: [Object],
      transactionOptions: [Object],
      logEmitter: [EventEmitter],
      isBundled: undefined,
      adapter: undefined,
      accelerateUtils: [Object]
    },
    _engine: _r {
      name: 'LibraryEngine',
      libraryLoader: [Object],
      config: [Object],
      libraryStarted: false,
      logQueries: false,
      logLevel: 'error',
      logEmitter: [EventEmitter],
      datamodel: 'generator client {\n' +
        '  provider        = "prisma-client-js"\n' +
        '  previewFeatures = ["fullTextSearch", "fullTextIndex"]\n' +
        '}\n' +
        '\n' +
        'datasource db {\n' +
        '  provider = "mysql"\n' +
        '  url      = env("DATABASE_URL")\n' +
        '}\n' +
        '\n' +
        'model Attachment {\n' +
        '  id        String   @id @default(uuid())\n' +
        '  name      String\n' +
        '  url       String   @db.Text\n' +
        '  courseId  String\n' +
        '  createdAt DateTime @default(now())\n' +
        '  updatedAt DateTime @updatedAt\n' +
        '  course    Course   @relation(fields: [courseId], references: [id], onDelete: Cascade)\n' +
        '\n' +
        '  @@index([courseId])\n' +
        '}\n' +
        '\n' +
        'model Course {\n' +
        '  id          String    @id @default(uuid())\n' +
        '  userId      String\n' +
        '  title       String    @db.Text\n' +
        '  description String?   @db.Text\n' +
        '  imageUrl    String?   @db.Text\n' +
        '  price       Float?\n' +
        '  isPublished Boolean   @default(false)\n' +
        '  categoryId  String?\n' +
        '  createdAt   DateTime  @default(now())\n' +
        '  updatedAt   DateTime  @updatedAt\n' +
        '  category    Category? @relation(fields: [categoryId], references: [id])\n' +
        '\n' +
        '  attachments Attachment[]\n' +
        '  chapters    Chapter[]\n' +
        '  purchases   Purchase[]\n' +
        '\n' +
        '  @@index([categoryId])\n' +
        '  @@fulltext([title])\n' +
        '}\n' +
        '\n' +
        'model Category {\n' +
        '  id      String   @id @default(uuid())\n' +
        '  name    String   @unique\n' +
        '  courses Course[]\n' +
        '}\n' +
        '\n' +
        'model Chapter {\n' +
        '  id          String  @id @default(uuid())\n' +
        '  title       String\n' +
        '  description String? @db.Text\n' +
        '  videoUrl    String? @db.Text\n' +
        '  position    Int\n' +
        '  isPublished Boolean @default(false)\n' +
        '  isFree      Boolean @default(false)\n' +
        '\n' +
        '  muxData MuxData?\n' +
        '\n' +
        '  courseId String\n' +
        '  course   Course @relation(fields: [courseId], references: [id], onDelete: Cascade)\n' +
        '\n' +
        '  userProgress UserProgress[]\n' +
        '\n' +
        '  createdAt DateTime @default(now())\n' +
        '  updatedAt DateTime @updatedAt\n' +
        '\n' +
        '  @@index([courseId])\n' +
        '}\n' +
        '\n' +
        'model MuxData {\n' +
        '  id         String  @id @default(uuid())\n' +
        '  playbackId String?\n' +
        '  assetId    String\n' +
        '\n' +
        '  chapterId String  @unique\n' +
        '  chapter   Chapter @relation(fields: [chapterId], references: [id], onDelete: Cascade)\n' +
        '}\n' +
        '\n' +
        'model UserProgress {\n' +
        '  id     String @id @default(uuid())\n' +
        '  userId String\n' +
        '\n' +
        '  chapterId String\n' +
        '  chapter   Chapter @relation(fields: [chapterId], references: [id], onDelete: Cascade)\n' +
        '\n' +
        '  isCompleted Boolean @default(false)\n' +
        '\n' +
        '  createdAt DateTime @default(now())\n' +
        '  updatedAt DateTime @updatedAt\n' +
        '\n' +
        '  @@unique([userId, chapterId])\n' +
        '  @@index([chapterId])\n' +
        '}\n' +
        '\n' +
        'model Purchase {\n' +
        '  id     String @id @default(uuid())\n' +
        '  userId String\n' +
        '\n' +
        '  courseId String\n' +
        '  course   Course @relation(fields: [courseId], references: [id], onDelete: Cascade)\n' +
        '\n' +
        '  createdAt DateTime @default(now())\n' +
        '  updatedAt DateTime @updatedAt\n' +
        '\n' +
        '  @@unique([userId, courseId])\n' +
        '  @@index([courseId])\n' +
        '}\n' +
        '\n' +
        'model StripeCustomer {\n' +
        '  id               String @id @default(uuid())\n' +
        '  userId           String @unique\n' +
        '  stripeCustomerId String @unique\n' +
        '\n' +
        '  createdAt DateTime @default(now())\n' +
        '  updatedAt DateTime @updatedAt\n' +
        '}\n',
      libraryInstantiationPromise: [Promise],
      binaryTarget: 'windows',
      library: [Object],
      QueryEngineConstructor: [Function: QueryEngine],
      engine: QueryEngine {},
      versionInfo: [Object]
    },
    _requestHandler: <ref *1> $n [RequestHandler] {
      logEmitter: [EventEmitter],
      client: [Object],
      dataloader: [Mn [DataLoader]]
    },
    _metrics: Dt { _engine: [_r] },
    _appliedParent: {
      _originalClient: [Object],
      _middlewares: [Ln],
      _createPrismaPromise: [Function (anonymous)],
      '$extends': [Function: Ia],
      _extensions: [e],
      _previewFeatures: [Array],
      _clientVersion: '5.22.0',
      _activeProvider: 'mysql',
      _globalOmit: undefined,
      _tracingHelper: [Object],
      _errorFormat: 'minimal',
      _runtimeDataModel: [Object],
      _engineConfig: [Object],
      _accelerateEngineConfig: [Object],
      _engine: [_r],
      _requestHandler: [$n [RequestHandler]],
      _metrics: [Dt],
      _appliedParent: [Object],
      attachment: [Object],
      course: [Object],
      category: [Object],
      chapter: [Object],
      muxData: [Object],
      userProgress: [Object],
      purchase: [Object],
      stripeCustomer: [Object],
      '$parent': [Object],
      Symbol(): [Object]
    },
    attachment: {
      findUnique: [Function (anonymous)],
      findUniqueOrThrow: [Function (anonymous)],
      findFirst: [Function (anonymous)],
      findFirstOrThrow: [Function (anonymous)],
      findMany: [Function (anonymous)],
      create: [Function (anonymous)],
      createMany: [Function (anonymous)],
      createManyAndReturn: [Function (anonymous)],
      update: [Function (anonymous)],
      updateMany: [Function (anonymous)],
      upsert: [Function (anonymous)],
      delete: [Function (anonymous)],
      deleteMany: [Function (anonymous)],
      groupBy: [Function (anonymous)],
      count: [Function (anonymous)],
      aggregate: [Function (anonymous)],
      findRaw: [Function (anonymous)],
      aggregateRaw: [Function (anonymous)],
      fields: {},
      name: 'Attachment',
      '$name': 'Attachment',
      '$parent': [Object]
    },
    course: {
      findUnique: [Function (anonymous)],
      findUniqueOrThrow: [Function (anonymous)],
      findFirst: [Function (anonymous)],
      findFirstOrThrow: [Function (anonymous)],
      findMany: [Function (anonymous)],
      create: [Function (anonymous)],
      createMany: [Function (anonymous)],
      createManyAndReturn: [Function (anonymous)],
      update: [Function (anonymous)],
      updateMany: [Function (anonymous)],
      upsert: [Function (anonymous)],
      delete: [Function (anonymous)],
      deleteMany: [Function (anonymous)],
      groupBy: [Function (anonymous)],
      count: [Function (anonymous)],
      aggregate: [Function (anonymous)],
      findRaw: [Function (anonymous)],
      aggregateRaw: [Function (anonymous)],
      fields: {},
      name: 'Course',
      '$name': 'Course',
      '$parent': [Object]
    },
    category: {
      findUnique: [Function (anonymous)],
      findUniqueOrThrow: [Function (anonymous)],
      findFirst: [Function (anonymous)],
      findFirstOrThrow: [Function (anonymous)],
      findMany: [Function (anonymous)],
      create: [Function (anonymous)],
      createMany: [Function (anonymous)],
      createManyAndReturn: [Function (anonymous)],
      update: [Function (anonymous)],
      updateMany: [Function (anonymous)],
      upsert: [Function (anonymous)],
      delete: [Function (anonymous)],
      deleteMany: [Function (anonymous)],
      groupBy: [Function (anonymous)],
      count: [Function (anonymous)],
      aggregate: [Function (anonymous)],
      findRaw: [Function (anonymous)],
      aggregateRaw: [Function (anonymous)],
      fields: {},
      name: 'Category',
      '$name': 'Category',
      '$parent': [Object]
    },
    chapter: {
      findUnique: [Function (anonymous)],
      findUniqueOrThrow: [Function (anonymous)],
      findFirst: [Function (anonymous)],
      findFirstOrThrow: [Function (anonymous)],
      findMany: [Function (anonymous)],
      create: [Function (anonymous)],
      createMany: [Function (anonymous)],
      createManyAndReturn: [Function (anonymous)],
      update: [Function (anonymous)],
      updateMany: [Function (anonymous)],
      upsert: [Function (anonymous)],
      delete: [Function (anonymous)],
      deleteMany: [Function (anonymous)],
      groupBy: [Function (anonymous)],
      count: [Function (anonymous)],
      aggregate: [Function (anonymous)],
      findRaw: [Function (anonymous)],
      aggregateRaw: [Function (anonymous)],
      fields: {},
      name: 'Chapter',
      '$name': 'Chapter',
      '$parent': [Object]
    },
    muxData: {
      findUnique: [Function (anonymous)],
      findUniqueOrThrow: [Function (anonymous)],
      findFirst: [Function (anonymous)],
      findFirstOrThrow: [Function (anonymous)],
      findMany: [Function (anonymous)],
      create: [Function (anonymous)],
      createMany: [Function (anonymous)],
      createManyAndReturn: [Function (anonymous)],
      update: [Function (anonymous)],
      updateMany: [Function (anonymous)],
      upsert: [Function (anonymous)],
      delete: [Function (anonymous)],
      deleteMany: [Function (anonymous)],
      groupBy: [Function (anonymous)],
      count: [Function (anonymous)],
      aggregate: [Function (anonymous)],
      findRaw: [Function (anonymous)],
      aggregateRaw: [Function (anonymous)],
      fields: {},
      name: 'MuxData',
      '$name': 'MuxData',
      '$parent': [Object]
    },
    userProgress: {
      findUnique: [Function (anonymous)],
      findUniqueOrThrow: [Function (anonymous)],
      findFirst: [Function (anonymous)],
      findFirstOrThrow: [Function (anonymous)],
      findMany: [Function (anonymous)],
      create: [Function (anonymous)],
      createMany: [Function (anonymous)],
      createManyAndReturn: [Function (anonymous)],
      update: [Function (anonymous)],
      updateMany: [Function (anonymous)],
      upsert: [Function (anonymous)],
      delete: [Function (anonymous)],
      deleteMany: [Function (anonymous)],
      groupBy: [Function (anonymous)],
      count: [Function (anonymous)],
      aggregate: [Function (anonymous)],
      findRaw: [Function (anonymous)],
      aggregateRaw: [Function (anonymous)],
      fields: {},
      name: 'UserProgress',
      '$name': 'UserProgress',
      '$parent': [Object]
    },
    purchase: {
      findUnique: [Function (anonymous)],
      findUniqueOrThrow: [Function (anonymous)],
      findFirst: [Function (anonymous)],
      findFirstOrThrow: [Function (anonymous)],
      findMany: [Function (anonymous)],
      create: [Function (anonymous)],
      createMany: [Function (anonymous)],
      createManyAndReturn: [Function (anonymous)],
      update: [Function (anonymous)],
      updateMany: [Function (anonymous)],
      upsert: [Function (anonymous)],
      delete: [Function (anonymous)],
      deleteMany: [Function (anonymous)],
      groupBy: [Function (anonymous)],
      count: [Function (anonymous)],
      aggregate: [Function (anonymous)],
      findRaw: [Function (anonymous)],
      aggregateRaw: [Function (anonymous)],
      fields: {},
      name: 'Purchase',
      '$name': 'Purchase',
      '$parent': [Object]
    },
    stripeCustomer: {
      findUnique: [Function (anonymous)],
      findUniqueOrThrow: [Function (anonymous)],
      findFirst: [Function (anonymous)],
      findFirstOrThrow: [Function (anonymous)],
      findMany: [Function (anonymous)],
      create: [Function (anonymous)],
      createMany: [Function (anonymous)],
      createManyAndReturn: [Function (anonymous)],
      update: [Function (anonymous)],
      updateMany: [Function (anonymous)],
      upsert: [Function (anonymous)],
      delete: [Function (anonymous)],
      deleteMany: [Function (anonymous)],
      groupBy: [Function (anonymous)],
      count: [Function (anonymous)],
      aggregate: [Function (anonymous)],
      findRaw: [Function (anonymous)],
      aggregateRaw: [Function (anonymous)],
      fields: {},
      name: 'StripeCustomer',
      '$name': 'StripeCustomer',
      '$parent': [Object]
    },
    '$parent': {
      _originalClient: [Object],
      _middlewares: [Ln],
      _createPrismaPromise: [Function (anonymous)],
      '$extends': [Function: Ia],
      _extensions: [e],
      _previewFeatures: [Array],
      _clientVersion: '5.22.0',
      _activeProvider: 'mysql',
      _globalOmit: undefined,
      _tracingHelper: [Object],
      _errorFormat: 'minimal',
      _runtimeDataModel: [Object],
      _engineConfig: [Object],
      _accelerateEngineConfig: [Object],
      _engine: [_r],
      _requestHandler: [$n [RequestHandler]],
      _metrics: [Dt],
      _appliedParent: [Object],
      attachment: [Object],
      course: [Object],
      category: [Object],
      chapter: [Object],
      muxData: [Object],
      userProgress: [Object],
      purchase: [Object],
      stripeCustomer: [Object],
      '$parent': [Object],
      Symbol(): [Object]
    },
    Symbol(): {
      _originalClient: [Object],
      _middlewares: [Ln],
      _createPrismaPromise: [Function (anonymous)],
      '$extends': [Function: Ia],
      _extensions: [e],
      _previewFeatures: [Array],
      _clientVersion: '5.22.0',
      _activeProvider: 'mysql',
      _globalOmit: undefined,
      _tracingHelper: [Object],
      _errorFormat: 'minimal',
      _runtimeDataModel: [Object],
      _engineConfig: [Object],
      _accelerateEngineConfig: [Object],
      _engine: [_r],
      _requestHandler: [$n [RequestHandler]],
      _metrics: [Dt],
      _appliedParent: [Object]
    }
  },
  Symbol(): {
    _originalClient: {
      _originalClient: [Object],
      _middlewares: [Ln],
      _createPrismaPromise: [Function (anonymous)],
      '$extends': [Function: Ia],
      _extensions: [e],
      _previewFeatures: [Array],
      _clientVersion: '5.22.0',
      _activeProvider: 'mysql',
      _globalOmit: undefined,
      _tracingHelper: [Object],
      _errorFormat: 'minimal',
      _runtimeDataModel: [Object],
      _engineConfig: [Object],
      _accelerateEngineConfig: [Object],
      _engine: [_r],
      _requestHandler: [$n [RequestHandler]],
      _metrics: [Dt],
      _appliedParent: [Object]
    },
    _middlewares: Ln { _middlewares: [] },
    _createPrismaPromise: [Function (anonymous)],
    '$extends': [Function: Ia],
    _extensions: e { head: undefined },
    _previewFeatures: [ 'fullTextIndex', 'fullTextSearch' ],
    _clientVersion: '5.22.0',
    _activeProvider: 'mysql',
    _globalOmit: undefined,
    _tracingHelper: {
      isEnabled: [Function: isEnabled],
      getTraceParent: [Function: getTraceParent],
      createEngineSpan: [AsyncFunction: createEngineSpan],
      getActiveContext: [Function: getActiveContext],
      runInChildSpan: [Function: runInChildSpan]
    },
    _errorFormat: 'minimal',
    _runtimeDataModel: { models: [Object], enums: {}, types: {} },
    _engineConfig: {
      cwd: 'C:\\Users\\D3ll\\Desktop\\lms\\gyan-sagar\\prisma',
      dirname: 'C:\\Users\\D3ll\\Desktop\\lms\\gyan-sagar\\node_modules\\.prisma\\client',
      enableDebugLogs: false,
      allowTriggerPanic: undefined,
      datamodelPath: 'C:\\Users\\D3ll\\Desktop\\lms\\gyan-sagar\\node_modules\\.prisma\\client\\schema.prisma',
      prismaPath: 'C:\\Users\\D3ll\\Desktop\\lms\\gyan-sagar\\node_modules\\.prisma\\client\\query_engine-windows.dll.node',
      engineEndpoint: undefined,
      generator: [Object],
      showColors: false,
      logLevel: undefined,
      logQueries: undefined,
      env: [Object],
      flags: [],
      engineWasm: undefined,
      clientVersion: '5.22.0',
      engineVersion: '605197351a3c8bdd595af2d2a9bc3025bca48ea2',
      previewFeatures: [Array],
      activeProvider: 'mysql',
      inlineSchema: 'generator client {\n' +
        '  provider        = "prisma-client-js"\n' +
        '  previewFeatures = ["fullTextSearch", "fullTextIndex"]\n' +
        '}\n' +
        '\n' +
        'datasource db {\n' +
        '  provider = "mysql"\n' +
        '  url      = env("DATABASE_URL")\n' +
        '}\n' +
        '\n' +
        'model Attachment {\n' +
        '  id        String   @id @default(uuid())\n' +
        '  name      String\n' +
        '  url       String   @db.Text\n' +
        '  courseId  String\n' +
        '  createdAt DateTime @default(now())\n' +
        '  updatedAt DateTime @updatedAt\n' +
        '  course    Course   @relation(fields: [courseId], references: [id], onDelete: Cascade)\n' +
        '\n' +
        '  @@index([courseId])\n' +
        '}\n' +
        '\n' +
        'model Course {\n' +
        '  id          String    @id @default(uuid())\n' +
        '  userId      String\n' +
        '  title       String    @db.Text\n' +
        '  description String?   @db.Text\n' +
        '  imageUrl    String?   @db.Text\n' +
        '  price       Float?\n' +
        '  isPublished Boolean   @default(false)\n' +
        '  categoryId  String?\n' +
        '  createdAt   DateTime  @default(now())\n' +
        '  updatedAt   DateTime  @updatedAt\n' +
        '  category    Category? @relation(fields: [categoryId], references: [id])\n' +
        '\n' +
        '  attachments Attachment[]\n' +
        '  chapters    Chapter[]\n' +
        '  purchases   Purchase[]\n' +
        '\n' +
        '  @@index([categoryId])\n' +
        '  @@fulltext([title])\n' +
        '}\n' +
        '\n' +
        'model Category {\n' +
        '  id      String   @id @default(uuid())\n' +
        '  name    String   @unique\n' +
        '  courses Course[]\n' +
        '}\n' +
        '\n' +
        'model Chapter {\n' +
        '  id          String  @id @default(uuid())\n' +
        '  title       String\n' +
        '  description String? @db.Text\n' +
        '  videoUrl    String? @db.Text\n' +
        '  position    Int\n' +
        '  isPublished Boolean @default(false)\n' +
        '  isFree      Boolean @default(false)\n' +
        '\n' +
        '  muxData MuxData?\n' +
        '\n' +
        '  courseId String\n' +
        '  course   Course @relation(fields: [courseId], references: [id], onDelete: Cascade)\n' +
        '\n' +
        '  userProgress UserProgress[]\n' +
        '\n' +
        '  createdAt DateTime @default(now())\n' +
        '  updatedAt DateTime @updatedAt\n' +
        '\n' +
        '  @@index([courseId])\n' +
        '}\n' +
        '\n' +
        'model MuxData {\n' +
        '  id         String  @id @default(uuid())\n' +
        '  playbackId String?\n' +
        '  assetId    String\n' +
        '\n' +
        '  chapterId String  @unique\n' +
        '  chapter   Chapter @relation(fields: [chapterId], references: [id], onDelete: Cascade)\n' +
        '}\n' +
        '\n' +
        'model UserProgress {\n' +
        '  id     String @id @default(uuid())\n' +
        '  userId String\n' +
        '\n' +
        '  chapterId String\n' +
        '  chapter   Chapter @relation(fields: [chapterId], references: [id], onDelete: Cascade)\n' +
        '\n' +
        '  isCompleted Boolean @default(false)\n' +
        '\n' +
        '  createdAt DateTime @default(now())\n' +
        '  updatedAt DateTime @updatedAt\n' +
        '\n' +
        '  @@unique([userId, chapterId])\n' +
        '  @@index([chapterId])\n' +
        '}\n' +
        '\n' +
        'model Purchase {\n' +
        '  id     String @id @default(uuid())\n' +
        '  userId String\n' +
        '\n' +
        '  courseId String\n' +
        '  course   Course @relation(fields: [courseId], references: [id], onDelete: Cascade)\n' +
        '\n' +
        '  createdAt DateTime @default(now())\n' +
        '  updatedAt DateTime @updatedAt\n' +
        '\n' +
        '  @@unique([userId, courseId])\n' +
        '  @@index([courseId])\n' +
        '}\n' +
        '\n' +
        'model StripeCustomer {\n' +
        '  id               String @id @default(uuid())\n' +
        '  userId           String @unique\n' +
        '  stripeCustomerId String @unique\n' +
        '\n' +
        '  createdAt DateTime @default(now())\n' +
        '  updatedAt DateTime @updatedAt\n' +
        '}\n',
      overrideDatasources: {},
      inlineDatasources: [Object],
      inlineSchemaHash: '0fe19c0c764e3d996daf363c4a931cec27f01038326be91eb8bc02c4a2e75ca6',
      tracingHelper: [Object],
      transactionOptions: [Object],
      logEmitter: [EventEmitter],
      isBundled: undefined,
      adapter: undefined
    },
    _accelerateEngineConfig: {
      cwd: 'C:\\Users\\D3ll\\Desktop\\lms\\gyan-sagar\\prisma',
      dirname: 'C:\\Users\\D3ll\\Desktop\\lms\\gyan-sagar\\node_modules\\.prisma\\client',
      enableDebugLogs: false,
      allowTriggerPanic: undefined,
      datamodelPath: 'C:\\Users\\D3ll\\Desktop\\lms\\gyan-sagar\\node_modules\\.prisma\\client\\schema.prisma',
      prismaPath: undefined,
      engineEndpoint: undefined,
      generator: [Object],
      showColors: false,
      logLevel: undefined,
      logQueries: undefined,
      env: [Object],
      flags: [],
      engineWasm: undefined,
      clientVersion: '5.22.0',
      engineVersion: '605197351a3c8bdd595af2d2a9bc3025bca48ea2',
      previewFeatures: [Array],
      activeProvider: 'mysql',
      inlineSchema: 'generator client {\n' +
        '  provider        = "prisma-client-js"\n' +
        '  previewFeatures = ["fullTextSearch", "fullTextIndex"]\n' +
        '}\n' +
        '\n' +
        'datasource db {\n' +
        '  provider = "mysql"\n' +
        '  url      = env("DATABASE_URL")\n' +
        '}\n' +
        '\n' +
        'model Attachment {\n' +
        '  id        String   @id @default(uuid())\n' +
        '  name      String\n' +
        '  url       String   @db.Text\n' +
        '  courseId  String\n' +
        '  createdAt DateTime @default(now())\n' +
        '  updatedAt DateTime @updatedAt\n' +
        '  course    Course   @relation(fields: [courseId], references: [id], onDelete: Cascade)\n' +
        '\n' +
        '  @@index([courseId])\n' +
        '}\n' +
        '\n' +
        'model Course {\n' +
        '  id          String    @id @default(uuid())\n' +
        '  userId      String\n' +
        '  title       String    @db.Text\n' +
        '  description String?   @db.Text\n' +
        '  imageUrl    String?   @db.Text\n' +
        '  price       Float?\n' +
        '  isPublished Boolean   @default(false)\n' +
        '  categoryId  String?\n' +
        '  createdAt   DateTime  @default(now())\n' +
        '  updatedAt   DateTime  @updatedAt\n' +
        '  category    Category? @relation(fields: [categoryId], references: [id])\n' +
        '\n' +
        '  attachments Attachment[]\n' +
        '  chapters    Chapter[]\n' +
        '  purchases   Purchase[]\n' +
        '\n' +
        '  @@index([categoryId])\n' +
        '  @@fulltext([title])\n' +
        '}\n' +
        '\n' +
        'model Category {\n' +
        '  id      String   @id @default(uuid())\n' +
        '  name    String   @unique\n' +
        '  courses Course[]\n' +
        '}\n' +
        '\n' +
        'model Chapter {\n' +
        '  id          String  @id @default(uuid())\n' +
        '  title       String\n' +
        '  description String? @db.Text\n' +
        '  videoUrl    String? @db.Text\n' +
        '  position    Int\n' +
        '  isPublished Boolean @default(false)\n' +
        '  isFree      Boolean @default(false)\n' +
        '\n' +
        '  muxData MuxData?\n' +
        '\n' +
        '  courseId String\n' +
        '  course   Course @relation(fields: [courseId], references: [id], onDelete: Cascade)\n' +
        '\n' +
        '  userProgress UserProgress[]\n' +
        '\n' +
        '  createdAt DateTime @default(now())\n' +
        '  updatedAt DateTime @updatedAt\n' +
        '\n' +
        '  @@index([courseId])\n' +
        '}\n' +
        '\n' +
        'model MuxData {\n' +
        '  id         String  @id @default(uuid())\n' +
        '  playbackId String?\n' +
        '  assetId    String\n' +
        '\n' +
        '  chapterId String  @unique\n' +
        '  chapter   Chapter @relation(fields: [chapterId], references: [id], onDelete: Cascade)\n' +
        '}\n' +
        '\n' +
        'model UserProgress {\n' +
        '  id     String @id @default(uuid())\n' +
        '  userId String\n' +
        '\n' +
        '  chapterId String\n' +
        '  chapter   Chapter @relation(fields: [chapterId], references: [id], onDelete: Cascade)\n' +
        '\n' +
        '  isCompleted Boolean @default(false)\n' +
        '\n' +
        '  createdAt DateTime @default(now())\n' +
        '  updatedAt DateTime @updatedAt\n' +
        '\n' +
        '  @@unique([userId, chapterId])\n' +
        '  @@index([chapterId])\n' +
        '}\n' +
        '\n' +
        'model Purchase {\n' +
        '  id     String @id @default(uuid())\n' +
        '  userId String\n' +
        '\n' +
        '  courseId String\n' +
        '  course   Course @relation(fields: [courseId], references: [id], onDelete: Cascade)\n' +
        '\n' +
        '  createdAt DateTime @default(now())\n' +
        '  updatedAt DateTime @updatedAt\n' +
        '\n' +
        '  @@unique([userId, courseId])\n' +
        '  @@index([courseId])\n' +
        '}\n' +
        '\n' +
        'model StripeCustomer {\n' +
        '  id               String @id @default(uuid())\n' +
        '  userId           String @unique\n' +
        '  stripeCustomerId String @unique\n' +
        '\n' +
        '  createdAt DateTime @default(now())\n' +
        '  updatedAt DateTime @updatedAt\n' +
        '}\n',
      overrideDatasources: {},
      inlineDatasources: [Object],
      inlineSchemaHash: '0fe19c0c764e3d996daf363c4a931cec27f01038326be91eb8bc02c4a2e75ca6',
      tracingHelper: [Object],
      transactionOptions: [Object],
      logEmitter: [EventEmitter],
      isBundled: undefined,
      adapter: undefined,
      accelerateUtils: [Object]
    },
    _engine: _r {
      name: 'LibraryEngine',
      libraryLoader: [Object],
      config: [Object],
      libraryStarted: false,
      logQueries: false,
      logLevel: 'error',
      logEmitter: [EventEmitter],
      datamodel: 'generator client {\n' +
        '  provider        = "prisma-client-js"\n' +
        '  previewFeatures = ["fullTextSearch", "fullTextIndex"]\n' +
        '}\n' +
        '\n' +
        'datasource db {\n' +
        '  provider = "mysql"\n' +
        '  url      = env("DATABASE_URL")\n' +
        '}\n' +
        '\n' +
        'model Attachment {\n' +
        '  id        String   @id @default(uuid())\n' +
        '  name      String\n' +
        '  url       String   @db.Text\n' +
        '  courseId  String\n' +
        '  createdAt DateTime @default(now())\n' +
        '  updatedAt DateTime @updatedAt\n' +
        '  course    Course   @relation(fields: [courseId], references: [id], onDelete: Cascade)\n' +
        '\n' +
        '  @@index([courseId])\n' +
        '}\n' +
        '\n' +
        'model Course {\n' +
        '  id          String    @id @default(uuid())\n' +
        '  userId      String\n' +
        '  title       String    @db.Text\n' +
        '  description String?   @db.Text\n' +
        '  imageUrl    String?   @db.Text\n' +
        '  price       Float?\n' +
        '  isPublished Boolean   @default(false)\n' +
        '  categoryId  String?\n' +
        '  createdAt   DateTime  @default(now())\n' +
        '  updatedAt   DateTime  @updatedAt\n' +
        '  category    Category? @relation(fields: [categoryId], references: [id])\n' +
        '\n' +
        '  attachments Attachment[]\n' +
        '  chapters    Chapter[]\n' +
        '  purchases   Purchase[]\n' +
        '\n' +
        '  @@index([categoryId])\n' +
        '  @@fulltext([title])\n' +
        '}\n' +
        '\n' +
        'model Category {\n' +
        '  id      String   @id @default(uuid())\n' +
        '  name    String   @unique\n' +
        '  courses Course[]\n' +
        '}\n' +
        '\n' +
        'model Chapter {\n' +
        '  id          String  @id @default(uuid())\n' +
        '  title       String\n' +
        '  description String? @db.Text\n' +
        '  videoUrl    String? @db.Text\n' +
        '  position    Int\n' +
        '  isPublished Boolean @default(false)\n' +
        '  isFree      Boolean @default(false)\n' +
        '\n' +
        '  muxData MuxData?\n' +
        '\n' +
        '  courseId String\n' +
        '  course   Course @relation(fields: [courseId], references: [id], onDelete: Cascade)\n' +
        '\n' +
        '  userProgress UserProgress[]\n' +
        '\n' +
        '  createdAt DateTime @default(now())\n' +
        '  updatedAt DateTime @updatedAt\n' +
        '\n' +
        '  @@index([courseId])\n' +
        '}\n' +
        '\n' +
        'model MuxData {\n' +
        '  id         String  @id @default(uuid())\n' +
        '  playbackId String?\n' +
        '  assetId    String\n' +
        '\n' +
        '  chapterId String  @unique\n' +
        '  chapter   Chapter @relation(fields: [chapterId], references: [id], onDelete: Cascade)\n' +
        '}\n' +
        '\n' +
        'model UserProgress {\n' +
        '  id     String @id @default(uuid())\n' +
        '  userId String\n' +
        '\n' +
        '  chapterId String\n' +
        '  chapter   Chapter @relation(fields: [chapterId], references: [id], onDelete: Cascade)\n' +
        '\n' +
        '  isCompleted Boolean @default(false)\n' +
        '\n' +
        '  createdAt DateTime @default(now())\n' +
        '  updatedAt DateTime @updatedAt\n' +
        '\n' +
        '  @@unique([userId, chapterId])\n' +
        '  @@index([chapterId])\n' +
        '}\n' +
        '\n' +
        'model Purchase {\n' +
        '  id     String @id @default(uuid())\n' +
        '  userId String\n' +
        '\n' +
        '  courseId String\n' +
        '  course   Course @relation(fields: [courseId], references: [id], onDelete: Cascade)\n' +
        '\n' +
        '  createdAt DateTime @default(now())\n' +
        '  updatedAt DateTime @updatedAt\n' +
        '\n' +
        '  @@unique([userId, courseId])\n' +
        '  @@index([courseId])\n' +
        '}\n' +
        '\n' +
        'model StripeCustomer {\n' +
        '  id               String @id @default(uuid())\n' +
        '  userId           String @unique\n' +
        '  stripeCustomerId String @unique\n' +
        '\n' +
        '  createdAt DateTime @default(now())\n' +
        '  updatedAt DateTime @updatedAt\n' +
        '}\n',
      libraryInstantiationPromise: [Promise],
      binaryTarget: 'windows',
      library: [Object],
      QueryEngineConstructor: [Function: QueryEngine],
      engine: QueryEngine {},
      versionInfo: [Object]
    },
    _requestHandler: <ref *1> $n [RequestHandler] {
      logEmitter: [EventEmitter],
      client: [Object],
      dataloader: [Mn [DataLoader]]
    },
    _metrics: Dt { _engine: [_r] },
    _appliedParent: {
      _originalClient: [Object],
      _middlewares: [Ln],
      _createPrismaPromise: [Function (anonymous)],
      '$extends': [Function: Ia],
      _extensions: [e],
      _previewFeatures: [Array],
      _clientVersion: '5.22.0',
      _activeProvider: 'mysql',
      _globalOmit: undefined,
      _tracingHelper: [Object],
      _errorFormat: 'minimal',
      _runtimeDataModel: [Object],
      _engineConfig: [Object],
      _accelerateEngineConfig: [Object],
      _engine: [_r],
      _requestHandler: [$n [RequestHandler]],
      _metrics: [Dt],
      _appliedParent: [Object],
      attachment: [Object],
      course: [Object],
      category: [Object],
      chapter: [Object],
      muxData: [Object],
      userProgress: [Object],
      purchase: [Object],
      stripeCustomer: [Object],
      '$parent': [Object],
      Symbol(): [Object]
    }
  }
}
   Generating static pages (0/12) ...
Imported DB: {
  _originalClient: {
    _originalClient: {
      _originalClient: [Object],
      _middlewares: [Ln],
      _createPrismaPromise: [Function (anonymous)],
      '$extends': [Function: Ia],
      _extensions: [e],
      _previewFeatures: [Array],
      _clientVersion: '5.22.0',
      _activeProvider: 'mysql',
      _globalOmit: undefined,
      _tracingHelper: [Object],
      _errorFormat: 'minimal',
      _runtimeDataModel: [Object],
      _engineConfig: [Object],
      _accelerateEngineConfig: [Object],
      _engine: [_r],
      _requestHandler: [$n [RequestHandler]],
      _metrics: [Dt],
      _appliedParent: [Object]
    },
    _middlewares: Ln { _middlewares: [] },
    _createPrismaPromise: [Function (anonymous)],
    '$extends': [Function: Ia],
    _extensions: e { head: undefined },
    _previewFeatures: [ 'fullTextIndex', 'fullTextSearch' ],
    _clientVersion: '5.22.0',
    _activeProvider: 'mysql',
    _globalOmit: undefined,
    _tracingHelper: {
      isEnabled: [Function: isEnabled],
      getTraceParent: [Function: getTraceParent],
      createEngineSpan: [AsyncFunction: createEngineSpan],
      getActiveContext: [Function: getActiveContext],
      runInChildSpan: [Function: runInChildSpan]
    },
    _errorFormat: 'minimal',
    _runtimeDataModel: { models: [Object], enums: {}, types: {} },
    _engineConfig: {
      cwd: 'C:\\Users\\D3ll\\Desktop\\lms\\gyan-sagar\\prisma',
      dirname: 'C:\\Users\\D3ll\\Desktop\\lms\\gyan-sagar\\node_modules\\.prisma\\client',
      enableDebugLogs: false,
      allowTriggerPanic: undefined,
      datamodelPath: 'C:\\Users\\D3ll\\Desktop\\lms\\gyan-sagar\\node_modules\\.prisma\\client\\schema.prisma',
      prismaPath: 'C:\\Users\\D3ll\\Desktop\\lms\\gyan-sagar\\node_modules\\.prisma\\client\\query_engine-windows.dll.node',
      engineEndpoint: undefined,
      generator: [Object],
      showColors: false,
      logLevel: undefined,
      logQueries: undefined,
      env: [Object],
      flags: [],
      engineWasm: undefined,
      clientVersion: '5.22.0',
      engineVersion: '605197351a3c8bdd595af2d2a9bc3025bca48ea2',
      previewFeatures: [Array],
      activeProvider: 'mysql',
      inlineSchema: 'generator client {\n' +
        '  provider        = "prisma-client-js"\n' +
        '  previewFeatures = ["fullTextSearch", "fullTextIndex"]\n' +
        '}\n' +
        '\n' +
        'datasource db {\n' +
        '  provider = "mysql"\n' +
        '  url      = env("DATABASE_URL")\n' +
        '}\n' +
        '\n' +
        'model Attachment {\n' +
        '  id        String   @id @default(uuid())\n' +
        '  name      String\n' +
        '  url       String   @db.Text\n' +
        '  courseId  String\n' +
        '  createdAt DateTime @default(now())\n' +
        '  updatedAt DateTime @updatedAt\n' +
        '  course    Course   @relation(fields: [courseId], references: [id], onDelete: Cascade)\n' +
        '\n' +
        '  @@index([courseId])\n' +
        '}\n' +
        '\n' +
        'model Course {\n' +
        '  id          String    @id @default(uuid())\n' +
        '  userId      String\n' +
        '  title       String    @db.Text\n' +
        '  description String?   @db.Text\n' +
        '  imageUrl    String?   @db.Text\n' +
        '  price       Float?\n' +
        '  isPublished Boolean   @default(false)\n' +
        '  categoryId  String?\n' +
        '  createdAt   DateTime  @default(now())\n' +
        '  updatedAt   DateTime  @updatedAt\n' +
        '  category    Category? @relation(fields: [categoryId], references: [id])\n' +
        '\n' +
        '  attachments Attachment[]\n' +
        '  chapters    Chapter[]\n' +
        '  purchases   Purchase[]\n' +
        '\n' +
        '  @@index([categoryId])\n' +
        '  @@fulltext([title])\n' +
        '}\n' +
        '\n' +
        'model Category {\n' +
        '  id      String   @id @default(uuid())\n' +
        '  name    String   @unique\n' +
        '  courses Course[]\n' +
        '}\n' +
        '\n' +
        'model Chapter {\n' +
        '  id          String  @id @default(uuid())\n' +
        '  title       String\n' +
        '  description String? @db.Text\n' +
        '  videoUrl    String? @db.Text\n' +
        '  position    Int\n' +
        '  isPublished Boolean @default(false)\n' +
        '  isFree      Boolean @default(false)\n' +
        '\n' +
        '  muxData MuxData?\n' +
        '\n' +
        '  courseId String\n' +
        '  course   Course @relation(fields: [courseId], references: [id], onDelete: Cascade)\n' +
        '\n' +
        '  userProgress UserProgress[]\n' +
        '\n' +
        '  createdAt DateTime @default(now())\n' +
        '  updatedAt DateTime @updatedAt\n' +
        '\n' +
        '  @@index([courseId])\n' +
        '}\n' +
        '\n' +
        'model MuxData {\n' +
        '  id         String  @id @default(uuid())\n' +
        '  playbackId String?\n' +
        '  assetId    String\n' +
        '\n' +
        '  chapterId String  @unique\n' +
        '  chapter   Chapter @relation(fields: [chapterId], references: [id], onDelete: Cascade)\n' +
        '}\n' +
        '\n' +
        'model UserProgress {\n' +
        '  id     String @id @default(uuid())\n' +
        '  userId String\n' +
        '\n' +
        '  chapterId String\n' +
        '  chapter   Chapter @relation(fields: [chapterId], references: [id], onDelete: Cascade)\n' +
        '\n' +
        '  isCompleted Boolean @default(false)\n' +
        '\n' +
        '  createdAt DateTime @default(now())\n' +
        '  updatedAt DateTime @updatedAt\n' +
        '\n' +
        '  @@unique([userId, chapterId])\n' +
        '  @@index([chapterId])\n' +
        '}\n' +
        '\n' +
        'model Purchase {\n' +
        '  id     String @id @default(uuid())\n' +
        '  userId String\n' +
        '\n' +
        '  courseId String\n' +
        '  course   Course @relation(fields: [courseId], references: [id], onDelete: Cascade)\n' +
        '\n' +
        '  createdAt DateTime @default(now())\n' +
        '  updatedAt DateTime @updatedAt\n' +
        '\n' +
        '  @@unique([userId, courseId])\n' +
        '  @@index([courseId])\n' +
        '}\n' +
        '\n' +
        'model StripeCustomer {\n' +
        '  id               String @id @default(uuid())\n' +
        '  userId           String @unique\n' +
        '  stripeCustomerId String @unique\n' +
        '\n' +
        '  createdAt DateTime @default(now())\n' +
        '  updatedAt DateTime @updatedAt\n' +
        '}\n',
      overrideDatasources: {},
      inlineDatasources: [Object],
      inlineSchemaHash: '0fe19c0c764e3d996daf363c4a931cec27f01038326be91eb8bc02c4a2e75ca6',
      tracingHelper: [Object],
      transactionOptions: [Object],
      logEmitter: [EventEmitter],
      isBundled: undefined,
      adapter: undefined
    },
    _accelerateEngineConfig: {
      cwd: 'C:\\Users\\D3ll\\Desktop\\lms\\gyan-sagar\\prisma',
      dirname: 'C:\\Users\\D3ll\\Desktop\\lms\\gyan-sagar\\node_modules\\.prisma\\client',
      enableDebugLogs: false,
      allowTriggerPanic: undefined,
      datamodelPath: 'C:\\Users\\D3ll\\Desktop\\lms\\gyan-sagar\\node_modules\\.prisma\\client\\schema.prisma',
      prismaPath: undefined,
      engineEndpoint: undefined,
      generator: [Object],
      showColors: false,
      logLevel: undefined,
      logQueries: undefined,
      env: [Object],
      flags: [],
      engineWasm: undefined,
      clientVersion: '5.22.0',
      engineVersion: '605197351a3c8bdd595af2d2a9bc3025bca48ea2',
      previewFeatures: [Array],
      activeProvider: 'mysql',
      inlineSchema: 'generator client {\n' +
        '  provider        = "prisma-client-js"\n' +
        '  previewFeatures = ["fullTextSearch", "fullTextIndex"]\n' +
        '}\n' +
        '\n' +
        'datasource db {\n' +
        '  provider = "mysql"\n' +
        '  url      = env("DATABASE_URL")\n' +
        '}\n' +
        '\n' +
        'model Attachment {\n' +
        '  id        String   @id @default(uuid())\n' +
        '  name      String\n' +
        '  url       String   @db.Text\n' +
        '  courseId  String\n' +
        '  createdAt DateTime @default(now())\n' +
        '  updatedAt DateTime @updatedAt\n' +
        '  course    Course   @relation(fields: [courseId], references: [id], onDelete: Cascade)\n' +
        '\n' +
        '  @@index([courseId])\n' +
        '}\n' +
        '\n' +
        'model Course {\n' +
        '  id          String    @id @default(uuid())\n' +
        '  userId      String\n' +
        '  title       String    @db.Text\n' +
        '  description String?   @db.Text\n' +
        '  imageUrl    String?   @db.Text\n' +
        '  price       Float?\n' +
        '  isPublished Boolean   @default(false)\n' +
        '  categoryId  String?\n' +
        '  createdAt   DateTime  @default(now())\n' +
        '  updatedAt   DateTime  @updatedAt\n' +
        '  category    Category? @relation(fields: [categoryId], references: [id])\n' +
        '\n' +
        '  attachments Attachment[]\n' +
        '  chapters    Chapter[]\n' +
        '  purchases   Purchase[]\n' +
        '\n' +
        '  @@index([categoryId])\n' +
        '  @@fulltext([title])\n' +
        '}\n' +
        '\n' +
        'model Category {\n' +
        '  id      String   @id @default(uuid())\n' +
        '  name    String   @unique\n' +
        '  courses Course[]\n' +
        '}\n' +
        '\n' +
        'model Chapter {\n' +
        '  id          String  @id @default(uuid())\n' +
        '  title       String\n' +
        '  description String? @db.Text\n' +
        '  videoUrl    String? @db.Text\n' +
        '  position    Int\n' +
        '  isPublished Boolean @default(false)\n' +
        '  isFree      Boolean @default(false)\n' +
        '\n' +
        '  muxData MuxData?\n' +
        '\n' +
        '  courseId String\n' +
        '  course   Course @relation(fields: [courseId], references: [id], onDelete: Cascade)\n' +
        '\n' +
        '  userProgress UserProgress[]\n' +
        '\n' +
        '  createdAt DateTime @default(now())\n' +
        '  updatedAt DateTime @updatedAt\n' +
        '\n' +
        '  @@index([courseId])\n' +
        '}\n' +
        '\n' +
        'model MuxData {\n' +
        '  id         String  @id @default(uuid())\n' +
        '  playbackId String?\n' +
        '  assetId    String\n' +
        '\n' +
        '  chapterId String  @unique\n' +
        '  chapter   Chapter @relation(fields: [chapterId], references: [id], onDelete: Cascade)\n' +
        '}\n' +
        '\n' +
        'model UserProgress {\n' +
        '  id     String @id @default(uuid())\n' +
        '  userId String\n' +
        '\n' +
        '  chapterId String\n' +
        '  chapter   Chapter @relation(fields: [chapterId], references: [id], onDelete: Cascade)\n' +
        '\n' +
        '  isCompleted Boolean @default(false)\n' +
        '\n' +
        '  createdAt DateTime @default(now())\n' +
        '  updatedAt DateTime @updatedAt\n' +
        '\n' +
        '  @@unique([userId, chapterId])\n' +
        '  @@index([chapterId])\n' +
        '}\n' +
        '\n' +
        'model Purchase {\n' +
        '  id     String @id @default(uuid())\n' +
        '  userId String\n' +
        '\n' +
        '  courseId String\n' +
        '  course   Course @relation(fields: [courseId], references: [id], onDelete: Cascade)\n' +
        '\n' +
        '  createdAt DateTime @default(now())\n' +
        '  updatedAt DateTime @updatedAt\n' +
        '\n' +
        '  @@unique([userId, courseId])\n' +
        '  @@index([courseId])\n' +
        '}\n' +
        '\n' +
        'model StripeCustomer {\n' +
        '  id               String @id @default(uuid())\n' +
        '  userId           String @unique\n' +
        '  stripeCustomerId String @unique\n' +
        '\n' +
        '  createdAt DateTime @default(now())\n' +
        '  updatedAt DateTime @updatedAt\n' +
        '}\n',
      overrideDatasources: {},
      inlineDatasources: [Object],
      inlineSchemaHash: '0fe19c0c764e3d996daf363c4a931cec27f01038326be91eb8bc02c4a2e75ca6',
      tracingHelper: [Object],
      transactionOptions: [Object],
      logEmitter: [EventEmitter],
      isBundled: undefined,
      adapter: undefined,
      accelerateUtils: [Object]
    },
    _engine: _r {
      name: 'LibraryEngine',
      libraryLoader: [Object],
      config: [Object],
      libraryStarted: false,
      logQueries: false,
      logLevel: 'error',
      logEmitter: [EventEmitter],
      datamodel: 'generator client {\n' +
        '  provider        = "prisma-client-js"\n' +
        '  previewFeatures = ["fullTextSearch", "fullTextIndex"]\n' +
        '}\n' +
        '\n' +
        'datasource db {\n' +
        '  provider = "mysql"\n' +
        '  url      = env("DATABASE_URL")\n' +
        '}\n' +
        '\n' +
        'model Attachment {\n' +
        '  id        String   @id @default(uuid())\n' +
        '  name      String\n' +
        '  url       String   @db.Text\n' +
        '  courseId  String\n' +
        '  createdAt DateTime @default(now())\n' +
        '  updatedAt DateTime @updatedAt\n' +
        '  course    Course   @relation(fields: [courseId], references: [id], onDelete: Cascade)\n' +
        '\n' +
        '  @@index([courseId])\n' +
        '}\n' +
        '\n' +
        'model Course {\n' +
        '  id          String    @id @default(uuid())\n' +
        '  userId      String\n' +
        '  title       String    @db.Text\n' +
        '  description String?   @db.Text\n' +
        '  imageUrl    String?   @db.Text\n' +
        '  price       Float?\n' +
        '  isPublished Boolean   @default(false)\n' +
        '  categoryId  String?\n' +
        '  createdAt   DateTime  @default(now())\n' +
        '  updatedAt   DateTime  @updatedAt\n' +
        '  category    Category? @relation(fields: [categoryId], references: [id])\n' +
        '\n' +
        '  attachments Attachment[]\n' +
        '  chapters    Chapter[]\n' +
        '  purchases   Purchase[]\n' +
        '\n' +
        '  @@index([categoryId])\n' +
        '  @@fulltext([title])\n' +
        '}\n' +
        '\n' +
        'model Category {\n' +
        '  id      String   @id @default(uuid())\n' +
        '  name    String   @unique\n' +
        '  courses Course[]\n' +
        '}\n' +
        '\n' +
        'model Chapter {\n' +
        '  id          String  @id @default(uuid())\n' +
        '  title       String\n' +
        '  description String? @db.Text\n' +
        '  videoUrl    String? @db.Text\n' +
        '  position    Int\n' +
        '  isPublished Boolean @default(false)\n' +
        '  isFree      Boolean @default(false)\n' +
        '\n' +
        '  muxData MuxData?\n' +
        '\n' +
        '  courseId String\n' +
        '  course   Course @relation(fields: [courseId], references: [id], onDelete: Cascade)\n' +
        '\n' +
        '  userProgress UserProgress[]\n' +
        '\n' +
        '  createdAt DateTime @default(now())\n' +
        '  updatedAt DateTime @updatedAt\n' +
        '\n' +
        '  @@index([courseId])\n' +
        '}\n' +
        '\n' +
        'model MuxData {\n' +
        '  id         String  @id @default(uuid())\n' +
        '  playbackId String?\n' +
        '  assetId    String\n' +
        '\n' +
        '  chapterId String  @unique\n' +
        '  chapter   Chapter @relation(fields: [chapterId], references: [id], onDelete: Cascade)\n' +
        '}\n' +
        '\n' +
        'model UserProgress {\n' +
        '  id     String @id @default(uuid())\n' +
        '  userId String\n' +
        '\n' +
        '  chapterId String\n' +
        '  chapter   Chapter @relation(fields: [chapterId], references: [id], onDelete: Cascade)\n' +
        '\n' +
        '  isCompleted Boolean @default(false)\n' +
        '\n' +
        '  createdAt DateTime @default(now())\n' +
        '  updatedAt DateTime @updatedAt\n' +
        '\n' +
        '  @@unique([userId, chapterId])\n' +
        '  @@index([chapterId])\n' +
        '}\n' +
        '\n' +
        'model Purchase {\n' +
        '  id     String @id @default(uuid())\n' +
        '  userId String\n' +
        '\n' +
        '  courseId String\n' +
        '  course   Course @relation(fields: [courseId], references: [id], onDelete: Cascade)\n' +
        '\n' +
        '  createdAt DateTime @default(now())\n' +
        '  updatedAt DateTime @updatedAt\n' +
        '\n' +
        '  @@unique([userId, courseId])\n' +
        '  @@index([courseId])\n' +
        '}\n' +
        '\n' +
        'model StripeCustomer {\n' +
        '  id               String @id @default(uuid())\n' +
        '  userId           String @unique\n' +
        '  stripeCustomerId String @unique\n' +
        '\n' +
        '  createdAt DateTime @default(now())\n' +
        '  updatedAt DateTime @updatedAt\n' +
        '}\n',
      libraryInstantiationPromise: [Promise],
      binaryTarget: 'windows',
      library: [Object],
      QueryEngineConstructor: [Function: QueryEngine],
      engine: QueryEngine {},
      versionInfo: [Object]
    },
    _requestHandler: $n [RequestHandler] {
      logEmitter: [EventEmitter],
      client: [Object],
      dataloader: [Mn [DataLoader]]
    },
    _metrics: Dt { _engine: [_r] },
    _appliedParent: {
      _originalClient: [Object],
      _middlewares: [Ln],
      _createPrismaPromise: [Function (anonymous)],
      '$extends': [Function: Ia],
      _extensions: [e],
      _previewFeatures: [Array],
      _clientVersion: '5.22.0',
      _activeProvider: 'mysql',
      _globalOmit: undefined,
      _tracingHelper: [Object],
      _errorFormat: 'minimal',
      _runtimeDataModel: [Object],
      _engineConfig: [Object],
      _accelerateEngineConfig: [Object],
      _engine: [_r],
      _requestHandler: [$n [RequestHandler]],
      _metrics: [Dt],
      _appliedParent: [Object],
      attachment: [Object],
      course: [Object],
      category: [Object],
      chapter: [Object],
      muxData: [Object],
      userProgress: [Object],
      purchase: [Object],
      stripeCustomer: [Object],
      '$parent': [Object],
      Symbol(): [Object]
    }
  },
  _middlewares: Ln { _middlewares: [] },
  _createPrismaPromise: [Function (anonymous)],
  '$extends': [Function: Ia],
  _extensions: e { head: undefined },
  _previewFeatures: [ 'fullTextIndex', 'fullTextSearch' ],
  _clientVersion: '5.22.0',
  _activeProvider: 'mysql',
  _globalOmit: undefined,
  _tracingHelper: {
    isEnabled: [Function: isEnabled],
    getTraceParent: [Function: getTraceParent],
    createEngineSpan: [AsyncFunction: createEngineSpan],
    getActiveContext: [Function: getActiveContext],
    runInChildSpan: [Function: runInChildSpan]
  },
  _errorFormat: 'minimal',
  _runtimeDataModel: {
    models: {
      Attachment: [Object],
      Course: [Object],
      Category: [Object],
      Chapter: [Object],
      MuxData: [Object],
      UserProgress: [Object],
      Purchase: [Object],
      StripeCustomer: [Object]
    },
    enums: {},
    types: {}
  },
  _engineConfig: {
    cwd: 'C:\\Users\\D3ll\\Desktop\\lms\\gyan-sagar\\prisma',
    dirname: 'C:\\Users\\D3ll\\Desktop\\lms\\gyan-sagar\\node_modules\\.prisma\\client',
    enableDebugLogs: false,
    allowTriggerPanic: undefined,
    datamodelPath: 'C:\\Users\\D3ll\\Desktop\\lms\\gyan-sagar\\node_modules\\.prisma\\client\\schema.prisma',
    prismaPath: 'C:\\Users\\D3ll\\Desktop\\lms\\gyan-sagar\\node_modules\\.prisma\\client\\query_engine-windows.dll.node',
    engineEndpoint: undefined,
    generator: {
      name: 'client',
      provider: [Object],
      output: [Object],
      config: [Object],
      binaryTargets: [Array],
      previewFeatures: [Array],
      sourceFilePath: 'C:\\Users\\D3ll\\Desktop\\lms\\gyan-sagar\\prisma\\schema.prisma'
    },
    showColors: false,
    logLevel: undefined,
    logQueries: undefined,
    env: {
      NEXT_PUBLIC_CLERK_PUBLISHABLE_KEY: 'pk_test_bGlrZWQtZWxrLTg1LmNsZXJrLmFjY291bnRzLmRldiQ',
      CLERK_SECRET_KEY: 'sk_test_ultvxD3VZaaiZZhcZGa7gIQRErJVgxoo4NQ5OdVM7F',
      NEXT_PUBLIC_CLERK_SIGN_IN_URL: '/sign-in',
      NEXT_PUBLIC_CLERK_SIGN_UP_URL: '/sign-up',
      NEXT_PUBLIC_CLERK_AFTER_SIGN_IN_URL: '/',
      NEXT_PUBLIC_CLERK_AFTER_SIGN_UP_URL: '/',
      DATABASE_URL: 'mysql://avnadmin:AVNS_2O68EmgcwNHXxovkJVN@mysql-30263920-lms-gyansagar.h.aivencloud.com:16725/defaultdb?ssl-mode=REQUIRED',
      UPLOADTHING_TOKEN: 'eyJhcGlLZXkiOiJza19saXZlX2YyN2QzYTNkMmNmYTZmMDJlMGFlMGQ4NjI0YTJhNzczOTFkZjYyMDhjNWVjZDExZDcxNjA4ZDRmYjQ2Mjg4MGIiLCJhcHBJZCI6Im16c2RseWd0OW8iLCJyZWdpb25zIjpbInNlYTEiXX0=',
      UPLOADTHING_APP_ID: 'mzsdlygt9o',
      MUX_TOKEN_ID: 'df1429d2-e6e9-4bbe-b23d-a2d6a67c6f88',
      MUX_TOKEN_SECRET: '4DVa83XVJyvyGJ4OFOBZT/6Hco41wHqAmjCTfAvGXHl2bYGrG6dOoLXG/XhrXOoMdSaIZlBSPHD',
      STRIPE_API_KEY: 'sk_test_51T6Swx4bZnZQBZ02JKJ8vzgXMupQXU0kXj7qIpurO9TIMO5BHdLvEo9lAnnYJfht3K43Hy0xn8XKqBJ8LCoIIH7800qk7oM0XV',
      NEXT_PUBLIC_APP_URL: 'http://localhost:3000',
      STRIPE_WEBHOOK_SECRET: 'whsec_a8957acf26da5a9214fc5f800ee7f29b8d8ab82f51ea79e915e6c164602de021',
      NEXT_PUBLIC_TEACHER_ID: 'user_39KOjd62mdu6MPId1N5UKPxwJev'
    },
    flags: [],
    engineWasm: undefined,
    clientVersion: '5.22.0',
    engineVersion: '605197351a3c8bdd595af2d2a9bc3025bca48ea2',
    previewFeatures: [ 'fullTextIndex', 'fullTextSearch' ],
    activeProvider: 'mysql',
    inlineSchema: 'generator client {\n' +
      '  provider        = "prisma-client-js"\n' +
      '  previewFeatures = ["fullTextSearch", "fullTextIndex"]\n' +
      '}\n' +
      '\n' +
      'datasource db {\n' +
      '  provider = "mysql"\n' +
      '  url      = env("DATABASE_URL")\n' +
      '}\n' +
      '\n' +
      'model Attachment {\n' +
      '  id        String   @id @default(uuid())\n' +
      '  name      String\n' +
      '  url       String   @db.Text\n' +
      '  courseId  String\n' +
      '  createdAt DateTime @default(now())\n' +
      '  updatedAt DateTime @updatedAt\n' +
      '  course    Course   @relation(fields: [courseId], references: [id], onDelete: Cascade)\n' +
      '\n' +
      '  @@index([courseId])\n' +
      '}\n' +
      '\n' +
      'model Course {\n' +
      '  id          String    @id @default(uuid())\n' +
      '  userId      String\n' +
      '  title       String    @db.Text\n' +
      '  description String?   @db.Text\n' +
      '  imageUrl    String?   @db.Text\n' +
      '  price       Float?\n' +
      '  isPublished Boolean   @default(false)\n' +
      '  categoryId  String?\n' +
      '  createdAt   DateTime  @default(now())\n' +
      '  updatedAt   DateTime  @updatedAt\n' +
      '  category    Category? @relation(fields: [categoryId], references: [id])\n' +
      '\n' +
      '  attachments Attachment[]\n' +
      '  chapters    Chapter[]\n' +
      '  purchases   Purchase[]\n' +
      '\n' +
      '  @@index([categoryId])\n' +
      '  @@fulltext([title])\n' +
      '}\n' +
      '\n' +
      'model Category {\n' +
      '  id      String   @id @default(uuid())\n' +
      '  name    String   @unique\n' +
      '  courses Course[]\n' +
      '}\n' +
      '\n' +
      'model Chapter {\n' +
      '  id          String  @id @default(uuid())\n' +
      '  title       String\n' +
      '  description String? @db.Text\n' +
      '  videoUrl    String? @db.Text\n' +
      '  position    Int\n' +
      '  isPublished Boolean @default(false)\n' +
      '  isFree      Boolean @default(false)\n' +
      '\n' +
      '  muxData MuxData?\n' +
      '\n' +
      '  courseId String\n' +
      '  course   Course @relation(fields: [courseId], references: [id], onDelete: Cascade)\n' +
      '\n' +
      '  userProgress UserProgress[]\n' +
      '\n' +
      '  createdAt DateTime @default(now())\n' +
      '  updatedAt DateTime @updatedAt\n' +
      '\n' +
      '  @@index([courseId])\n' +
      '}\n' +
      '\n' +
      'model MuxData {\n' +
      '  id         String  @id @default(uuid())\n' +
      '  playbackId String?\n' +
      '  assetId    String\n' +
      '\n' +
      '  chapterId String  @unique\n' +
      '  chapter   Chapter @relation(fields: [chapterId], references: [id], onDelete: Cascade)\n' +
      '}\n' +
      '\n' +
      'model UserProgress {\n' +
      '  id     String @id @default(uuid())\n' +
      '  userId String\n' +
      '\n' +
      '  chapterId String\n' +
      '  chapter   Chapter @relation(fields: [chapterId], references: [id], onDelete: Cascade)\n' +
      '\n' +
      '  isCompleted Boolean @default(false)\n' +
      '\n' +
      '  createdAt DateTime @default(now())\n' +
      '  updatedAt DateTime @updatedAt\n' +
      '\n' +
      '  @@unique([userId, chapterId])\n' +
      '  @@index([chapterId])\n' +
      '}\n' +
      '\n' +
      'model Purchase {\n' +
      '  id     String @id @default(uuid())\n' +
      '  userId String\n' +
      '\n' +
      '  courseId String\n' +
      '  course   Course @relation(fields: [courseId], references: [id], onDelete: Cascade)\n' +
      '\n' +
      '  createdAt DateTime @default(now())\n' +
      '  updatedAt DateTime @updatedAt\n' +
      '\n' +
      '  @@unique([userId, courseId])\n' +
      '  @@index([courseId])\n' +
      '}\n' +
      '\n' +
      'model StripeCustomer {\n' +
      '  id               String @id @default(uuid())\n' +
      '  userId           String @unique\n' +
      '  stripeCustomerId String @unique\n' +
      '\n' +
      '  createdAt DateTime @default(now())\n' +
      '  updatedAt DateTime @updatedAt\n' +
      '}\n',
    overrideDatasources: {},
    inlineDatasources: { db: [Object] },
    inlineSchemaHash: '0fe19c0c764e3d996daf363c4a931cec27f01038326be91eb8bc02c4a2e75ca6',
    tracingHelper: {
      isEnabled: [Function: isEnabled],
      getTraceParent: [Function: getTraceParent],
      createEngineSpan: [AsyncFunction: createEngineSpan],
      getActiveContext: [Function: getActiveContext],
      runInChildSpan: [Function: runInChildSpan]
    },
    transactionOptions: { maxWait: 2000, timeout: 5000, isolationLevel: undefined },
    logEmitter: EventEmitter {
      _events: [Object: null prototype],
      _eventsCount: 1,
      _maxListeners: undefined,
      Symbol(shapeMode): false,
      Symbol(kCapture): false
    },
    isBundled: undefined,
    adapter: undefined
  },
  _accelerateEngineConfig: {
    cwd: 'C:\\Users\\D3ll\\Desktop\\lms\\gyan-sagar\\prisma',
    dirname: 'C:\\Users\\D3ll\\Desktop\\lms\\gyan-sagar\\node_modules\\.prisma\\client',
    enableDebugLogs: false,
    allowTriggerPanic: undefined,
    datamodelPath: 'C:\\Users\\D3ll\\Desktop\\lms\\gyan-sagar\\node_modules\\.prisma\\client\\schema.prisma',
    prismaPath: undefined,
    engineEndpoint: undefined,
    generator: {
      name: 'client',
      provider: [Object],
      output: [Object],
      config: [Object],
      binaryTargets: [Array],
      previewFeatures: [Array],
      sourceFilePath: 'C:\\Users\\D3ll\\Desktop\\lms\\gyan-sagar\\prisma\\schema.prisma'
    },
    showColors: false,
    logLevel: undefined,
    logQueries: undefined,
    env: {
      NEXT_PUBLIC_CLERK_PUBLISHABLE_KEY: 'pk_test_bGlrZWQtZWxrLTg1LmNsZXJrLmFjY291bnRzLmRldiQ',
      CLERK_SECRET_KEY: 'sk_test_ultvxD3VZaaiZZhcZGa7gIQRErJVgxoo4NQ5OdVM7F',
      NEXT_PUBLIC_CLERK_SIGN_IN_URL: '/sign-in',
      NEXT_PUBLIC_CLERK_SIGN_UP_URL: '/sign-up',
      NEXT_PUBLIC_CLERK_AFTER_SIGN_IN_URL: '/',
      NEXT_PUBLIC_CLERK_AFTER_SIGN_UP_URL: '/',
      DATABASE_URL: 'mysql://avnadmin:AVNS_2O68EmgcwNHXxovkJVN@mysql-30263920-lms-gyansagar.h.aivencloud.com:16725/defaultdb?ssl-mode=REQUIRED',
      UPLOADTHING_TOKEN: 'eyJhcGlLZXkiOiJza19saXZlX2YyN2QzYTNkMmNmYTZmMDJlMGFlMGQ4NjI0YTJhNzczOTFkZjYyMDhjNWVjZDExZDcxNjA4ZDRmYjQ2Mjg4MGIiLCJhcHBJZCI6Im16c2RseWd0OW8iLCJyZWdpb25zIjpbInNlYTEiXX0=',
      UPLOADTHING_APP_ID: 'mzsdlygt9o',
      MUX_TOKEN_ID: 'df1429d2-e6e9-4bbe-b23d-a2d6a67c6f88',
      MUX_TOKEN_SECRET: '4DVa83XVJyvyGJ4OFOBZT/6Hco41wHqAmjCTfAvGXHl2bYGrG6dOoLXG/XhrXOoMdSaIZlBSPHD',
      STRIPE_API_KEY: 'sk_test_51T6Swx4bZnZQBZ02JKJ8vzgXMupQXU0kXj7qIpurO9TIMO5BHdLvEo9lAnnYJfht3K43Hy0xn8XKqBJ8LCoIIH7800qk7oM0XV',
      NEXT_PUBLIC_APP_URL: 'http://localhost:3000',
      STRIPE_WEBHOOK_SECRET: 'whsec_a8957acf26da5a9214fc5f800ee7f29b8d8ab82f51ea79e915e6c164602de021',
      NEXT_PUBLIC_TEACHER_ID: 'user_39KOjd62mdu6MPId1N5UKPxwJev'
    },
    flags: [],
    engineWasm: undefined,
    clientVersion: '5.22.0',
    engineVersion: '605197351a3c8bdd595af2d2a9bc3025bca48ea2',
    previewFeatures: [ 'fullTextIndex', 'fullTextSearch' ],
    activeProvider: 'mysql',
    inlineSchema: 'generator client {\n' +
      '  provider        = "prisma-client-js"\n' +
      '  previewFeatures = ["fullTextSearch", "fullTextIndex"]\n' +
      '}\n' +
      '\n' +
      'datasource db {\n' +
      '  provider = "mysql"\n' +
      '  url      = env("DATABASE_URL")\n' +
      '}\n' +
      '\n' +
      'model Attachment {\n' +
      '  id        String   @id @default(uuid())\n' +
      '  name      String\n' +
      '  url       String   @db.Text\n' +
      '  courseId  String\n' +
      '  createdAt DateTime @default(now())\n' +
      '  updatedAt DateTime @updatedAt\n' +
      '  course    Course   @relation(fields: [courseId], references: [id], onDelete: Cascade)\n' +
      '\n' +
      '  @@index([courseId])\n' +
      '}\n' +
      '\n' +
      'model Course {\n' +
      '  id          String    @id @default(uuid())\n' +
      '  userId      String\n' +
      '  title       String    @db.Text\n' +
      '  description String?   @db.Text\n' +
      '  imageUrl    String?   @db.Text\n' +
      '  price       Float?\n' +
      '  isPublished Boolean   @default(false)\n' +
      '  categoryId  String?\n' +
      '  createdAt   DateTime  @default(now())\n' +
      '  updatedAt   DateTime  @updatedAt\n' +
      '  category    Category? @relation(fields: [categoryId], references: [id])\n' +
      '\n' +
      '  attachments Attachment[]\n' +
      '  chapters    Chapter[]\n' +
      '  purchases   Purchase[]\n' +
      '\n' +
      '  @@index([categoryId])\n' +
      '  @@fulltext([title])\n' +
      '}\n' +
      '\n' +
      'model Category {\n' +
      '  id      String   @id @default(uuid())\n' +
      '  name    String   @unique\n' +
      '  courses Course[]\n' +
      '}\n' +
      '\n' +
      'model Chapter {\n' +
      '  id          String  @id @default(uuid())\n' +
      '  title       String\n' +
      '  description String? @db.Text\n' +
      '  videoUrl    String? @db.Text\n' +
      '  position    Int\n' +
      '  isPublished Boolean @default(false)\n' +
      '  isFree      Boolean @default(false)\n' +
      '\n' +
      '  muxData MuxData?\n' +
      '\n' +
      '  courseId String\n' +
      '  course   Course @relation(fields: [courseId], references: [id], onDelete: Cascade)\n' +
      '\n' +
      '  userProgress UserProgress[]\n' +
      '\n' +
      '  createdAt DateTime @default(now())\n' +
      '  updatedAt DateTime @updatedAt\n' +
      '\n' +
      '  @@index([courseId])\n' +
      '}\n' +
      '\n' +
      'model MuxData {\n' +
      '  id         String  @id @default(uuid())\n' +
      '  playbackId String?\n' +
      '  assetId    String\n' +
      '\n' +
      '  chapterId String  @unique\n' +
      '  chapter   Chapter @relation(fields: [chapterId], references: [id], onDelete: Cascade)\n' +
      '}\n' +
      '\n' +
      'model UserProgress {\n' +
      '  id     String @id @default(uuid())\n' +
      '  userId String\n' +
      '\n' +
      '  chapterId String\n' +
      '  chapter   Chapter @relation(fields: [chapterId], references: [id], onDelete: Cascade)\n' +
      '\n' +
      '  isCompleted Boolean @default(false)\n' +
      '\n' +
      '  createdAt DateTime @default(now())\n' +
      '  updatedAt DateTime @updatedAt\n' +
      '\n' +
      '  @@unique([userId, chapterId])\n' +
      '  @@index([chapterId])\n' +
      '}\n' +
      '\n' +
      'model Purchase {\n' +
      '  id     String @id @default(uuid())\n' +
      '  userId String\n' +
      '\n' +
      '  courseId String\n' +
      '  course   Course @relation(fields: [courseId], references: [id], onDelete: Cascade)\n' +
      '\n' +
      '  createdAt DateTime @default(now())\n' +
      '  updatedAt DateTime @updatedAt\n' +
      '\n' +
      '  @@unique([userId, courseId])\n' +
      '  @@index([courseId])\n' +
      '}\n' +
      '\n' +
      'model StripeCustomer {\n' +
      '  id               String @id @default(uuid())\n' +
      '  userId           String @unique\n' +
      '  stripeCustomerId String @unique\n' +
      '\n' +
      '  createdAt DateTime @default(now())\n' +
      '  updatedAt DateTime @updatedAt\n' +
      '}\n',
    overrideDatasources: {},
    inlineDatasources: { db: [Object] },
    inlineSchemaHash: '0fe19c0c764e3d996daf363c4a931cec27f01038326be91eb8bc02c4a2e75ca6',
    tracingHelper: {
      isEnabled: [Function: isEnabled],
      getTraceParent: [Function: getTraceParent],
      createEngineSpan: [AsyncFunction: createEngineSpan],
      getActiveContext: [Function: getActiveContext],
      runInChildSpan: [Function: runInChildSpan]
    },
    transactionOptions: { maxWait: 2000, timeout: 5000, isolationLevel: undefined },
    logEmitter: EventEmitter {
      _events: [Object: null prototype],
      _eventsCount: 1,
      _maxListeners: undefined,
      Symbol(shapeMode): false,
      Symbol(kCapture): false
    },
    isBundled: undefined,
    adapter: undefined,
    accelerateUtils: {
      resolveDatasourceUrl: [Function: Nt],
      getBatchRequestPayload: [Function: Ft],
      prismaGraphQLToJSError: [Function: st],
      PrismaClientUnknownRequestError: [class PrismaClientUnknownRequestError extends Error],
      PrismaClientInitializationError: [class PrismaClientInitializationError extends Error],
      PrismaClientKnownRequestError: [class PrismaClientKnownRequestError extends Error],
      debug: [Function: r],
      engineVersion: '5.22.0-44.605197351a3c8bdd595af2d2a9bc3025bca48ea2',
      clientVersion: '5.22.0'
    }
  },
  _engine: _r {
    name: 'LibraryEngine',
    libraryLoader: { loadLibrary: [AsyncFunction: loadLibrary] },
    config: {
      cwd: 'C:\\Users\\D3ll\\Desktop\\lms\\gyan-sagar\\prisma',
      dirname: 'C:\\Users\\D3ll\\Desktop\\lms\\gyan-sagar\\node_modules\\.prisma\\client',
      enableDebugLogs: false,
      allowTriggerPanic: undefined,
      datamodelPath: 'C:\\Users\\D3ll\\Desktop\\lms\\gyan-sagar\\node_modules\\.prisma\\client\\schema.prisma',
      prismaPath: 'C:\\Users\\D3ll\\Desktop\\lms\\gyan-sagar\\node_modules\\.prisma\\client\\query_engine-windows.dll.node',
      engineEndpoint: undefined,
      generator: [Object],
      showColors: false,
      logLevel: undefined,
      logQueries: undefined,
      env: [Object],
      flags: [],
      engineWasm: undefined,
      clientVersion: '5.22.0',
      engineVersion: '605197351a3c8bdd595af2d2a9bc3025bca48ea2',
      previewFeatures: [Array],
      activeProvider: 'mysql',
      inlineSchema: 'generator client {\n' +
        '  provider        = "prisma-client-js"\n' +
        '  previewFeatures = ["fullTextSearch", "fullTextIndex"]\n' +
        '}\n' +
        '\n' +
        'datasource db {\n' +
        '  provider = "mysql"\n' +
        '  url      = env("DATABASE_URL")\n' +
        '}\n' +
        '\n' +
        'model Attachment {\n' +
        '  id        String   @id @default(uuid())\n' +
        '  name      String\n' +
        '  url       String   @db.Text\n' +
        '  courseId  String\n' +
        '  createdAt DateTime @default(now())\n' +
        '  updatedAt DateTime @updatedAt\n' +
        '  course    Course   @relation(fields: [courseId], references: [id], onDelete: Cascade)\n' +
        '\n' +
        '  @@index([courseId])\n' +
        '}\n' +
        '\n' +
        'model Course {\n' +
        '  id          String    @id @default(uuid())\n' +
        '  userId      String\n' +
        '  title       String    @db.Text\n' +
        '  description String?   @db.Text\n' +
        '  imageUrl    String?   @db.Text\n' +
        '  price       Float?\n' +
        '  isPublished Boolean   @default(false)\n' +
        '  categoryId  String?\n' +
        '  createdAt   DateTime  @default(now())\n' +
        '  updatedAt   DateTime  @updatedAt\n' +
        '  category    Category? @relation(fields: [categoryId], references: [id])\n' +
        '\n' +
        '  attachments Attachment[]\n' +
        '  chapters    Chapter[]\n' +
        '  purchases   Purchase[]\n' +
        '\n' +
        '  @@index([categoryId])\n' +
        '  @@fulltext([title])\n' +
        '}\n' +
        '\n' +
        'model Category {\n' +
        '  id      String   @id @default(uuid())\n' +
        '  name    String   @unique\n' +
        '  courses Course[]\n' +
        '}\n' +
        '\n' +
        'model Chapter {\n' +
        '  id          String  @id @default(uuid())\n' +
        '  title       String\n' +
        '  description String? @db.Text\n' +
        '  videoUrl    String? @db.Text\n' +
        '  position    Int\n' +
        '  isPublished Boolean @default(false)\n' +
        '  isFree      Boolean @default(false)\n' +
        '\n' +
        '  muxData MuxData?\n' +
        '\n' +
        '  courseId String\n' +
        '  course   Course @relation(fields: [courseId], references: [id], onDelete: Cascade)\n' +
        '\n' +
        '  userProgress UserProgress[]\n' +
        '\n' +
        '  createdAt DateTime @default(now())\n' +
        '  updatedAt DateTime @updatedAt\n' +
        '\n' +
        '  @@index([courseId])\n' +
        '}\n' +
        '\n' +
        'model MuxData {\n' +
        '  id         String  @id @default(uuid())\n' +
        '  playbackId String?\n' +
        '  assetId    String\n' +
        '\n' +
        '  chapterId String  @unique\n' +
        '  chapter   Chapter @relation(fields: [chapterId], references: [id], onDelete: Cascade)\n' +
        '}\n' +
        '\n' +
        'model UserProgress {\n' +
        '  id     String @id @default(uuid())\n' +
        '  userId String\n' +
        '\n' +
        '  chapterId String\n' +
        '  chapter   Chapter @relation(fields: [chapterId], references: [id], onDelete: Cascade)\n' +
        '\n' +
        '  isCompleted Boolean @default(false)\n' +
        '\n' +
        '  createdAt DateTime @default(now())\n' +
        '  updatedAt DateTime @updatedAt\n' +
        '\n' +
        '  @@unique([userId, chapterId])\n' +
        '  @@index([chapterId])\n' +
        '}\n' +
        '\n' +
        'model Purchase {\n' +
        '  id     String @id @default(uuid())\n' +
        '  userId String\n' +
        '\n' +
        '  courseId String\n' +
        '  course   Course @relation(fields: [courseId], references: [id], onDelete: Cascade)\n' +
        '\n' +
        '  createdAt DateTime @default(now())\n' +
        '  updatedAt DateTime @updatedAt\n' +
        '\n' +
        '  @@unique([userId, courseId])\n' +
        '  @@index([courseId])\n' +
        '}\n' +
        '\n' +
        'model StripeCustomer {\n' +
        '  id               String @id @default(uuid())\n' +
        '  userId           String @unique\n' +
        '  stripeCustomerId String @unique\n' +
        '\n' +
        '  createdAt DateTime @default(now())\n' +
        '  updatedAt DateTime @updatedAt\n' +
        '}\n',
      overrideDatasources: {},
      inlineDatasources: [Object],
      inlineSchemaHash: '0fe19c0c764e3d996daf363c4a931cec27f01038326be91eb8bc02c4a2e75ca6',
      tracingHelper: [Object],
      transactionOptions: [Object],
      logEmitter: [EventEmitter],
      isBundled: undefined,
      adapter: undefined
    },
    libraryStarted: false,
    logQueries: false,
    logLevel: 'error',
    logEmitter: EventEmitter {
      _events: [Object: null prototype],
      _eventsCount: 1,
      _maxListeners: undefined,
      Symbol(shapeMode): false,
      Symbol(kCapture): false
    },
    datamodel: 'generator client {\n' +
      '  provider        = "prisma-client-js"\n' +
      '  previewFeatures = ["fullTextSearch", "fullTextIndex"]\n' +
      '}\n' +
      '\n' +
      'datasource db {\n' +
      '  provider = "mysql"\n' +
      '  url      = env("DATABASE_URL")\n' +
      '}\n' +
      '\n' +
      'model Attachment {\n' +
      '  id        String   @id @default(uuid())\n' +
      '  name      String\n' +
      '  url       String   @db.Text\n' +
      '  courseId  String\n' +
      '  createdAt DateTime @default(now())\n' +
      '  updatedAt DateTime @updatedAt\n' +
      '  course    Course   @relation(fields: [courseId], references: [id], onDelete: Cascade)\n' +
      '\n' +
      '  @@index([courseId])\n' +
      '}\n' +
      '\n' +
      'model Course {\n' +
      '  id          String    @id @default(uuid())\n' +
      '  userId      String\n' +
      '  title       String    @db.Text\n' +
      '  description String?   @db.Text\n' +
      '  imageUrl    String?   @db.Text\n' +
      '  price       Float?\n' +
      '  isPublished Boolean   @default(false)\n' +
      '  categoryId  String?\n' +
      '  createdAt   DateTime  @default(now())\n' +
      '  updatedAt   DateTime  @updatedAt\n' +
      '  category    Category? @relation(fields: [categoryId], references: [id])\n' +
      '\n' +
      '  attachments Attachment[]\n' +
      '  chapters    Chapter[]\n' +
      '  purchases   Purchase[]\n' +
      '\n' +
      '  @@index([categoryId])\n' +
      '  @@fulltext([title])\n' +
      '}\n' +
      '\n' +
      'model Category {\n' +
      '  id      String   @id @default(uuid())\n' +
      '  name    String   @unique\n' +
      '  courses Course[]\n' +
      '}\n' +
      '\n' +
      'model Chapter {\n' +
      '  id          String  @id @default(uuid())\n' +
      '  title       String\n' +
      '  description String? @db.Text\n' +
      '  videoUrl    String? @db.Text\n' +
      '  position    Int\n' +
      '  isPublished Boolean @default(false)\n' +
      '  isFree      Boolean @default(false)\n' +
      '\n' +
      '  muxData MuxData?\n' +
      '\n' +
      '  courseId String\n' +
      '  course   Course @relation(fields: [courseId], references: [id], onDelete: Cascade)\n' +
      '\n' +
      '  userProgress UserProgress[]\n' +
      '\n' +
      '  createdAt DateTime @default(now())\n' +
      '  updatedAt DateTime @updatedAt\n' +
      '\n' +
      '  @@index([courseId])\n' +
      '}\n' +
      '\n' +
      'model MuxData {\n' +
      '  id         String  @id @default(uuid())\n' +
      '  playbackId String?\n' +
      '  assetId    String\n' +
      '\n' +
      '  chapterId String  @unique\n' +
      '  chapter   Chapter @relation(fields: [chapterId], references: [id], onDelete: Cascade)\n' +
      '}\n' +
      '\n' +
      'model UserProgress {\n' +
      '  id     String @id @default(uuid())\n' +
      '  userId String\n' +
      '\n' +
      '  chapterId String\n' +
      '  chapter   Chapter @relation(fields: [chapterId], references: [id], onDelete: Cascade)\n' +
      '\n' +
      '  isCompleted Boolean @default(false)\n' +
      '\n' +
      '  createdAt DateTime @default(now())\n' +
      '  updatedAt DateTime @updatedAt\n' +
      '\n' +
      '  @@unique([userId, chapterId])\n' +
      '  @@index([chapterId])\n' +
      '}\n' +
      '\n' +
      'model Purchase {\n' +
      '  id     String @id @default(uuid())\n' +
      '  userId String\n' +
      '\n' +
      '  courseId String\n' +
      '  course   Course @relation(fields: [courseId], references: [id], onDelete: Cascade)\n' +
      '\n' +
      '  createdAt DateTime @default(now())\n' +
      '  updatedAt DateTime @updatedAt\n' +
      '\n' +
      '  @@unique([userId, courseId])\n' +
      '  @@index([courseId])\n' +
      '}\n' +
      '\n' +
      'model StripeCustomer {\n' +
      '  id               String @id @default(uuid())\n' +
      '  userId           String @unique\n' +
      '  stripeCustomerId String @unique\n' +
      '\n' +
      '  createdAt DateTime @default(now())\n' +
      '  updatedAt DateTime @updatedAt\n' +
      '}\n',
    libraryInstantiationPromise: Promise { undefined },
    binaryTarget: 'windows',
    library: {
      version: [Function: version],
      debugPanic: [Function: debugPanic],
      ColumnType: [Object],
      QueryEngine: [Function: QueryEngine]
    },
    QueryEngineConstructor: [Function: QueryEngine],
    engine: QueryEngine {},
    versionInfo: {
      commit: '605197351a3c8bdd595af2d2a9bc3025bca48ea2',
      version: '0.1.0'
    }
  },
  _requestHandler: <ref *1> $n [RequestHandler] {
    logEmitter: EventEmitter {
      _events: [Object: null prototype],
      _eventsCount: 1,
      _maxListeners: undefined,
      Symbol(shapeMode): false,
      Symbol(kCapture): false
    },
    client: {
      _originalClient: [Object],
      _middlewares: [Ln],
      _createPrismaPromise: [Function (anonymous)],
      '$extends': [Function: Ia],
      _extensions: [e],
      _previewFeatures: [Array],
      _clientVersion: '5.22.0',
      _activeProvider: 'mysql',
      _globalOmit: undefined,
      _tracingHelper: [Object],
      _errorFormat: 'minimal',
      _runtimeDataModel: [Object],
      _engineConfig: [Object],
      _accelerateEngineConfig: [Object],
      _engine: [_r],
      _requestHandler: [Circular *1],
      _metrics: [Dt],
      _appliedParent: [Object]
    },
    dataloader: Mn [DataLoader] {
      options: [Object],
      tickActive: false,
      batches: {}
    }
  },
  _metrics: Dt {
    _engine: _r {
      name: 'LibraryEngine',
      libraryLoader: [Object],
      config: [Object],
      libraryStarted: false,
      logQueries: false,
      logLevel: 'error',
      logEmitter: [EventEmitter],
      datamodel: 'generator client {\n' +
        '  provider        = "prisma-client-js"\n' +
        '  previewFeatures = ["fullTextSearch", "fullTextIndex"]\n' +
        '}\n' +
        '\n' +
        'datasource db {\n' +
        '  provider = "mysql"\n' +
        '  url      = env("DATABASE_URL")\n' +
        '}\n' +
        '\n' +
        'model Attachment {\n' +
        '  id        String   @id @default(uuid())\n' +
        '  name      String\n' +
        '  url       String   @db.Text\n' +
        '  courseId  String\n' +
        '  createdAt DateTime @default(now())\n' +
        '  updatedAt DateTime @updatedAt\n' +
        '  course    Course   @relation(fields: [courseId], references: [id], onDelete: Cascade)\n' +
        '\n' +
        '  @@index([courseId])\n' +
        '}\n' +
        '\n' +
        'model Course {\n' +
        '  id          String    @id @default(uuid())\n' +
        '  userId      String\n' +
        '  title       String    @db.Text\n' +
        '  description String?   @db.Text\n' +
        '  imageUrl    String?   @db.Text\n' +
        '  price       Float?\n' +
        '  isPublished Boolean   @default(false)\n' +
        '  categoryId  String?\n' +
        '  createdAt   DateTime  @default(now())\n' +
        '  updatedAt   DateTime  @updatedAt\n' +
        '  category    Category? @relation(fields: [categoryId], references: [id])\n' +
        '\n' +
        '  attachments Attachment[]\n' +
        '  chapters    Chapter[]\n' +
        '  purchases   Purchase[]\n' +
        '\n' +
        '  @@index([categoryId])\n' +
        '  @@fulltext([title])\n' +
        '}\n' +
        '\n' +
        'model Category {\n' +
        '  id      String   @id @default(uuid())\n' +
        '  name    String   @unique\n' +
        '  courses Course[]\n' +
        '}\n' +
        '\n' +
        'model Chapter {\n' +
        '  id          String  @id @default(uuid())\n' +
        '  title       String\n' +
        '  description String? @db.Text\n' +
        '  videoUrl    String? @db.Text\n' +
        '  position    Int\n' +
        '  isPublished Boolean @default(false)\n' +
        '  isFree      Boolean @default(false)\n' +
        '\n' +
        '  muxData MuxData?\n' +
        '\n' +
        '  courseId String\n' +
        '  course   Course @relation(fields: [courseId], references: [id], onDelete: Cascade)\n' +
        '\n' +
        '  userProgress UserProgress[]\n' +
        '\n' +
        '  createdAt DateTime @default(now())\n' +
        '  updatedAt DateTime @updatedAt\n' +
        '\n' +
        '  @@index([courseId])\n' +
        '}\n' +
        '\n' +
        'model MuxData {\n' +
        '  id         String  @id @default(uuid())\n' +
        '  playbackId String?\n' +
        '  assetId    String\n' +
        '\n' +
        '  chapterId String  @unique\n' +
        '  chapter   Chapter @relation(fields: [chapterId], references: [id], onDelete: Cascade)\n' +
        '}\n' +
        '\n' +
        'model UserProgress {\n' +
        '  id     String @id @default(uuid())\n' +
        '  userId String\n' +
        '\n' +
        '  chapterId String\n' +
        '  chapter   Chapter @relation(fields: [chapterId], references: [id], onDelete: Cascade)\n' +
        '\n' +
        '  isCompleted Boolean @default(false)\n' +
        '\n' +
        '  createdAt DateTime @default(now())\n' +
        '  updatedAt DateTime @updatedAt\n' +
        '\n' +
        '  @@unique([userId, chapterId])\n' +
        '  @@index([chapterId])\n' +
        '}\n' +
        '\n' +
        'model Purchase {\n' +
        '  id     String @id @default(uuid())\n' +
        '  userId String\n' +
        '\n' +
        '  courseId String\n' +
        '  course   Course @relation(fields: [courseId], references: [id], onDelete: Cascade)\n' +
        '\n' +
        '  createdAt DateTime @default(now())\n' +
        '  updatedAt DateTime @updatedAt\n' +
        '\n' +
        '  @@unique([userId, courseId])\n' +
        '  @@index([courseId])\n' +
        '}\n' +
        '\n' +
        'model StripeCustomer {\n' +
        '  id               String @id @default(uuid())\n' +
        '  userId           String @unique\n' +
        '  stripeCustomerId String @unique\n' +
        '\n' +
        '  createdAt DateTime @default(now())\n' +
        '  updatedAt DateTime @updatedAt\n' +
        '}\n',
      libraryInstantiationPromise: [Promise],
      binaryTarget: 'windows',
      library: [Object],
      QueryEngineConstructor: [Function: QueryEngine],
      engine: QueryEngine {},
      versionInfo: [Object]
    }
  },
  _appliedParent: {
    _originalClient: {
      _originalClient: [Object],
      _middlewares: [Ln],
      _createPrismaPromise: [Function (anonymous)],
      '$extends': [Function: Ia],
      _extensions: [e],
      _previewFeatures: [Array],
      _clientVersion: '5.22.0',
      _activeProvider: 'mysql',
      _globalOmit: undefined,
      _tracingHelper: [Object],
      _errorFormat: 'minimal',
      _runtimeDataModel: [Object],
      _engineConfig: [Object],
      _accelerateEngineConfig: [Object],
      _engine: [_r],
      _requestHandler: [$n [RequestHandler]],
      _metrics: [Dt],
      _appliedParent: [Object]
    },
    _middlewares: Ln { _middlewares: [] },
    _createPrismaPromise: [Function (anonymous)],
    '$extends': [Function: Ia],
    _extensions: e { head: undefined },
    _previewFeatures: [ 'fullTextIndex', 'fullTextSearch' ],
    _clientVersion: '5.22.0',
    _activeProvider: 'mysql',
    _globalOmit: undefined,
    _tracingHelper: {
      isEnabled: [Function: isEnabled],
      getTraceParent: [Function: getTraceParent],
      createEngineSpan: [AsyncFunction: createEngineSpan],
      getActiveContext: [Function: getActiveContext],
      runInChildSpan: [Function: runInChildSpan]
    },
    _errorFormat: 'minimal',
    _runtimeDataModel: { models: [Object], enums: {}, types: {} },
    _engineConfig: {
      cwd: 'C:\\Users\\D3ll\\Desktop\\lms\\gyan-sagar\\prisma',
      dirname: 'C:\\Users\\D3ll\\Desktop\\lms\\gyan-sagar\\node_modules\\.prisma\\client',
      enableDebugLogs: false,
      allowTriggerPanic: undefined,
      datamodelPath: 'C:\\Users\\D3ll\\Desktop\\lms\\gyan-sagar\\node_modules\\.prisma\\client\\schema.prisma',
      prismaPath: 'C:\\Users\\D3ll\\Desktop\\lms\\gyan-sagar\\node_modules\\.prisma\\client\\query_engine-windows.dll.node',
      engineEndpoint: undefined,
      generator: [Object],
      showColors: false,
      logLevel: undefined,
      logQueries: undefined,
      env: [Object],
      flags: [],
      engineWasm: undefined,
      clientVersion: '5.22.0',
      engineVersion: '605197351a3c8bdd595af2d2a9bc3025bca48ea2',
      previewFeatures: [Array],
      activeProvider: 'mysql',
      inlineSchema: 'generator client {\n' +
        '  provider        = "prisma-client-js"\n' +
        '  previewFeatures = ["fullTextSearch", "fullTextIndex"]\n' +
        '}\n' +
        '\n' +
        'datasource db {\n' +
        '  provider = "mysql"\n' +
        '  url      = env("DATABASE_URL")\n' +
        '}\n' +
        '\n' +
        'model Attachment {\n' +
        '  id        String   @id @default(uuid())\n' +
        '  name      String\n' +
        '  url       String   @db.Text\n' +
        '  courseId  String\n' +
        '  createdAt DateTime @default(now())\n' +
        '  updatedAt DateTime @updatedAt\n' +
        '  course    Course   @relation(fields: [courseId], references: [id], onDelete: Cascade)\n' +
        '\n' +
        '  @@index([courseId])\n' +
        '}\n' +
        '\n' +
        'model Course {\n' +
        '  id          String    @id @default(uuid())\n' +
        '  userId      String\n' +
        '  title       String    @db.Text\n' +
        '  description String?   @db.Text\n' +
        '  imageUrl    String?   @db.Text\n' +
        '  price       Float?\n' +
        '  isPublished Boolean   @default(false)\n' +
        '  categoryId  String?\n' +
        '  createdAt   DateTime  @default(now())\n' +
        '  updatedAt   DateTime  @updatedAt\n' +
        '  category    Category? @relation(fields: [categoryId], references: [id])\n' +
        '\n' +
        '  attachments Attachment[]\n' +
        '  chapters    Chapter[]\n' +
        '  purchases   Purchase[]\n' +
        '\n' +
        '  @@index([categoryId])\n' +
        '  @@fulltext([title])\n' +
        '}\n' +
        '\n' +
        'model Category {\n' +
        '  id      String   @id @default(uuid())\n' +
        '  name    String   @unique\n' +
        '  courses Course[]\n' +
        '}\n' +
        '\n' +
        'model Chapter {\n' +
        '  id          String  @id @default(uuid())\n' +
        '  title       String\n' +
        '  description String? @db.Text\n' +
        '  videoUrl    String? @db.Text\n' +
        '  position    Int\n' +
        '  isPublished Boolean @default(false)\n' +
        '  isFree      Boolean @default(false)\n' +
        '\n' +
        '  muxData MuxData?\n' +
        '\n' +
        '  courseId String\n' +
        '  course   Course @relation(fields: [courseId], references: [id], onDelete: Cascade)\n' +
        '\n' +
        '  userProgress UserProgress[]\n' +
        '\n' +
        '  createdAt DateTime @default(now())\n' +
        '  updatedAt DateTime @updatedAt\n' +
        '\n' +
        '  @@index([courseId])\n' +
        '}\n' +
        '\n' +
        'model MuxData {\n' +
        '  id         String  @id @default(uuid())\n' +
        '  playbackId String?\n' +
        '  assetId    String\n' +
        '\n' +
        '  chapterId String  @unique\n' +
        '  chapter   Chapter @relation(fields: [chapterId], references: [id], onDelete: Cascade)\n' +
        '}\n' +
        '\n' +
        'model UserProgress {\n' +
        '  id     String @id @default(uuid())\n' +
        '  userId String\n' +
        '\n' +
        '  chapterId String\n' +
        '  chapter   Chapter @relation(fields: [chapterId], references: [id], onDelete: Cascade)\n' +
        '\n' +
        '  isCompleted Boolean @default(false)\n' +
        '\n' +
        '  createdAt DateTime @default(now())\n' +
        '  updatedAt DateTime @updatedAt\n' +
        '\n' +
        '  @@unique([userId, chapterId])\n' +
        '  @@index([chapterId])\n' +
        '}\n' +
        '\n' +
        'model Purchase {\n' +
        '  id     String @id @default(uuid())\n' +
        '  userId String\n' +
        '\n' +
        '  courseId String\n' +
        '  course   Course @relation(fields: [courseId], references: [id], onDelete: Cascade)\n' +
        '\n' +
        '  createdAt DateTime @default(now())\n' +
        '  updatedAt DateTime @updatedAt\n' +
        '\n' +
        '  @@unique([userId, courseId])\n' +
        '  @@index([courseId])\n' +
        '}\n' +
        '\n' +
        'model StripeCustomer {\n' +
        '  id               String @id @default(uuid())\n' +
        '  userId           String @unique\n' +
        '  stripeCustomerId String @unique\n' +
        '\n' +
        '  createdAt DateTime @default(now())\n' +
        '  updatedAt DateTime @updatedAt\n' +
        '}\n',
      overrideDatasources: {},
      inlineDatasources: [Object],
      inlineSchemaHash: '0fe19c0c764e3d996daf363c4a931cec27f01038326be91eb8bc02c4a2e75ca6',
      tracingHelper: [Object],
      transactionOptions: [Object],
      logEmitter: [EventEmitter],
      isBundled: undefined,
      adapter: undefined
    },
    _accelerateEngineConfig: {
      cwd: 'C:\\Users\\D3ll\\Desktop\\lms\\gyan-sagar\\prisma',
      dirname: 'C:\\Users\\D3ll\\Desktop\\lms\\gyan-sagar\\node_modules\\.prisma\\client',
      enableDebugLogs: false,
      allowTriggerPanic: undefined,
      datamodelPath: 'C:\\Users\\D3ll\\Desktop\\lms\\gyan-sagar\\node_modules\\.prisma\\client\\schema.prisma',
      prismaPath: undefined,
      engineEndpoint: undefined,
      generator: [Object],
      showColors: false,
      logLevel: undefined,
      logQueries: undefined,
      env: [Object],
      flags: [],
      engineWasm: undefined,
      clientVersion: '5.22.0',
      engineVersion: '605197351a3c8bdd595af2d2a9bc3025bca48ea2',
      previewFeatures: [Array],
      activeProvider: 'mysql',
      inlineSchema: 'generator client {\n' +
        '  provider        = "prisma-client-js"\n' +
        '  previewFeatures = ["fullTextSearch", "fullTextIndex"]\n' +
        '}\n' +
        '\n' +
        'datasource db {\n' +
        '  provider = "mysql"\n' +
        '  url      = env("DATABASE_URL")\n' +
        '}\n' +
        '\n' +
        'model Attachment {\n' +
        '  id        String   @id @default(uuid())\n' +
        '  name      String\n' +
        '  url       String   @db.Text\n' +
        '  courseId  String\n' +
        '  createdAt DateTime @default(now())\n' +
        '  updatedAt DateTime @updatedAt\n' +
        '  course    Course   @relation(fields: [courseId], references: [id], onDelete: Cascade)\n' +
        '\n' +
        '  @@index([courseId])\n' +
        '}\n' +
        '\n' +
        'model Course {\n' +
        '  id          String    @id @default(uuid())\n' +
        '  userId      String\n' +
        '  title       String    @db.Text\n' +
        '  description String?   @db.Text\n' +
        '  imageUrl    String?   @db.Text\n' +
        '  price       Float?\n' +
        '  isPublished Boolean   @default(false)\n' +
        '  categoryId  String?\n' +
        '  createdAt   DateTime  @default(now())\n' +
        '  updatedAt   DateTime  @updatedAt\n' +
        '  category    Category? @relation(fields: [categoryId], references: [id])\n' +
        '\n' +
        '  attachments Attachment[]\n' +
        '  chapters    Chapter[]\n' +
        '  purchases   Purchase[]\n' +
        '\n' +
        '  @@index([categoryId])\n' +
        '  @@fulltext([title])\n' +
        '}\n' +
        '\n' +
        'model Category {\n' +
        '  id      String   @id @default(uuid())\n' +
        '  name    String   @unique\n' +
        '  courses Course[]\n' +
        '}\n' +
        '\n' +
        'model Chapter {\n' +
        '  id          String  @id @default(uuid())\n' +
        '  title       String\n' +
        '  description String? @db.Text\n' +
        '  videoUrl    String? @db.Text\n' +
        '  position    Int\n' +
        '  isPublished Boolean @default(false)\n' +
        '  isFree      Boolean @default(false)\n' +
        '\n' +
        '  muxData MuxData?\n' +
        '\n' +
        '  courseId String\n' +
        '  course   Course @relation(fields: [courseId], references: [id], onDelete: Cascade)\n' +
        '\n' +
        '  userProgress UserProgress[]\n' +
        '\n' +
        '  createdAt DateTime @default(now())\n' +
        '  updatedAt DateTime @updatedAt\n' +
        '\n' +
        '  @@index([courseId])\n' +
        '}\n' +
        '\n' +
        'model MuxData {\n' +
        '  id         String  @id @default(uuid())\n' +
        '  playbackId String?\n' +
        '  assetId    String\n' +
        '\n' +
        '  chapterId String  @unique\n' +
        '  chapter   Chapter @relation(fields: [chapterId], references: [id], onDelete: Cascade)\n' +
        '}\n' +
        '\n' +
        'model UserProgress {\n' +
        '  id     String @id @default(uuid())\n' +
        '  userId String\n' +
        '\n' +
        '  chapterId String\n' +
        '  chapter   Chapter @relation(fields: [chapterId], references: [id], onDelete: Cascade)\n' +
        '\n' +
        '  isCompleted Boolean @default(false)\n' +
        '\n' +
        '  createdAt DateTime @default(now())\n' +
        '  updatedAt DateTime @updatedAt\n' +
        '\n' +
        '  @@unique([userId, chapterId])\n' +
        '  @@index([chapterId])\n' +
        '}\n' +
        '\n' +
        'model Purchase {\n' +
        '  id     String @id @default(uuid())\n' +
        '  userId String\n' +
        '\n' +
        '  courseId String\n' +
        '  course   Course @relation(fields: [courseId], references: [id], onDelete: Cascade)\n' +
        '\n' +
        '  createdAt DateTime @default(now())\n' +
        '  updatedAt DateTime @updatedAt\n' +
        '\n' +
        '  @@unique([userId, courseId])\n' +
        '  @@index([courseId])\n' +
        '}\n' +
        '\n' +
        'model StripeCustomer {\n' +
        '  id               String @id @default(uuid())\n' +
        '  userId           String @unique\n' +
        '  stripeCustomerId String @unique\n' +
        '\n' +
        '  createdAt DateTime @default(now())\n' +
        '  updatedAt DateTime @updatedAt\n' +
        '}\n',
      overrideDatasources: {},
      inlineDatasources: [Object],
      inlineSchemaHash: '0fe19c0c764e3d996daf363c4a931cec27f01038326be91eb8bc02c4a2e75ca6',
      tracingHelper: [Object],
      transactionOptions: [Object],
      logEmitter: [EventEmitter],
      isBundled: undefined,
      adapter: undefined,
      accelerateUtils: [Object]
    },
    _engine: _r {
      name: 'LibraryEngine',
      libraryLoader: [Object],
      config: [Object],
      libraryStarted: false,
      logQueries: false,
      logLevel: 'error',
      logEmitter: [EventEmitter],
      datamodel: 'generator client {\n' +
        '  provider        = "prisma-client-js"\n' +
        '  previewFeatures = ["fullTextSearch", "fullTextIndex"]\n' +
        '}\n' +
        '\n' +
        'datasource db {\n' +
        '  provider = "mysql"\n' +
        '  url      = env("DATABASE_URL")\n' +
        '}\n' +
        '\n' +
        'model Attachment {\n' +
        '  id        String   @id @default(uuid())\n' +
        '  name      String\n' +
        '  url       String   @db.Text\n' +
        '  courseId  String\n' +
        '  createdAt DateTime @default(now())\n' +
        '  updatedAt DateTime @updatedAt\n' +
        '  course    Course   @relation(fields: [courseId], references: [id], onDelete: Cascade)\n' +
        '\n' +
        '  @@index([courseId])\n' +
        '}\n' +
        '\n' +
        'model Course {\n' +
        '  id          String    @id @default(uuid())\n' +
        '  userId      String\n' +
        '  title       String    @db.Text\n' +
        '  description String?   @db.Text\n' +
        '  imageUrl    String?   @db.Text\n' +
        '  price       Float?\n' +
        '  isPublished Boolean   @default(false)\n' +
        '  categoryId  String?\n' +
        '  createdAt   DateTime  @default(now())\n' +
        '  updatedAt   DateTime  @updatedAt\n' +
        '  category    Category? @relation(fields: [categoryId], references: [id])\n' +
        '\n' +
        '  attachments Attachment[]\n' +
        '  chapters    Chapter[]\n' +
        '  purchases   Purchase[]\n' +
        '\n' +
        '  @@index([categoryId])\n' +
        '  @@fulltext([title])\n' +
        '}\n' +
        '\n' +
        'model Category {\n' +
        '  id      String   @id @default(uuid())\n' +
        '  name    String   @unique\n' +
        '  courses Course[]\n' +
        '}\n' +
        '\n' +
        'model Chapter {\n' +
        '  id          String  @id @default(uuid())\n' +
        '  title       String\n' +
        '  description String? @db.Text\n' +
        '  videoUrl    String? @db.Text\n' +
        '  position    Int\n' +
        '  isPublished Boolean @default(false)\n' +
        '  isFree      Boolean @default(false)\n' +
        '\n' +
        '  muxData MuxData?\n' +
        '\n' +
        '  courseId String\n' +
        '  course   Course @relation(fields: [courseId], references: [id], onDelete: Cascade)\n' +
        '\n' +
        '  userProgress UserProgress[]\n' +
        '\n' +
        '  createdAt DateTime @default(now())\n' +
        '  updatedAt DateTime @updatedAt\n' +
        '\n' +
        '  @@index([courseId])\n' +
        '}\n' +
        '\n' +
        'model MuxData {\n' +
        '  id         String  @id @default(uuid())\n' +
        '  playbackId String?\n' +
        '  assetId    String\n' +
        '\n' +
        '  chapterId String  @unique\n' +
        '  chapter   Chapter @relation(fields: [chapterId], references: [id], onDelete: Cascade)\n' +
        '}\n' +
        '\n' +
        'model UserProgress {\n' +
        '  id     String @id @default(uuid())\n' +
        '  userId String\n' +
        '\n' +
        '  chapterId String\n' +
        '  chapter   Chapter @relation(fields: [chapterId], references: [id], onDelete: Cascade)\n' +
        '\n' +
        '  isCompleted Boolean @default(false)\n' +
        '\n' +
        '  createdAt DateTime @default(now())\n' +
        '  updatedAt DateTime @updatedAt\n' +
        '\n' +
        '  @@unique([userId, chapterId])\n' +
        '  @@index([chapterId])\n' +
        '}\n' +
        '\n' +
        'model Purchase {\n' +
        '  id     String @id @default(uuid())\n' +
        '  userId String\n' +
        '\n' +
        '  courseId String\n' +
        '  course   Course @relation(fields: [courseId], references: [id], onDelete: Cascade)\n' +
        '\n' +
        '  createdAt DateTime @default(now())\n' +
        '  updatedAt DateTime @updatedAt\n' +
        '\n' +
        '  @@unique([userId, courseId])\n' +
        '  @@index([courseId])\n' +
        '}\n' +
        '\n' +
        'model StripeCustomer {\n' +
        '  id               String @id @default(uuid())\n' +
        '  userId           String @unique\n' +
        '  stripeCustomerId String @unique\n' +
        '\n' +
        '  createdAt DateTime @default(now())\n' +
        '  updatedAt DateTime @updatedAt\n' +
        '}\n',
      libraryInstantiationPromise: [Promise],
      binaryTarget: 'windows',
      library: [Object],
      QueryEngineConstructor: [Function: QueryEngine],
      engine: QueryEngine {},
      versionInfo: [Object]
    },
    _requestHandler: <ref *1> $n [RequestHandler] {
      logEmitter: [EventEmitter],
      client: [Object],
      dataloader: [Mn [DataLoader]]
    },
    _metrics: Dt { _engine: [_r] },
    _appliedParent: {
      _originalClient: [Object],
      _middlewares: [Ln],
      _createPrismaPromise: [Function (anonymous)],
      '$extends': [Function: Ia],
      _extensions: [e],
      _previewFeatures: [Array],
      _clientVersion: '5.22.0',
      _activeProvider: 'mysql',
      _globalOmit: undefined,
      _tracingHelper: [Object],
      _errorFormat: 'minimal',
      _runtimeDataModel: [Object],
      _engineConfig: [Object],
      _accelerateEngineConfig: [Object],
      _engine: [_r],
      _requestHandler: [$n [RequestHandler]],
      _metrics: [Dt],
      _appliedParent: [Object],
      attachment: [Object],
      course: [Object],
      category: [Object],
      chapter: [Object],
      muxData: [Object],
      userProgress: [Object],
      purchase: [Object],
      stripeCustomer: [Object],
      '$parent': [Object],
      Symbol(): [Object]
    },
    attachment: {
      findUnique: [Function (anonymous)],
      findUniqueOrThrow: [Function (anonymous)],
      findFirst: [Function (anonymous)],
      findFirstOrThrow: [Function (anonymous)],
      findMany: [Function (anonymous)],
      create: [Function (anonymous)],
      createMany: [Function (anonymous)],
      createManyAndReturn: [Function (anonymous)],
      update: [Function (anonymous)],
      updateMany: [Function (anonymous)],
      upsert: [Function (anonymous)],
      delete: [Function (anonymous)],
      deleteMany: [Function (anonymous)],
      groupBy: [Function (anonymous)],
      count: [Function (anonymous)],
      aggregate: [Function (anonymous)],
      findRaw: [Function (anonymous)],
      aggregateRaw: [Function (anonymous)],
      fields: {},
      name: 'Attachment',
      '$name': 'Attachment',
      '$parent': [Object]
    },
    course: {
      findUnique: [Function (anonymous)],
      findUniqueOrThrow: [Function (anonymous)],
      findFirst: [Function (anonymous)],
      findFirstOrThrow: [Function (anonymous)],
      findMany: [Function (anonymous)],
      create: [Function (anonymous)],
      createMany: [Function (anonymous)],
      createManyAndReturn: [Function (anonymous)],
      update: [Function (anonymous)],
      updateMany: [Function (anonymous)],
      upsert: [Function (anonymous)],
      delete: [Function (anonymous)],
      deleteMany: [Function (anonymous)],
      groupBy: [Function (anonymous)],
      count: [Function (anonymous)],
      aggregate: [Function (anonymous)],
      findRaw: [Function (anonymous)],
      aggregateRaw: [Function (anonymous)],
      fields: {},
      name: 'Course',
      '$name': 'Course',
      '$parent': [Object]
    },
    category: {
      findUnique: [Function (anonymous)],
      findUniqueOrThrow: [Function (anonymous)],
      findFirst: [Function (anonymous)],
      findFirstOrThrow: [Function (anonymous)],
      findMany: [Function (anonymous)],
      create: [Function (anonymous)],
      createMany: [Function (anonymous)],
      createManyAndReturn: [Function (anonymous)],
      update: [Function (anonymous)],
      updateMany: [Function (anonymous)],
      upsert: [Function (anonymous)],
      delete: [Function (anonymous)],
      deleteMany: [Function (anonymous)],
      groupBy: [Function (anonymous)],
      count: [Function (anonymous)],
      aggregate: [Function (anonymous)],
      findRaw: [Function (anonymous)],
      aggregateRaw: [Function (anonymous)],
      fields: {},
      name: 'Category',
      '$name': 'Category',
      '$parent': [Object]
    },
    chapter: {
      findUnique: [Function (anonymous)],
      findUniqueOrThrow: [Function (anonymous)],
      findFirst: [Function (anonymous)],
      findFirstOrThrow: [Function (anonymous)],
      findMany: [Function (anonymous)],
      create: [Function (anonymous)],
      createMany: [Function (anonymous)],
      createManyAndReturn: [Function (anonymous)],
      update: [Function (anonymous)],
      updateMany: [Function (anonymous)],
      upsert: [Function (anonymous)],
      delete: [Function (anonymous)],
      deleteMany: [Function (anonymous)],
      groupBy: [Function (anonymous)],
      count: [Function (anonymous)],
      aggregate: [Function (anonymous)],
      findRaw: [Function (anonymous)],
      aggregateRaw: [Function (anonymous)],
      fields: {},
      name: 'Chapter',
      '$name': 'Chapter',
      '$parent': [Object]
    },
    muxData: {
      findUnique: [Function (anonymous)],
      findUniqueOrThrow: [Function (anonymous)],
      findFirst: [Function (anonymous)],
      findFirstOrThrow: [Function (anonymous)],
      findMany: [Function (anonymous)],
      create: [Function (anonymous)],
      createMany: [Function (anonymous)],
      createManyAndReturn: [Function (anonymous)],
      update: [Function (anonymous)],
      updateMany: [Function (anonymous)],
      upsert: [Function (anonymous)],
      delete: [Function (anonymous)],
      deleteMany: [Function (anonymous)],
      groupBy: [Function (anonymous)],
      count: [Function (anonymous)],
      aggregate: [Function (anonymous)],
      findRaw: [Function (anonymous)],
      aggregateRaw: [Function (anonymous)],
      fields: {},
      name: 'MuxData',
      '$name': 'MuxData',
      '$parent': [Object]
    },
    userProgress: {
      findUnique: [Function (anonymous)],
      findUniqueOrThrow: [Function (anonymous)],
      findFirst: [Function (anonymous)],
      findFirstOrThrow: [Function (anonymous)],
      findMany: [Function (anonymous)],
      create: [Function (anonymous)],
      createMany: [Function (anonymous)],
      createManyAndReturn: [Function (anonymous)],
      update: [Function (anonymous)],
      updateMany: [Function (anonymous)],
      upsert: [Function (anonymous)],
      delete: [Function (anonymous)],
      deleteMany: [Function (anonymous)],
      groupBy: [Function (anonymous)],
      count: [Function (anonymous)],
      aggregate: [Function (anonymous)],
      findRaw: [Function (anonymous)],
      aggregateRaw: [Function (anonymous)],
      fields: {},
      name: 'UserProgress',
      '$name': 'UserProgress',
      '$parent': [Object]
    },
    purchase: {
      findUnique: [Function (anonymous)],
      findUniqueOrThrow: [Function (anonymous)],
      findFirst: [Function (anonymous)],
      findFirstOrThrow: [Function (anonymous)],
      findMany: [Function (anonymous)],
      create: [Function (anonymous)],
      createMany: [Function (anonymous)],
      createManyAndReturn: [Function (anonymous)],
      update: [Function (anonymous)],
      updateMany: [Function (anonymous)],
      upsert: [Function (anonymous)],
      delete: [Function (anonymous)],
      deleteMany: [Function (anonymous)],
      groupBy: [Function (anonymous)],
      count: [Function (anonymous)],
      aggregate: [Function (anonymous)],
      findRaw: [Function (anonymous)],
      aggregateRaw: [Function (anonymous)],
      fields: {},
      name: 'Purchase',
      '$name': 'Purchase',
      '$parent': [Object]
    },
    stripeCustomer: {
      findUnique: [Function (anonymous)],
      findUniqueOrThrow: [Function (anonymous)],
      findFirst: [Function (anonymous)],
      findFirstOrThrow: [Function (anonymous)],
      findMany: [Function (anonymous)],
      create: [Function (anonymous)],
      createMany: [Function (anonymous)],
      createManyAndReturn: [Function (anonymous)],
      update: [Function (anonymous)],
      updateMany: [Function (anonymous)],
      upsert: [Function (anonymous)],
      delete: [Function (anonymous)],
      deleteMany: [Function (anonymous)],
      groupBy: [Function (anonymous)],
      count: [Function (anonymous)],
      aggregate: [Function (anonymous)],
      findRaw: [Function (anonymous)],
      aggregateRaw: [Function (anonymous)],
      fields: {},
      name: 'StripeCustomer',
      '$name': 'StripeCustomer',
      '$parent': [Object]
    },
    '$parent': {
      _originalClient: [Object],
      _middlewares: [Ln],
      _createPrismaPromise: [Function (anonymous)],
      '$extends': [Function: Ia],
      _extensions: [e],
      _previewFeatures: [Array],
      _clientVersion: '5.22.0',
      _activeProvider: 'mysql',
      _globalOmit: undefined,
      _tracingHelper: [Object],
      _errorFormat: 'minimal',
      _runtimeDataModel: [Object],
      _engineConfig: [Object],
      _accelerateEngineConfig: [Object],
      _engine: [_r],
      _requestHandler: [$n [RequestHandler]],
      _metrics: [Dt],
      _appliedParent: [Object],
      attachment: [Object],
      course: [Object],
      category: [Object],
      chapter: [Object],
      muxData: [Object],
      userProgress: [Object],
      purchase: [Object],
      stripeCustomer: [Object],
      '$parent': [Object],
      Symbol(): [Object]
    },
    Symbol(): {
      _originalClient: [Object],
      _middlewares: [Ln],
      _createPrismaPromise: [Function (anonymous)],
      '$extends': [Function: Ia],
      _extensions: [e],
      _previewFeatures: [Array],
      _clientVersion: '5.22.0',
      _activeProvider: 'mysql',
      _globalOmit: undefined,
      _tracingHelper: [Object],
      _errorFormat: 'minimal',
      _runtimeDataModel: [Object],
      _engineConfig: [Object],
      _accelerateEngineConfig: [Object],
      _engine: [_r],
      _requestHandler: [$n [RequestHandler]],
      _metrics: [Dt],
      _appliedParent: [Object]
    }
  },
  attachment: {
    findUnique: [Function (anonymous)],
    findUniqueOrThrow: [Function (anonymous)],
    findFirst: [Function (anonymous)],
    findFirstOrThrow: [Function (anonymous)],
    findMany: [Function (anonymous)],
    create: [Function (anonymous)],
    createMany: [Function (anonymous)],
    createManyAndReturn: [Function (anonymous)],
    update: [Function (anonymous)],
    updateMany: [Function (anonymous)],
    upsert: [Function (anonymous)],
    delete: [Function (anonymous)],
    deleteMany: [Function (anonymous)],
    groupBy: [Function (anonymous)],
    count: [Function (anonymous)],
    aggregate: [Function (anonymous)],
    findRaw: [Function (anonymous)],
    aggregateRaw: [Function (anonymous)],
    fields: {},
    name: 'Attachment',
    '$name': 'Attachment',
    '$parent': {
      _originalClient: [Object],
      _middlewares: [Ln],
      _createPrismaPromise: [Function (anonymous)],
      '$extends': [Function: Ia],
      _extensions: [e],
      _previewFeatures: [Array],
      _clientVersion: '5.22.0',
      _activeProvider: 'mysql',
      _globalOmit: undefined,
      _tracingHelper: [Object],
      _errorFormat: 'minimal',
      _runtimeDataModel: [Object],
      _engineConfig: [Object],
      _accelerateEngineConfig: [Object],
      _engine: [_r],
      _requestHandler: [$n [RequestHandler]],
      _metrics: [Dt],
      _appliedParent: [Object],
      attachment: [Object],
      course: [Object],
      category: [Object],
      chapter: [Object],
      muxData: [Object],
      userProgress: [Object],
      purchase: [Object],
      stripeCustomer: [Object],
      '$parent': [Object],
      Symbol(): [Object]
    }
  },
  course: {
    findUnique: [Function (anonymous)],
    findUniqueOrThrow: [Function (anonymous)],
    findFirst: [Function (anonymous)],
    findFirstOrThrow: [Function (anonymous)],
    findMany: [Function (anonymous)],
    create: [Function (anonymous)],
    createMany: [Function (anonymous)],
    createManyAndReturn: [Function (anonymous)],
    update: [Function (anonymous)],
    updateMany: [Function (anonymous)],
    upsert: [Function (anonymous)],
    delete: [Function (anonymous)],
    deleteMany: [Function (anonymous)],
    groupBy: [Function (anonymous)],
    count: [Function (anonymous)],
    aggregate: [Function (anonymous)],
    findRaw: [Function (anonymous)],
    aggregateRaw: [Function (anonymous)],
    fields: {},
    name: 'Course',
    '$name': 'Course',
    '$parent': {
      _originalClient: [Object],
      _middlewares: [Ln],
      _createPrismaPromise: [Function (anonymous)],
      '$extends': [Function: Ia],
      _extensions: [e],
      _previewFeatures: [Array],
      _clientVersion: '5.22.0',
      _activeProvider: 'mysql',
      _globalOmit: undefined,
      _tracingHelper: [Object],
      _errorFormat: 'minimal',
      _runtimeDataModel: [Object],
      _engineConfig: [Object],
      _accelerateEngineConfig: [Object],
      _engine: [_r],
      _requestHandler: [$n [RequestHandler]],
      _metrics: [Dt],
      _appliedParent: [Object],
      attachment: [Object],
      course: [Object],
      category: [Object],
      chapter: [Object],
      muxData: [Object],
      userProgress: [Object],
      purchase: [Object],
      stripeCustomer: [Object],
      '$parent': [Object],
      Symbol(): [Object]
    }
  },
  category: {
    findUnique: [Function (anonymous)],
    findUniqueOrThrow: [Function (anonymous)],
    findFirst: [Function (anonymous)],
    findFirstOrThrow: [Function (anonymous)],
    findMany: [Function (anonymous)],
    create: [Function (anonymous)],
    createMany: [Function (anonymous)],
    createManyAndReturn: [Function (anonymous)],
    update: [Function (anonymous)],
    updateMany: [Function (anonymous)],
    upsert: [Function (anonymous)],
    delete: [Function (anonymous)],
    deleteMany: [Function (anonymous)],
    groupBy: [Function (anonymous)],
    count: [Function (anonymous)],
    aggregate: [Function (anonymous)],
    findRaw: [Function (anonymous)],
    aggregateRaw: [Function (anonymous)],
    fields: {},
    name: 'Category',
    '$name': 'Category',
    '$parent': {
      _originalClient: [Object],
      _middlewares: [Ln],
      _createPrismaPromise: [Function (anonymous)],
      '$extends': [Function: Ia],
      _extensions: [e],
      _previewFeatures: [Array],
      _clientVersion: '5.22.0',
      _activeProvider: 'mysql',
      _globalOmit: undefined,
      _tracingHelper: [Object],
      _errorFormat: 'minimal',
      _runtimeDataModel: [Object],
      _engineConfig: [Object],
      _accelerateEngineConfig: [Object],
      _engine: [_r],
      _requestHandler: [$n [RequestHandler]],
      _metrics: [Dt],
      _appliedParent: [Object],
      attachment: [Object],
      course: [Object],
      category: [Object],
      chapter: [Object],
      muxData: [Object],
      userProgress: [Object],
      purchase: [Object],
      stripeCustomer: [Object],
      '$parent': [Object],
      Symbol(): [Object]
    }
  },
  chapter: {
    findUnique: [Function (anonymous)],
    findUniqueOrThrow: [Function (anonymous)],
    findFirst: [Function (anonymous)],
    findFirstOrThrow: [Function (anonymous)],
    findMany: [Function (anonymous)],
    create: [Function (anonymous)],
    createMany: [Function (anonymous)],
    createManyAndReturn: [Function (anonymous)],
    update: [Function (anonymous)],
    updateMany: [Function (anonymous)],
    upsert: [Function (anonymous)],
    delete: [Function (anonymous)],
    deleteMany: [Function (anonymous)],
    groupBy: [Function (anonymous)],
    count: [Function (anonymous)],
    aggregate: [Function (anonymous)],
    findRaw: [Function (anonymous)],
    aggregateRaw: [Function (anonymous)],
    fields: {},
    name: 'Chapter',
    '$name': 'Chapter',
    '$parent': {
      _originalClient: [Object],
      _middlewares: [Ln],
      _createPrismaPromise: [Function (anonymous)],
      '$extends': [Function: Ia],
      _extensions: [e],
      _previewFeatures: [Array],
      _clientVersion: '5.22.0',
      _activeProvider: 'mysql',
      _globalOmit: undefined,
      _tracingHelper: [Object],
      _errorFormat: 'minimal',
      _runtimeDataModel: [Object],
      _engineConfig: [Object],
      _accelerateEngineConfig: [Object],
      _engine: [_r],
      _requestHandler: [$n [RequestHandler]],
      _metrics: [Dt],
      _appliedParent: [Object],
      attachment: [Object],
      course: [Object],
      category: [Object],
      chapter: [Object],
      muxData: [Object],
      userProgress: [Object],
      purchase: [Object],
      stripeCustomer: [Object],
      '$parent': [Object],
      Symbol(): [Object]
    }
  },
  muxData: {
    findUnique: [Function (anonymous)],
    findUniqueOrThrow: [Function (anonymous)],
    findFirst: [Function (anonymous)],
    findFirstOrThrow: [Function (anonymous)],
    findMany: [Function (anonymous)],
    create: [Function (anonymous)],
    createMany: [Function (anonymous)],
    createManyAndReturn: [Function (anonymous)],
    update: [Function (anonymous)],
    updateMany: [Function (anonymous)],
    upsert: [Function (anonymous)],
    delete: [Function (anonymous)],
    deleteMany: [Function (anonymous)],
    groupBy: [Function (anonymous)],
    count: [Function (anonymous)],
    aggregate: [Function (anonymous)],
    findRaw: [Function (anonymous)],
    aggregateRaw: [Function (anonymous)],
    fields: {},
    name: 'MuxData',
    '$name': 'MuxData',
    '$parent': {
      _originalClient: [Object],
      _middlewares: [Ln],
      _createPrismaPromise: [Function (anonymous)],
      '$extends': [Function: Ia],
      _extensions: [e],
      _previewFeatures: [Array],
      _clientVersion: '5.22.0',
      _activeProvider: 'mysql',
      _globalOmit: undefined,
      _tracingHelper: [Object],
      _errorFormat: 'minimal',
      _runtimeDataModel: [Object],
      _engineConfig: [Object],
      _accelerateEngineConfig: [Object],
      _engine: [_r],
      _requestHandler: [$n [RequestHandler]],
      _metrics: [Dt],
      _appliedParent: [Object],
      attachment: [Object],
      course: [Object],
      category: [Object],
      chapter: [Object],
      muxData: [Object],
      userProgress: [Object],
      purchase: [Object],
      stripeCustomer: [Object],
      '$parent': [Object],
      Symbol(): [Object]
    }
  },
  userProgress: {
    findUnique: [Function (anonymous)],
    findUniqueOrThrow: [Function (anonymous)],
    findFirst: [Function (anonymous)],
    findFirstOrThrow: [Function (anonymous)],
    findMany: [Function (anonymous)],
    create: [Function (anonymous)],
    createMany: [Function (anonymous)],
    createManyAndReturn: [Function (anonymous)],
    update: [Function (anonymous)],
    updateMany: [Function (anonymous)],
    upsert: [Function (anonymous)],
    delete: [Function (anonymous)],
    deleteMany: [Function (anonymous)],
    groupBy: [Function (anonymous)],
    count: [Function (anonymous)],
    aggregate: [Function (anonymous)],
    findRaw: [Function (anonymous)],
    aggregateRaw: [Function (anonymous)],
    fields: {},
    name: 'UserProgress',
    '$name': 'UserProgress',
    '$parent': {
      _originalClient: [Object],
      _middlewares: [Ln],
      _createPrismaPromise: [Function (anonymous)],
      '$extends': [Function: Ia],
      _extensions: [e],
      _previewFeatures: [Array],
      _clientVersion: '5.22.0',
      _activeProvider: 'mysql',
      _globalOmit: undefined,
      _tracingHelper: [Object],
      _errorFormat: 'minimal',
      _runtimeDataModel: [Object],
      _engineConfig: [Object],
      _accelerateEngineConfig: [Object],
      _engine: [_r],
      _requestHandler: [$n [RequestHandler]],
      _metrics: [Dt],
      _appliedParent: [Object],
      attachment: [Object],
      course: [Object],
      category: [Object],
      chapter: [Object],
      muxData: [Object],
      userProgress: [Object],
      purchase: [Object],
      stripeCustomer: [Object],
      '$parent': [Object],
      Symbol(): [Object]
    }
  },
  purchase: {
    findUnique: [Function (anonymous)],
    findUniqueOrThrow: [Function (anonymous)],
    findFirst: [Function (anonymous)],
    findFirstOrThrow: [Function (anonymous)],
    findMany: [Function (anonymous)],
    create: [Function (anonymous)],
    createMany: [Function (anonymous)],
    createManyAndReturn: [Function (anonymous)],
    update: [Function (anonymous)],
    updateMany: [Function (anonymous)],
    upsert: [Function (anonymous)],
    delete: [Function (anonymous)],
    deleteMany: [Function (anonymous)],
    groupBy: [Function (anonymous)],
    count: [Function (anonymous)],
    aggregate: [Function (anonymous)],
    findRaw: [Function (anonymous)],
    aggregateRaw: [Function (anonymous)],
    fields: {},
    name: 'Purchase',
    '$name': 'Purchase',
    '$parent': {
      _originalClient: [Object],
      _middlewares: [Ln],
      _createPrismaPromise: [Function (anonymous)],
      '$extends': [Function: Ia],
      _extensions: [e],
      _previewFeatures: [Array],
      _clientVersion: '5.22.0',
      _activeProvider: 'mysql',
      _globalOmit: undefined,
      _tracingHelper: [Object],
      _errorFormat: 'minimal',
      _runtimeDataModel: [Object],
      _engineConfig: [Object],
      _accelerateEngineConfig: [Object],
      _engine: [_r],
      _requestHandler: [$n [RequestHandler]],
      _metrics: [Dt],
      _appliedParent: [Object],
      attachment: [Object],
      course: [Object],
      category: [Object],
      chapter: [Object],
      muxData: [Object],
      userProgress: [Object],
      purchase: [Object],
      stripeCustomer: [Object],
      '$parent': [Object],
      Symbol(): [Object]
    }
  },
  stripeCustomer: {
    findUnique: [Function (anonymous)],
    findUniqueOrThrow: [Function (anonymous)],
    findFirst: [Function (anonymous)],
    findFirstOrThrow: [Function (anonymous)],
    findMany: [Function (anonymous)],
    create: [Function (anonymous)],
    createMany: [Function (anonymous)],
    createManyAndReturn: [Function (anonymous)],
    update: [Function (anonymous)],
    updateMany: [Function (anonymous)],
    upsert: [Function (anonymous)],
    delete: [Function (anonymous)],
    deleteMany: [Function (anonymous)],
    groupBy: [Function (anonymous)],
    count: [Function (anonymous)],
    aggregate: [Function (anonymous)],
    findRaw: [Function (anonymous)],
    aggregateRaw: [Function (anonymous)],
    fields: {},
    name: 'StripeCustomer',
    '$name': 'StripeCustomer',
    '$parent': {
      _originalClient: [Object],
      _middlewares: [Ln],
      _createPrismaPromise: [Function (anonymous)],
      '$extends': [Function: Ia],
      _extensions: [e],
      _previewFeatures: [Array],
      _clientVersion: '5.22.0',
      _activeProvider: 'mysql',
      _globalOmit: undefined,
      _tracingHelper: [Object],
      _errorFormat: 'minimal',
      _runtimeDataModel: [Object],
      _engineConfig: [Object],
      _accelerateEngineConfig: [Object],
      _engine: [_r],
      _requestHandler: [$n [RequestHandler]],
      _metrics: [Dt],
      _appliedParent: [Object],
      attachment: [Object],
      course: [Object],
      category: [Object],
      chapter: [Object],
      muxData: [Object],
      userProgress: [Object],
      purchase: [Object],
      stripeCustomer: [Object],
      '$parent': [Object],
      Symbol(): [Object]
    }
  },
  '$parent': {
    _originalClient: {
      _originalClient: [Object],
      _middlewares: [Ln],
      _createPrismaPromise: [Function (anonymous)],
      '$extends': [Function: Ia],
      _extensions: [e],
      _previewFeatures: [Array],
      _clientVersion: '5.22.0',
      _activeProvider: 'mysql',
      _globalOmit: undefined,
      _tracingHelper: [Object],
      _errorFormat: 'minimal',
      _runtimeDataModel: [Object],
      _engineConfig: [Object],
      _accelerateEngineConfig: [Object],
      _engine: [_r],
      _requestHandler: [$n [RequestHandler]],
      _metrics: [Dt],
      _appliedParent: [Object]
    },
    _middlewares: Ln { _middlewares: [] },
    _createPrismaPromise: [Function (anonymous)],
    '$extends': [Function: Ia],
    _extensions: e { head: undefined },
    _previewFeatures: [ 'fullTextIndex', 'fullTextSearch' ],
    _clientVersion: '5.22.0',
    _activeProvider: 'mysql',
    _globalOmit: undefined,
    _tracingHelper: {
      isEnabled: [Function: isEnabled],
      getTraceParent: [Function: getTraceParent],
      createEngineSpan: [AsyncFunction: createEngineSpan],
      getActiveContext: [Function: getActiveContext],
      runInChildSpan: [Function: runInChildSpan]
    },
    _errorFormat: 'minimal',
    _runtimeDataModel: { models: [Object], enums: {}, types: {} },
    _engineConfig: {
      cwd: 'C:\\Users\\D3ll\\Desktop\\lms\\gyan-sagar\\prisma',
      dirname: 'C:\\Users\\D3ll\\Desktop\\lms\\gyan-sagar\\node_modules\\.prisma\\client',
      enableDebugLogs: false,
      allowTriggerPanic: undefined,
      datamodelPath: 'C:\\Users\\D3ll\\Desktop\\lms\\gyan-sagar\\node_modules\\.prisma\\client\\schema.prisma',
      prismaPath: 'C:\\Users\\D3ll\\Desktop\\lms\\gyan-sagar\\node_modules\\.prisma\\client\\query_engine-windows.dll.node',
      engineEndpoint: undefined,
      generator: [Object],
      showColors: false,
      logLevel: undefined,
      logQueries: undefined,
      env: [Object],
      flags: [],
      engineWasm: undefined,
      clientVersion: '5.22.0',
      engineVersion: '605197351a3c8bdd595af2d2a9bc3025bca48ea2',
      previewFeatures: [Array],
      activeProvider: 'mysql',
      inlineSchema: 'generator client {\n' +
        '  provider        = "prisma-client-js"\n' +
        '  previewFeatures = ["fullTextSearch", "fullTextIndex"]\n' +
        '}\n' +
        '\n' +
        'datasource db {\n' +
        '  provider = "mysql"\n' +
        '  url      = env("DATABASE_URL")\n' +
        '}\n' +
        '\n' +
        'model Attachment {\n' +
        '  id        String   @id @default(uuid())\n' +
        '  name      String\n' +
        '  url       String   @db.Text\n' +
        '  courseId  String\n' +
        '  createdAt DateTime @default(now())\n' +
        '  updatedAt DateTime @updatedAt\n' +
        '  course    Course   @relation(fields: [courseId], references: [id], onDelete: Cascade)\n' +
        '\n' +
        '  @@index([courseId])\n' +
        '}\n' +
        '\n' +
        'model Course {\n' +
        '  id          String    @id @default(uuid())\n' +
        '  userId      String\n' +
        '  title       String    @db.Text\n' +
        '  description String?   @db.Text\n' +
        '  imageUrl    String?   @db.Text\n' +
        '  price       Float?\n' +
        '  isPublished Boolean   @default(false)\n' +
        '  categoryId  String?\n' +
        '  createdAt   DateTime  @default(now())\n' +
        '  updatedAt   DateTime  @updatedAt\n' +
        '  category    Category? @relation(fields: [categoryId], references: [id])\n' +
        '\n' +
        '  attachments Attachment[]\n' +
        '  chapters    Chapter[]\n' +
        '  purchases   Purchase[]\n' +
        '\n' +
        '  @@index([categoryId])\n' +
        '  @@fulltext([title])\n' +
        '}\n' +
        '\n' +
        'model Category {\n' +
        '  id      String   @id @default(uuid())\n' +
        '  name    String   @unique\n' +
        '  courses Course[]\n' +
        '}\n' +
        '\n' +
        'model Chapter {\n' +
        '  id          String  @id @default(uuid())\n' +
        '  title       String\n' +
        '  description String? @db.Text\n' +
        '  videoUrl    String? @db.Text\n' +
        '  position    Int\n' +
        '  isPublished Boolean @default(false)\n' +
        '  isFree      Boolean @default(false)\n' +
        '\n' +
        '  muxData MuxData?\n' +
        '\n' +
        '  courseId String\n' +
        '  course   Course @relation(fields: [courseId], references: [id], onDelete: Cascade)\n' +
        '\n' +
        '  userProgress UserProgress[]\n' +
        '\n' +
        '  createdAt DateTime @default(now())\n' +
        '  updatedAt DateTime @updatedAt\n' +
        '\n' +
        '  @@index([courseId])\n' +
        '}\n' +
        '\n' +
        'model MuxData {\n' +
        '  id         String  @id @default(uuid())\n' +
        '  playbackId String?\n' +
        '  assetId    String\n' +
        '\n' +
        '  chapterId String  @unique\n' +
        '  chapter   Chapter @relation(fields: [chapterId], references: [id], onDelete: Cascade)\n' +
        '}\n' +
        '\n' +
        'model UserProgress {\n' +
        '  id     String @id @default(uuid())\n' +
        '  userId String\n' +
        '\n' +
        '  chapterId String\n' +
        '  chapter   Chapter @relation(fields: [chapterId], references: [id], onDelete: Cascade)\n' +
        '\n' +
        '  isCompleted Boolean @default(false)\n' +
        '\n' +
        '  createdAt DateTime @default(now())\n' +
        '  updatedAt DateTime @updatedAt\n' +
        '\n' +
        '  @@unique([userId, chapterId])\n' +
        '  @@index([chapterId])\n' +
        '}\n' +
        '\n' +
        'model Purchase {\n' +
        '  id     String @id @default(uuid())\n' +
        '  userId String\n' +
        '\n' +
        '  courseId String\n' +
        '  course   Course @relation(fields: [courseId], references: [id], onDelete: Cascade)\n' +
        '\n' +
        '  createdAt DateTime @default(now())\n' +
        '  updatedAt DateTime @updatedAt\n' +
        '\n' +
        '  @@unique([userId, courseId])\n' +
        '  @@index([courseId])\n' +
        '}\n' +
        '\n' +
        'model StripeCustomer {\n' +
        '  id               String @id @default(uuid())\n' +
        '  userId           String @unique\n' +
        '  stripeCustomerId String @unique\n' +
        '\n' +
        '  createdAt DateTime @default(now())\n' +
        '  updatedAt DateTime @updatedAt\n' +
        '}\n',
      overrideDatasources: {},
      inlineDatasources: [Object],
      inlineSchemaHash: '0fe19c0c764e3d996daf363c4a931cec27f01038326be91eb8bc02c4a2e75ca6',
      tracingHelper: [Object],
      transactionOptions: [Object],
      logEmitter: [EventEmitter],
      isBundled: undefined,
      adapter: undefined
    },
    _accelerateEngineConfig: {
      cwd: 'C:\\Users\\D3ll\\Desktop\\lms\\gyan-sagar\\prisma',
      dirname: 'C:\\Users\\D3ll\\Desktop\\lms\\gyan-sagar\\node_modules\\.prisma\\client',
      enableDebugLogs: false,
      allowTriggerPanic: undefined,
      datamodelPath: 'C:\\Users\\D3ll\\Desktop\\lms\\gyan-sagar\\node_modules\\.prisma\\client\\schema.prisma',
      prismaPath: undefined,
      engineEndpoint: undefined,
      generator: [Object],
      showColors: false,
      logLevel: undefined,
      logQueries: undefined,
      env: [Object],
      flags: [],
      engineWasm: undefined,
      clientVersion: '5.22.0',
      engineVersion: '605197351a3c8bdd595af2d2a9bc3025bca48ea2',
      previewFeatures: [Array],
      activeProvider: 'mysql',
      inlineSchema: 'generator client {\n' +
        '  provider        = "prisma-client-js"\n' +
        '  previewFeatures = ["fullTextSearch", "fullTextIndex"]\n' +
        '}\n' +
        '\n' +
        'datasource db {\n' +
        '  provider = "mysql"\n' +
        '  url      = env("DATABASE_URL")\n' +
        '}\n' +
        '\n' +
        'model Attachment {\n' +
        '  id        String   @id @default(uuid())\n' +
        '  name      String\n' +
        '  url       String   @db.Text\n' +
        '  courseId  String\n' +
        '  createdAt DateTime @default(now())\n' +
        '  updatedAt DateTime @updatedAt\n' +
        '  course    Course   @relation(fields: [courseId], references: [id], onDelete: Cascade)\n' +
        '\n' +
        '  @@index([courseId])\n' +
        '}\n' +
        '\n' +
        'model Course {\n' +
        '  id          String    @id @default(uuid())\n' +
        '  userId      String\n' +
        '  title       String    @db.Text\n' +
        '  description String?   @db.Text\n' +
        '  imageUrl    String?   @db.Text\n' +
        '  price       Float?\n' +
        '  isPublished Boolean   @default(false)\n' +
        '  categoryId  String?\n' +
        '  createdAt   DateTime  @default(now())\n' +
        '  updatedAt   DateTime  @updatedAt\n' +
        '  category    Category? @relation(fields: [categoryId], references: [id])\n' +
        '\n' +
        '  attachments Attachment[]\n' +
        '  chapters    Chapter[]\n' +
        '  purchases   Purchase[]\n' +
        '\n' +
        '  @@index([categoryId])\n' +
        '  @@fulltext([title])\n' +
        '}\n' +
        '\n' +
        'model Category {\n' +
        '  id      String   @id @default(uuid())\n' +
        '  name    String   @unique\n' +
        '  courses Course[]\n' +
        '}\n' +
        '\n' +
        'model Chapter {\n' +
        '  id          String  @id @default(uuid())\n' +
        '  title       String\n' +
        '  description String? @db.Text\n' +
        '  videoUrl    String? @db.Text\n' +
        '  position    Int\n' +
        '  isPublished Boolean @default(false)\n' +
        '  isFree      Boolean @default(false)\n' +
        '\n' +
        '  muxData MuxData?\n' +
        '\n' +
        '  courseId String\n' +
        '  course   Course @relation(fields: [courseId], references: [id], onDelete: Cascade)\n' +
        '\n' +
        '  userProgress UserProgress[]\n' +
        '\n' +
        '  createdAt DateTime @default(now())\n' +
        '  updatedAt DateTime @updatedAt\n' +
        '\n' +
        '  @@index([courseId])\n' +
        '}\n' +
        '\n' +
        'model MuxData {\n' +
        '  id         String  @id @default(uuid())\n' +
        '  playbackId String?\n' +
        '  assetId    String\n' +
        '\n' +
        '  chapterId String  @unique\n' +
        '  chapter   Chapter @relation(fields: [chapterId], references: [id], onDelete: Cascade)\n' +
        '}\n' +
        '\n' +
        'model UserProgress {\n' +
        '  id     String @id @default(uuid())\n' +
        '  userId String\n' +
        '\n' +
        '  chapterId String\n' +
        '  chapter   Chapter @relation(fields: [chapterId], references: [id], onDelete: Cascade)\n' +
        '\n' +
        '  isCompleted Boolean @default(false)\n' +
        '\n' +
        '  createdAt DateTime @default(now())\n' +
        '  updatedAt DateTime @updatedAt\n' +
        '\n' +
        '  @@unique([userId, chapterId])\n' +
        '  @@index([chapterId])\n' +
        '}\n' +
        '\n' +
        'model Purchase {\n' +
        '  id     String @id @default(uuid())\n' +
        '  userId String\n' +
        '\n' +
        '  courseId String\n' +
        '  course   Course @relation(fields: [courseId], references: [id], onDelete: Cascade)\n' +
        '\n' +
        '  createdAt DateTime @default(now())\n' +
        '  updatedAt DateTime @updatedAt\n' +
        '\n' +
        '  @@unique([userId, courseId])\n' +
        '  @@index([courseId])\n' +
        '}\n' +
        '\n' +
        'model StripeCustomer {\n' +
        '  id               String @id @default(uuid())\n' +
        '  userId           String @unique\n' +
        '  stripeCustomerId String @unique\n' +
        '\n' +
        '  createdAt DateTime @default(now())\n' +
        '  updatedAt DateTime @updatedAt\n' +
        '}\n',
      overrideDatasources: {},
      inlineDatasources: [Object],
      inlineSchemaHash: '0fe19c0c764e3d996daf363c4a931cec27f01038326be91eb8bc02c4a2e75ca6',
      tracingHelper: [Object],
      transactionOptions: [Object],
      logEmitter: [EventEmitter],
      isBundled: undefined,
      adapter: undefined,
      accelerateUtils: [Object]
    },
    _engine: _r {
      name: 'LibraryEngine',
      libraryLoader: [Object],
      config: [Object],
      libraryStarted: false,
      logQueries: false,
      logLevel: 'error',
      logEmitter: [EventEmitter],
      datamodel: 'generator client {\n' +
        '  provider        = "prisma-client-js"\n' +
        '  previewFeatures = ["fullTextSearch", "fullTextIndex"]\n' +
        '}\n' +
        '\n' +
        'datasource db {\n' +
        '  provider = "mysql"\n' +
        '  url      = env("DATABASE_URL")\n' +
        '}\n' +
        '\n' +
        'model Attachment {\n' +
        '  id        String   @id @default(uuid())\n' +
        '  name      String\n' +
        '  url       String   @db.Text\n' +
        '  courseId  String\n' +
        '  createdAt DateTime @default(now())\n' +
        '  updatedAt DateTime @updatedAt\n' +
        '  course    Course   @relation(fields: [courseId], references: [id], onDelete: Cascade)\n' +
        '\n' +
        '  @@index([courseId])\n' +
        '}\n' +
        '\n' +
        'model Course {\n' +
        '  id          String    @id @default(uuid())\n' +
        '  userId      String\n' +
        '  title       String    @db.Text\n' +
        '  description String?   @db.Text\n' +
        '  imageUrl    String?   @db.Text\n' +
        '  price       Float?\n' +
        '  isPublished Boolean   @default(false)\n' +
        '  categoryId  String?\n' +
        '  createdAt   DateTime  @default(now())\n' +
        '  updatedAt   DateTime  @updatedAt\n' +
        '  category    Category? @relation(fields: [categoryId], references: [id])\n' +
        '\n' +
        '  attachments Attachment[]\n' +
        '  chapters    Chapter[]\n' +
        '  purchases   Purchase[]\n' +
        '\n' +
        '  @@index([categoryId])\n' +
        '  @@fulltext([title])\n' +
        '}\n' +
        '\n' +
        'model Category {\n' +
        '  id      String   @id @default(uuid())\n' +
        '  name    String   @unique\n' +
        '  courses Course[]\n' +
        '}\n' +
        '\n' +
        'model Chapter {\n' +
        '  id          String  @id @default(uuid())\n' +
        '  title       String\n' +
        '  description String? @db.Text\n' +
        '  videoUrl    String? @db.Text\n' +
        '  position    Int\n' +
        '  isPublished Boolean @default(false)\n' +
        '  isFree      Boolean @default(false)\n' +
        '\n' +
        '  muxData MuxData?\n' +
        '\n' +
        '  courseId String\n' +
        '  course   Course @relation(fields: [courseId], references: [id], onDelete: Cascade)\n' +
        '\n' +
        '  userProgress UserProgress[]\n' +
        '\n' +
        '  createdAt DateTime @default(now())\n' +
        '  updatedAt DateTime @updatedAt\n' +
        '\n' +
        '  @@index([courseId])\n' +
        '}\n' +
        '\n' +
        'model MuxData {\n' +
        '  id         String  @id @default(uuid())\n' +
        '  playbackId String?\n' +
        '  assetId    String\n' +
        '\n' +
        '  chapterId String  @unique\n' +
        '  chapter   Chapter @relation(fields: [chapterId], references: [id], onDelete: Cascade)\n' +
        '}\n' +
        '\n' +
        'model UserProgress {\n' +
        '  id     String @id @default(uuid())\n' +
        '  userId String\n' +
        '\n' +
        '  chapterId String\n' +
        '  chapter   Chapter @relation(fields: [chapterId], references: [id], onDelete: Cascade)\n' +
        '\n' +
        '  isCompleted Boolean @default(false)\n' +
        '\n' +
        '  createdAt DateTime @default(now())\n' +
        '  updatedAt DateTime @updatedAt\n' +
        '\n' +
        '  @@unique([userId, chapterId])\n' +
        '  @@index([chapterId])\n' +
        '}\n' +
        '\n' +
        'model Purchase {\n' +
        '  id     String @id @default(uuid())\n' +
        '  userId String\n' +
        '\n' +
        '  courseId String\n' +
        '  course   Course @relation(fields: [courseId], references: [id], onDelete: Cascade)\n' +
        '\n' +
        '  createdAt DateTime @default(now())\n' +
        '  updatedAt DateTime @updatedAt\n' +
        '\n' +
        '  @@unique([userId, courseId])\n' +
        '  @@index([courseId])\n' +
        '}\n' +
        '\n' +
        'model StripeCustomer {\n' +
        '  id               String @id @default(uuid())\n' +
        '  userId           String @unique\n' +
        '  stripeCustomerId String @unique\n' +
        '\n' +
        '  createdAt DateTime @default(now())\n' +
        '  updatedAt DateTime @updatedAt\n' +
        '}\n',
      libraryInstantiationPromise: [Promise],
      binaryTarget: 'windows',
      library: [Object],
      QueryEngineConstructor: [Function: QueryEngine],
      engine: QueryEngine {},
      versionInfo: [Object]
    },
    _requestHandler: <ref *1> $n [RequestHandler] {
      logEmitter: [EventEmitter],
      client: [Object],
      dataloader: [Mn [DataLoader]]
    },
    _metrics: Dt { _engine: [_r] },
    _appliedParent: {
      _originalClient: [Object],
      _middlewares: [Ln],
      _createPrismaPromise: [Function (anonymous)],
      '$extends': [Function: Ia],
      _extensions: [e],
      _previewFeatures: [Array],
      _clientVersion: '5.22.0',
      _activeProvider: 'mysql',
      _globalOmit: undefined,
      _tracingHelper: [Object],
      _errorFormat: 'minimal',
      _runtimeDataModel: [Object],
      _engineConfig: [Object],
      _accelerateEngineConfig: [Object],
      _engine: [_r],
      _requestHandler: [$n [RequestHandler]],
      _metrics: [Dt],
      _appliedParent: [Object],
      attachment: [Object],
      course: [Object],
      category: [Object],
      chapter: [Object],
      muxData: [Object],
      userProgress: [Object],
      purchase: [Object],
      stripeCustomer: [Object],
      '$parent': [Object],
      Symbol(): [Object]
    },
    attachment: {
      findUnique: [Function (anonymous)],
      findUniqueOrThrow: [Function (anonymous)],
      findFirst: [Function (anonymous)],
      findFirstOrThrow: [Function (anonymous)],
      findMany: [Function (anonymous)],
      create: [Function (anonymous)],
      createMany: [Function (anonymous)],
      createManyAndReturn: [Function (anonymous)],
      update: [Function (anonymous)],
      updateMany: [Function (anonymous)],
      upsert: [Function (anonymous)],
      delete: [Function (anonymous)],
      deleteMany: [Function (anonymous)],
      groupBy: [Function (anonymous)],
      count: [Function (anonymous)],
      aggregate: [Function (anonymous)],
      findRaw: [Function (anonymous)],
      aggregateRaw: [Function (anonymous)],
      fields: {},
      name: 'Attachment',
      '$name': 'Attachment',
      '$parent': [Object]
    },
    course: {
      findUnique: [Function (anonymous)],
      findUniqueOrThrow: [Function (anonymous)],
      findFirst: [Function (anonymous)],
      findFirstOrThrow: [Function (anonymous)],
      findMany: [Function (anonymous)],
      create: [Function (anonymous)],
      createMany: [Function (anonymous)],
      createManyAndReturn: [Function (anonymous)],
      update: [Function (anonymous)],
      updateMany: [Function (anonymous)],
      upsert: [Function (anonymous)],
      delete: [Function (anonymous)],
      deleteMany: [Function (anonymous)],
      groupBy: [Function (anonymous)],
      count: [Function (anonymous)],
      aggregate: [Function (anonymous)],
      findRaw: [Function (anonymous)],
      aggregateRaw: [Function (anonymous)],
      fields: {},
      name: 'Course',
      '$name': 'Course',
      '$parent': [Object]
    },
    category: {
      findUnique: [Function (anonymous)],
      findUniqueOrThrow: [Function (anonymous)],
      findFirst: [Function (anonymous)],
      findFirstOrThrow: [Function (anonymous)],
      findMany: [Function (anonymous)],
      create: [Function (anonymous)],
      createMany: [Function (anonymous)],
      createManyAndReturn: [Function (anonymous)],
      update: [Function (anonymous)],
      updateMany: [Function (anonymous)],
      upsert: [Function (anonymous)],
      delete: [Function (anonymous)],
      deleteMany: [Function (anonymous)],
      groupBy: [Function (anonymous)],
      count: [Function (anonymous)],
      aggregate: [Function (anonymous)],
      findRaw: [Function (anonymous)],
      aggregateRaw: [Function (anonymous)],
      fields: {},
      name: 'Category',
      '$name': 'Category',
      '$parent': [Object]
    },
    chapter: {
      findUnique: [Function (anonymous)],
      findUniqueOrThrow: [Function (anonymous)],
      findFirst: [Function (anonymous)],
      findFirstOrThrow: [Function (anonymous)],
      findMany: [Function (anonymous)],
      create: [Function (anonymous)],
      createMany: [Function (anonymous)],
      createManyAndReturn: [Function (anonymous)],
      update: [Function (anonymous)],
      updateMany: [Function (anonymous)],
      upsert: [Function (anonymous)],
      delete: [Function (anonymous)],
      deleteMany: [Function (anonymous)],
      groupBy: [Function (anonymous)],
      count: [Function (anonymous)],
      aggregate: [Function (anonymous)],
      findRaw: [Function (anonymous)],
      aggregateRaw: [Function (anonymous)],
      fields: {},
      name: 'Chapter',
      '$name': 'Chapter',
      '$parent': [Object]
    },
    muxData: {
      findUnique: [Function (anonymous)],
      findUniqueOrThrow: [Function (anonymous)],
      findFirst: [Function (anonymous)],
      findFirstOrThrow: [Function (anonymous)],
      findMany: [Function (anonymous)],
      create: [Function (anonymous)],
      createMany: [Function (anonymous)],
      createManyAndReturn: [Function (anonymous)],
      update: [Function (anonymous)],
      updateMany: [Function (anonymous)],
      upsert: [Function (anonymous)],
      delete: [Function (anonymous)],
      deleteMany: [Function (anonymous)],
      groupBy: [Function (anonymous)],
      count: [Function (anonymous)],
      aggregate: [Function (anonymous)],
      findRaw: [Function (anonymous)],
      aggregateRaw: [Function (anonymous)],
      fields: {},
      name: 'MuxData',
      '$name': 'MuxData',
      '$parent': [Object]
    },
    userProgress: {
      findUnique: [Function (anonymous)],
      findUniqueOrThrow: [Function (anonymous)],
      findFirst: [Function (anonymous)],
      findFirstOrThrow: [Function (anonymous)],
      findMany: [Function (anonymous)],
      create: [Function (anonymous)],
      createMany: [Function (anonymous)],
      createManyAndReturn: [Function (anonymous)],
      update: [Function (anonymous)],
      updateMany: [Function (anonymous)],
      upsert: [Function (anonymous)],
      delete: [Function (anonymous)],
      deleteMany: [Function (anonymous)],
      groupBy: [Function (anonymous)],
      count: [Function (anonymous)],
      aggregate: [Function (anonymous)],
      findRaw: [Function (anonymous)],
      aggregateRaw: [Function (anonymous)],
      fields: {},
      name: 'UserProgress',
      '$name': 'UserProgress',
      '$parent': [Object]
    },
    purchase: {
      findUnique: [Function (anonymous)],
      findUniqueOrThrow: [Function (anonymous)],
      findFirst: [Function (anonymous)],
      findFirstOrThrow: [Function (anonymous)],
      findMany: [Function (anonymous)],
      create: [Function (anonymous)],
      createMany: [Function (anonymous)],
      createManyAndReturn: [Function (anonymous)],
      update: [Function (anonymous)],
      updateMany: [Function (anonymous)],
      upsert: [Function (anonymous)],
      delete: [Function (anonymous)],
      deleteMany: [Function (anonymous)],
      groupBy: [Function (anonymous)],
      count: [Function (anonymous)],
      aggregate: [Function (anonymous)],
      findRaw: [Function (anonymous)],
      aggregateRaw: [Function (anonymous)],
      fields: {},
      name: 'Purchase',
      '$name': 'Purchase',
      '$parent': [Object]
    },
    stripeCustomer: {
      findUnique: [Function (anonymous)],
      findUniqueOrThrow: [Function (anonymous)],
      findFirst: [Function (anonymous)],
      findFirstOrThrow: [Function (anonymous)],
      findMany: [Function (anonymous)],
      create: [Function (anonymous)],
      createMany: [Function (anonymous)],
      createManyAndReturn: [Function (anonymous)],
      update: [Function (anonymous)],
      updateMany: [Function (anonymous)],
      upsert: [Function (anonymous)],
      delete: [Function (anonymous)],
      deleteMany: [Function (anonymous)],
      groupBy: [Function (anonymous)],
      count: [Function (anonymous)],
      aggregate: [Function (anonymous)],
      findRaw: [Function (anonymous)],
      aggregateRaw: [Function (anonymous)],
      fields: {},
      name: 'StripeCustomer',
      '$name': 'StripeCustomer',
      '$parent': [Object]
    },
    '$parent': {
      _originalClient: [Object],
      _middlewares: [Ln],
      _createPrismaPromise: [Function (anonymous)],
      '$extends': [Function: Ia],
      _extensions: [e],
      _previewFeatures: [Array],
      _clientVersion: '5.22.0',
      _activeProvider: 'mysql',
      _globalOmit: undefined,
      _tracingHelper: [Object],
      _errorFormat: 'minimal',
      _runtimeDataModel: [Object],
      _engineConfig: [Object],
      _accelerateEngineConfig: [Object],
      _engine: [_r],
      _requestHandler: [$n [RequestHandler]],
      _metrics: [Dt],
      _appliedParent: [Object],
      attachment: [Object],
      course: [Object],
      category: [Object],
      chapter: [Object],
      muxData: [Object],
      userProgress: [Object],
      purchase: [Object],
      stripeCustomer: [Object],
      '$parent': [Object],
      Symbol(): [Object]
    },
    Symbol(): {
      _originalClient: [Object],
      _middlewares: [Ln],
      _createPrismaPromise: [Function (anonymous)],
      '$extends': [Function: Ia],
      _extensions: [e],
      _previewFeatures: [Array],
      _clientVersion: '5.22.0',
      _activeProvider: 'mysql',
      _globalOmit: undefined,
      _tracingHelper: [Object],
      _errorFormat: 'minimal',
      _runtimeDataModel: [Object],
      _engineConfig: [Object],
      _accelerateEngineConfig: [Object],
      _engine: [_r],
      _requestHandler: [$n [RequestHandler]],
      _metrics: [Dt],
      _appliedParent: [Object]
    }
  },
  Symbol(): {
    _originalClient: {
      _originalClient: [Object],
      _middlewares: [Ln],
      _createPrismaPromise: [Function (anonymous)],
      '$extends': [Function: Ia],
      _extensions: [e],
      _previewFeatures: [Array],
      _clientVersion: '5.22.0',
      _activeProvider: 'mysql',
      _globalOmit: undefined,
      _tracingHelper: [Object],
      _errorFormat: 'minimal',
      _runtimeDataModel: [Object],
      _engineConfig: [Object],
      _accelerateEngineConfig: [Object],
      _engine: [_r],
      _requestHandler: [$n [RequestHandler]],
      _metrics: [Dt],
      _appliedParent: [Object]
    },
    _middlewares: Ln { _middlewares: [] },
    _createPrismaPromise: [Function (anonymous)],
    '$extends': [Function: Ia],
    _extensions: e { head: undefined },
    _previewFeatures: [ 'fullTextIndex', 'fullTextSearch' ],
    _clientVersion: '5.22.0',
    _activeProvider: 'mysql',
    _globalOmit: undefined,
    _tracingHelper: {
      isEnabled: [Function: isEnabled],
      getTraceParent: [Function: getTraceParent],
      createEngineSpan: [AsyncFunction: createEngineSpan],
      getActiveContext: [Function: getActiveContext],
      runInChildSpan: [Function: runInChildSpan]
    },
    _errorFormat: 'minimal',
    _runtimeDataModel: { models: [Object], enums: {}, types: {} },
    _engineConfig: {
      cwd: 'C:\\Users\\D3ll\\Desktop\\lms\\gyan-sagar\\prisma',
      dirname: 'C:\\Users\\D3ll\\Desktop\\lms\\gyan-sagar\\node_modules\\.prisma\\client',
      enableDebugLogs: false,
      allowTriggerPanic: undefined,
      datamodelPath: 'C:\\Users\\D3ll\\Desktop\\lms\\gyan-sagar\\node_modules\\.prisma\\client\\schema.prisma',
      prismaPath: 'C:\\Users\\D3ll\\Desktop\\lms\\gyan-sagar\\node_modules\\.prisma\\client\\query_engine-windows.dll.node',
      engineEndpoint: undefined,
      generator: [Object],
      showColors: false,
      logLevel: undefined,
      logQueries: undefined,
      env: [Object],
      flags: [],
      engineWasm: undefined,
      clientVersion: '5.22.0',
      engineVersion: '605197351a3c8bdd595af2d2a9bc3025bca48ea2',
      previewFeatures: [Array],
      activeProvider: 'mysql',
      inlineSchema: 'generator client {\n' +
        '  provider        = "prisma-client-js"\n' +
        '  previewFeatures = ["fullTextSearch", "fullTextIndex"]\n' +
        '}\n' +
        '\n' +
        'datasource db {\n' +
        '  provider = "mysql"\n' +
        '  url      = env("DATABASE_URL")\n' +
        '}\n' +
        '\n' +
        'model Attachment {\n' +
        '  id        String   @id @default(uuid())\n' +
        '  name      String\n' +
        '  url       String   @db.Text\n' +
        '  courseId  String\n' +
        '  createdAt DateTime @default(now())\n' +
        '  updatedAt DateTime @updatedAt\n' +
        '  course    Course   @relation(fields: [courseId], references: [id], onDelete: Cascade)\n' +
        '\n' +
        '  @@index([courseId])\n' +
        '}\n' +
        '\n' +
        'model Course {\n' +
        '  id          String    @id @default(uuid())\n' +
        '  userId      String\n' +
        '  title       String    @db.Text\n' +
        '  description String?   @db.Text\n' +
        '  imageUrl    String?   @db.Text\n' +
        '  price       Float?\n' +
        '  isPublished Boolean   @default(false)\n' +
        '  categoryId  String?\n' +
        '  createdAt   DateTime  @default(now())\n' +
        '  updatedAt   DateTime  @updatedAt\n' +
        '  category    Category? @relation(fields: [categoryId], references: [id])\n' +
        '\n' +
        '  attachments Attachment[]\n' +
        '  chapters    Chapter[]\n' +
        '  purchases   Purchase[]\n' +
        '\n' +
        '  @@index([categoryId])\n' +
        '  @@fulltext([title])\n' +
        '}\n' +
        '\n' +
        'model Category {\n' +
        '  id      String   @id @default(uuid())\n' +
        '  name    String   @unique\n' +
        '  courses Course[]\n' +
        '}\n' +
        '\n' +
        'model Chapter {\n' +
        '  id          String  @id @default(uuid())\n' +
        '  title       String\n' +
        '  description String? @db.Text\n' +
        '  videoUrl    String? @db.Text\n' +
        '  position    Int\n' +
        '  isPublished Boolean @default(false)\n' +
        '  isFree      Boolean @default(false)\n' +
        '\n' +
        '  muxData MuxData?\n' +
        '\n' +
        '  courseId String\n' +
        '  course   Course @relation(fields: [courseId], references: [id], onDelete: Cascade)\n' +
        '\n' +
        '  userProgress UserProgress[]\n' +
        '\n' +
        '  createdAt DateTime @default(now())\n' +
        '  updatedAt DateTime @updatedAt\n' +
        '\n' +
        '  @@index([courseId])\n' +
        '}\n' +
        '\n' +
        'model MuxData {\n' +
        '  id         String  @id @default(uuid())\n' +
        '  playbackId String?\n' +
        '  assetId    String\n' +
        '\n' +
        '  chapterId String  @unique\n' +
        '  chapter   Chapter @relation(fields: [chapterId], references: [id], onDelete: Cascade)\n' +
        '}\n' +
        '\n' +
        'model UserProgress {\n' +
        '  id     String @id @default(uuid())\n' +
        '  userId String\n' +
        '\n' +
        '  chapterId String\n' +
        '  chapter   Chapter @relation(fields: [chapterId], references: [id], onDelete: Cascade)\n' +
        '\n' +
        '  isCompleted Boolean @default(false)\n' +
        '\n' +
        '  createdAt DateTime @default(now())\n' +
        '  updatedAt DateTime @updatedAt\n' +
        '\n' +
        '  @@unique([userId, chapterId])\n' +
        '  @@index([chapterId])\n' +
        '}\n' +
        '\n' +
        'model Purchase {\n' +
        '  id     String @id @default(uuid())\n' +
        '  userId String\n' +
        '\n' +
        '  courseId String\n' +
        '  course   Course @relation(fields: [courseId], references: [id], onDelete: Cascade)\n' +
        '\n' +
        '  createdAt DateTime @default(now())\n' +
        '  updatedAt DateTime @updatedAt\n' +
        '\n' +
        '  @@unique([userId, courseId])\n' +
        '  @@index([courseId])\n' +
        '}\n' +
        '\n' +
        'model StripeCustomer {\n' +
        '  id               String @id @default(uuid())\n' +
        '  userId           String @unique\n' +
        '  stripeCustomerId String @unique\n' +
        '\n' +
        '  createdAt DateTime @default(now())\n' +
        '  updatedAt DateTime @updatedAt\n' +
        '}\n',
      overrideDatasources: {},
      inlineDatasources: [Object],
      inlineSchemaHash: '0fe19c0c764e3d996daf363c4a931cec27f01038326be91eb8bc02c4a2e75ca6',
      tracingHelper: [Object],
      transactionOptions: [Object],
      logEmitter: [EventEmitter],
      isBundled: undefined,
      adapter: undefined
    },
    _accelerateEngineConfig: {
      cwd: 'C:\\Users\\D3ll\\Desktop\\lms\\gyan-sagar\\prisma',
      dirname: 'C:\\Users\\D3ll\\Desktop\\lms\\gyan-sagar\\node_modules\\.prisma\\client',
      enableDebugLogs: false,
      allowTriggerPanic: undefined,
      datamodelPath: 'C:\\Users\\D3ll\\Desktop\\lms\\gyan-sagar\\node_modules\\.prisma\\client\\schema.prisma',
      prismaPath: undefined,
      engineEndpoint: undefined,
      generator: [Object],
      showColors: false,
      logLevel: undefined,
      logQueries: undefined,
      env: [Object],
      flags: [],
      engineWasm: undefined,
      clientVersion: '5.22.0',
      engineVersion: '605197351a3c8bdd595af2d2a9bc3025bca48ea2',
      previewFeatures: [Array],
      activeProvider: 'mysql',
      inlineSchema: 'generator client {\n' +
        '  provider        = "prisma-client-js"\n' +
        '  previewFeatures = ["fullTextSearch", "fullTextIndex"]\n' +
        '}\n' +
        '\n' +
        'datasource db {\n' +
        '  provider = "mysql"\n' +
        '  url      = env("DATABASE_URL")\n' +
        '}\n' +
        '\n' +
        'model Attachment {\n' +
        '  id        String   @id @default(uuid())\n' +
        '  name      String\n' +
        '  url       String   @db.Text\n' +
        '  courseId  String\n' +
        '  createdAt DateTime @default(now())\n' +
        '  updatedAt DateTime @updatedAt\n' +
        '  course    Course   @relation(fields: [courseId], references: [id], onDelete: Cascade)\n' +
        '\n' +
        '  @@index([courseId])\n' +
        '}\n' +
        '\n' +
        'model Course {\n' +
        '  id          String    @id @default(uuid())\n' +
        '  userId      String\n' +
        '  title       String    @db.Text\n' +
        '  description String?   @db.Text\n' +
        '  imageUrl    String?   @db.Text\n' +
        '  price       Float?\n' +
        '  isPublished Boolean   @default(false)\n' +
        '  categoryId  String?\n' +
        '  createdAt   DateTime  @default(now())\n' +
        '  updatedAt   DateTime  @updatedAt\n' +
        '  category    Category? @relation(fields: [categoryId], references: [id])\n' +
        '\n' +
        '  attachments Attachment[]\n' +
        '  chapters    Chapter[]\n' +
        '  purchases   Purchase[]\n' +
        '\n' +
        '  @@index([categoryId])\n' +
        '  @@fulltext([title])\n' +
        '}\n' +
        '\n' +
        'model Category {\n' +
        '  id      String   @id @default(uuid())\n' +
        '  name    String   @unique\n' +
        '  courses Course[]\n' +
        '}\n' +
        '\n' +
        'model Chapter {\n' +
        '  id          String  @id @default(uuid())\n' +
        '  title       String\n' +
        '  description String? @db.Text\n' +
        '  videoUrl    String? @db.Text\n' +
        '  position    Int\n' +
        '  isPublished Boolean @default(false)\n' +
        '  isFree      Boolean @default(false)\n' +
        '\n' +
        '  muxData MuxData?\n' +
        '\n' +
        '  courseId String\n' +
        '  course   Course @relation(fields: [courseId], references: [id], onDelete: Cascade)\n' +
        '\n' +
        '  userProgress UserProgress[]\n' +
        '\n' +
        '  createdAt DateTime @default(now())\n' +
        '  updatedAt DateTime @updatedAt\n' +
        '\n' +
        '  @@index([courseId])\n' +
        '}\n' +
        '\n' +
        'model MuxData {\n' +
        '  id         String  @id @default(uuid())\n' +
        '  playbackId String?\n' +
        '  assetId    String\n' +
        '\n' +
        '  chapterId String  @unique\n' +
        '  chapter   Chapter @relation(fields: [chapterId], references: [id], onDelete: Cascade)\n' +
        '}\n' +
        '\n' +
        'model UserProgress {\n' +
        '  id     String @id @default(uuid())\n' +
        '  userId String\n' +
        '\n' +
        '  chapterId String\n' +
        '  chapter   Chapter @relation(fields: [chapterId], references: [id], onDelete: Cascade)\n' +
        '\n' +
        '  isCompleted Boolean @default(false)\n' +
        '\n' +
        '  createdAt DateTime @default(now())\n' +
        '  updatedAt DateTime @updatedAt\n' +
        '\n' +
        '  @@unique([userId, chapterId])\n' +
        '  @@index([chapterId])\n' +
        '}\n' +
        '\n' +
        'model Purchase {\n' +
        '  id     String @id @default(uuid())\n' +
        '  userId String\n' +
        '\n' +
        '  courseId String\n' +
        '  course   Course @relation(fields: [courseId], references: [id], onDelete: Cascade)\n' +
        '\n' +
        '  createdAt DateTime @default(now())\n' +
        '  updatedAt DateTime @updatedAt\n' +
        '\n' +
        '  @@unique([userId, courseId])\n' +
        '  @@index([courseId])\n' +
        '}\n' +
        '\n' +
        'model StripeCustomer {\n' +
        '  id               String @id @default(uuid())\n' +
        '  userId           String @unique\n' +
        '  stripeCustomerId String @unique\n' +
        '\n' +
        '  createdAt DateTime @default(now())\n' +
        '  updatedAt DateTime @updatedAt\n' +
        '}\n',
      overrideDatasources: {},
      inlineDatasources: [Object],
      inlineSchemaHash: '0fe19c0c764e3d996daf363c4a931cec27f01038326be91eb8bc02c4a2e75ca6',
      tracingHelper: [Object],
      transactionOptions: [Object],
      logEmitter: [EventEmitter],
      isBundled: undefined,
      adapter: undefined,
      accelerateUtils: [Object]
    },
    _engine: _r {
      name: 'LibraryEngine',
      libraryLoader: [Object],
      config: [Object],
      libraryStarted: false,
      logQueries: false,
      logLevel: 'error',
      logEmitter: [EventEmitter],
      datamodel: 'generator client {\n' +
        '  provider        = "prisma-client-js"\n' +
        '  previewFeatures = ["fullTextSearch", "fullTextIndex"]\n' +
        '}\n' +
        '\n' +
        'datasource db {\n' +
        '  provider = "mysql"\n' +
        '  url      = env("DATABASE_URL")\n' +
        '}\n' +
        '\n' +
        'model Attachment {\n' +
        '  id        String   @id @default(uuid())\n' +
        '  name      String\n' +
        '  url       String   @db.Text\n' +
        '  courseId  String\n' +
        '  createdAt DateTime @default(now())\n' +
        '  updatedAt DateTime @updatedAt\n' +
        '  course    Course   @relation(fields: [courseId], references: [id], onDelete: Cascade)\n' +
        '\n' +
        '  @@index([courseId])\n' +
        '}\n' +
        '\n' +
        'model Course {\n' +
        '  id          String    @id @default(uuid())\n' +
        '  userId      String\n' +
        '  title       String    @db.Text\n' +
        '  description String?   @db.Text\n' +
        '  imageUrl    String?   @db.Text\n' +
        '  price       Float?\n' +
        '  isPublished Boolean   @default(false)\n' +
        '  categoryId  String?\n' +
        '  createdAt   DateTime  @default(now())\n' +
        '  updatedAt   DateTime  @updatedAt\n' +
        '  category    Category? @relation(fields: [categoryId], references: [id])\n' +
        '\n' +
        '  attachments Attachment[]\n' +
        '  chapters    Chapter[]\n' +
        '  purchases   Purchase[]\n' +
        '\n' +
        '  @@index([categoryId])\n' +
        '  @@fulltext([title])\n' +
        '}\n' +
        '\n' +
        'model Category {\n' +
        '  id      String   @id @default(uuid())\n' +
        '  name    String   @unique\n' +
        '  courses Course[]\n' +
        '}\n' +
        '\n' +
        'model Chapter {\n' +
        '  id          String  @id @default(uuid())\n' +
        '  title       String\n' +
        '  description String? @db.Text\n' +
        '  videoUrl    String? @db.Text\n' +
        '  position    Int\n' +
        '  isPublished Boolean @default(false)\n' +
        '  isFree      Boolean @default(false)\n' +
        '\n' +
        '  muxData MuxData?\n' +
        '\n' +
        '  courseId String\n' +
        '  course   Course @relation(fields: [courseId], references: [id], onDelete: Cascade)\n' +
        '\n' +
        '  userProgress UserProgress[]\n' +
        '\n' +
        '  createdAt DateTime @default(now())\n' +
        '  updatedAt DateTime @updatedAt\n' +
        '\n' +
        '  @@index([courseId])\n' +
        '}\n' +
        '\n' +
        'model MuxData {\n' +
        '  id         String  @id @default(uuid())\n' +
        '  playbackId String?\n' +
        '  assetId    String\n' +
        '\n' +
        '  chapterId String  @unique\n' +
        '  chapter   Chapter @relation(fields: [chapterId], references: [id], onDelete: Cascade)\n' +
        '}\n' +
        '\n' +
        'model UserProgress {\n' +
        '  id     String @id @default(uuid())\n' +
        '  userId String\n' +
        '\n' +
        '  chapterId String\n' +
        '  chapter   Chapter @relation(fields: [chapterId], references: [id], onDelete: Cascade)\n' +
        '\n' +
        '  isCompleted Boolean @default(false)\n' +
        '\n' +
        '  createdAt DateTime @default(now())\n' +
        '  updatedAt DateTime @updatedAt\n' +
        '\n' +
        '  @@unique([userId, chapterId])\n' +
        '  @@index([chapterId])\n' +
        '}\n' +
        '\n' +
        'model Purchase {\n' +
        '  id     String @id @default(uuid())\n' +
        '  userId String\n' +
        '\n' +
        '  courseId String\n' +
        '  course   Course @relation(fields: [courseId], references: [id], onDelete: Cascade)\n' +
        '\n' +
        '  createdAt DateTime @default(now())\n' +
        '  updatedAt DateTime @updatedAt\n' +
        '\n' +
        '  @@unique([userId, courseId])\n' +
        '  @@index([courseId])\n' +
        '}\n' +
        '\n' +
        'model StripeCustomer {\n' +
        '  id               String @id @default(uuid())\n' +
        '  userId           String @unique\n' +
        '  stripeCustomerId String @unique\n' +
        '\n' +
        '  createdAt DateTime @default(now())\n' +
        '  updatedAt DateTime @updatedAt\n' +
        '}\n',
      libraryInstantiationPromise: [Promise],
      binaryTarget: 'windows',
      library: [Object],
      QueryEngineConstructor: [Function: QueryEngine],
      engine: QueryEngine {},
      versionInfo: [Object]
    },
    _requestHandler: <ref *1> $n [RequestHandler] {
      logEmitter: [EventEmitter],
      client: [Object],
      dataloader: [Mn [DataLoader]]
    },
    _metrics: Dt { _engine: [_r] },
    _appliedParent: {
      _originalClient: [Object],
      _middlewares: [Ln],
      _createPrismaPromise: [Function (anonymous)],
      '$extends': [Function: Ia],
      _extensions: [e],
      _previewFeatures: [Array],
      _clientVersion: '5.22.0',
      _activeProvider: 'mysql',
      _globalOmit: undefined,
      _tracingHelper: [Object],
      _errorFormat: 'minimal',
      _runtimeDataModel: [Object],
      _engineConfig: [Object],
      _accelerateEngineConfig: [Object],
      _engine: [_r],
      _requestHandler: [$n [RequestHandler]],
      _metrics: [Dt],
      _appliedParent: [Object],
      attachment: [Object],
      course: [Object],
      category: [Object],
      chapter: [Object],
      muxData: [Object],
      userProgress: [Object],
      purchase: [Object],
      stripeCustomer: [Object],
      '$parent': [Object],
      Symbol(): [Object]
    }
  }
}
   Generating static pages (3/12) 
 Γ¿» useSearchParams() 
should be wrapped in a 
suspense boundary at 
page "/search". Read 
more: https://nextjs.or
g/docs/messages/missing
-suspense-with-csr-bail
out
    at g (C:\Users\D3ll
\Desktop\lms\gyan-sagar
\.next\server\chunks\60
43.js:25:77978)
    at m (C:\Users\D3ll
\Desktop\lms\gyan-sagar
\.next\server\chunks\60
43.js:227:64903)
    at j (C:\Users\D3ll
\Desktop\lms\gyan-sagar
\.next\server\chunks\60
0.js:1:10442)
    at n3 (C:\Users\D3l
l\Desktop\lms\gyan-saga
r\node_modules\next\dis
t\compiled\next-server\
app-page.runtime.prod.j
s:2:82831)
    at n6 (C:\Users\D3l
l\Desktop\lms\gyan-saga
r\node_modules\next\dis
t\compiled\next-server\
app-page.runtime.prod.j
s:2:84601)
    at n5 (C:\Users\D3l
l\Desktop\lms\gyan-saga
r\node_modules\next\dis
t\compiled\next-server\
app-page.runtime.prod.j
s:2:104801)
    at n7 (C:\Users\D3l
l\Desktop\lms\gyan-saga
r\node_modules\next\dis
t\compiled\next-server\
app-page.runtime.prod.j
s:2:102219)
    at ia (C:\Users\D3l
l\Desktop\lms\gyan-saga
r\node_modules\next\dis
t\compiled\next-server\
app-page.runtime.prod.j
s:2:108211)
    at n6 (C:\Users\D3l
l\Desktop\lms\gyan-saga
r\node_modules\next\dis
t\compiled\next-server\
app-page.runtime.prod.j
s:2:97035)
    at n5 (C:\Users\D3l
l\Desktop\lms\gyan-saga
r\node_modules\next\dis
t\compiled\next-server\
app-page.runtime.prod.j
s:2:104801)
Error occurred 
prerendering page 
"/search". Read more: h
ttps://nextjs.org/docs/
messages/prerender-erro
r
Export encountered an 
error on /(dashboard)/(
routes)/search/page: 
/search, exiting the 
build.
 Γ¿» Next.js build 
worker exited with 
code: 1 and signal: 
null
